Archive member included to satisfy reference by file (symbol)

/usr/lib/gcc/avr/7.3.0/avr5/libgcc.a(_exit.o)
                              /usr/lib/gcc/avr/7.3.0/../../../avr/lib/avr5/crtatmega328p.o (exit)
/usr/lib/gcc/avr/7.3.0/avr5/libgcc.a(_copy_data.o)
                              demo.o (__do_copy_data)
/usr/lib/gcc/avr/7.3.0/avr5/libgcc.a(_clear_bss.o)
                              demo.o (__do_clear_bss)
/usr/lib/gcc/avr/7.3.0/../../../avr/lib/avr5/libc.a(strtoul.o)
                              demo.o (strtoul)
/usr/lib/gcc/avr/7.3.0/../../../avr/lib/avr5/libc.a(isspace.o)
                              /usr/lib/gcc/avr/7.3.0/../../../avr/lib/avr5/libc.a(strtoul.o) (isspace)
/usr/lib/gcc/avr/7.3.0/../../../avr/lib/avr5/libc.a(errno.o)
                              /usr/lib/gcc/avr/7.3.0/../../../avr/lib/avr5/libc.a(strtoul.o) (errno)
/usr/lib/gcc/avr/7.3.0/../../../avr/lib/avr5/libc.a(cty_isfalse.o)
                              /usr/lib/gcc/avr/7.3.0/../../../avr/lib/avr5/libc.a(isspace.o) (__ctype_isfalse)
/usr/lib/gcc/avr/7.3.0/avr5/libgcc.a(_mulsi3.o)
                              /usr/lib/gcc/avr/7.3.0/../../../avr/lib/avr5/libc.a(strtoul.o) (__mulsi3)
/usr/lib/gcc/avr/7.3.0/avr5/libgcc.a(_udivmodsi4.o)
                              /usr/lib/gcc/avr/7.3.0/../../../avr/lib/avr5/libc.a(strtoul.o) (__udivmodsi4)
/usr/lib/gcc/avr/7.3.0/avr5/libgcc.a(_muluhisi3.o)
                              /usr/lib/gcc/avr/7.3.0/avr5/libgcc.a(_mulsi3.o) (__muluhisi3)
/usr/lib/gcc/avr/7.3.0/avr5/libgcc.a(_prologue.o)
                              /usr/lib/gcc/avr/7.3.0/../../../avr/lib/avr5/libc.a(strtoul.o) (__prologue_saves__)
/usr/lib/gcc/avr/7.3.0/avr5/libgcc.a(_epilogue.o)
                              /usr/lib/gcc/avr/7.3.0/../../../avr/lib/avr5/libc.a(strtoul.o) (__epilogue_restores__)
/usr/lib/gcc/avr/7.3.0/avr5/libgcc.a(_umulhisi3.o)
                              /usr/lib/gcc/avr/7.3.0/avr5/libgcc.a(_muluhisi3.o) (__umulhisi3)

Allocating common symbols
Common symbol       size              file

uart_tx_buff_head   0x1               demo.o
uart_tx_buff        0x32              demo.o
errno               0x2               /usr/lib/gcc/avr/7.3.0/../../../avr/lib/avr5/libc.a(errno.o)
uart_tx_buff_tail   0x1               demo.o
uart_rx_buff_tail   0x1               demo.o
uart_rx_buff_head   0x1               demo.o
c                   0x1               demo.o
led_brightness      0x1               demo.o
overflows           0x2               demo.o
newline             0x1               demo.o
millis_fract        0x1               demo.o
uart_rx_string      0x19              demo.o
uart_rx_buff        0x32              demo.o
millis_val          0x2               demo.o
micros_val          0x2               demo.o
intflags            0x1               demo.o

Memory Configuration

Name             Origin             Length             Attributes
text             0x0000000000000000 0x0000000000008000 xr
data             0x0000000000800100 0x0000000000000800 rw !x
eeprom           0x0000000000810000 0x0000000000000400 rw !x
fuse             0x0000000000820000 0x0000000000000003 rw !x
lock             0x0000000000830000 0x0000000000000400 rw !x
signature        0x0000000000840000 0x0000000000000400 rw !x
user_signatures  0x0000000000850000 0x0000000000000400 rw !x
*default*        0x0000000000000000 0xffffffffffffffff

Linker script and memory map

Address of section .data set to 0x800100
LOAD /usr/lib/gcc/avr/7.3.0/../../../avr/lib/avr5/crtatmega328p.o
LOAD demo.o
START GROUP
LOAD /usr/lib/gcc/avr/7.3.0/avr5/libgcc.a
LOAD /usr/lib/gcc/avr/7.3.0/../../../avr/lib/avr5/libm.a
LOAD /usr/lib/gcc/avr/7.3.0/../../../avr/lib/avr5/libc.a
LOAD /usr/lib/gcc/avr/7.3.0/../../../avr/lib/avr5/libatmega328p.a
END GROUP
                0x0000000000000000                __TEXT_REGION_ORIGIN__ = DEFINED (__TEXT_REGION_ORIGIN__)?__TEXT_REGION_ORIGIN__:0x0
                [0x0000000000800100]                __DATA_REGION_ORIGIN__ = DEFINED (__DATA_REGION_ORIGIN__)?__DATA_REGION_ORIGIN__:0x800060
                [0x0000000000008000]                __TEXT_REGION_LENGTH__ = DEFINED (__TEXT_REGION_LENGTH__)?__TEXT_REGION_LENGTH__:0x20000
                [0x0000000000000800]                __DATA_REGION_LENGTH__ = DEFINED (__DATA_REGION_LENGTH__)?__DATA_REGION_LENGTH__:0xffa0
                [0x0000000000000400]                __EEPROM_REGION_LENGTH__ = DEFINED (__EEPROM_REGION_LENGTH__)?__EEPROM_REGION_LENGTH__:0x10000
                [0x0000000000000003]                __FUSE_REGION_LENGTH__ = DEFINED (__FUSE_REGION_LENGTH__)?__FUSE_REGION_LENGTH__:0x400
                0x0000000000000400                __LOCK_REGION_LENGTH__ = DEFINED (__LOCK_REGION_LENGTH__)?__LOCK_REGION_LENGTH__:0x400
                0x0000000000000400                __SIGNATURE_REGION_LENGTH__ = DEFINED (__SIGNATURE_REGION_LENGTH__)?__SIGNATURE_REGION_LENGTH__:0x400
                0x0000000000000400                __USER_SIGNATURE_REGION_LENGTH__ = DEFINED (__USER_SIGNATURE_REGION_LENGTH__)?__USER_SIGNATURE_REGION_LENGTH__:0x400

.hash
 *(.hash)

.dynsym
 *(.dynsym)

.dynstr
 *(.dynstr)

.gnu.version
 *(.gnu.version)

.gnu.version_d
 *(.gnu.version_d)

.gnu.version_r
 *(.gnu.version_r)

.rel.init
 *(.rel.init)

.rela.init
 *(.rela.init)

.rel.text
 *(.rel.text)
 *(.rel.text.*)
 *(.rel.gnu.linkonce.t*)

.rela.text
 *(.rela.text)
 *(.rela.text.*)
 *(.rela.gnu.linkonce.t*)

.rel.fini
 *(.rel.fini)

.rela.fini
 *(.rela.fini)

.rel.rodata
 *(.rel.rodata)
 *(.rel.rodata.*)
 *(.rel.gnu.linkonce.r*)

.rela.rodata
 *(.rela.rodata)
 *(.rela.rodata.*)
 *(.rela.gnu.linkonce.r*)

.rel.data
 *(.rel.data)
 *(.rel.data.*)
 *(.rel.gnu.linkonce.d*)

.rela.data
 *(.rela.data)
 *(.rela.data.*)
 *(.rela.gnu.linkonce.d*)

.rel.ctors
 *(.rel.ctors)

.rela.ctors
 *(.rela.ctors)

.rel.dtors
 *(.rel.dtors)

.rela.dtors
 *(.rela.dtors)

.rel.got
 *(.rel.got)

.rela.got
 *(.rela.got)

.rel.bss
 *(.rel.bss)

.rela.bss
 *(.rela.bss)

.rel.plt
 *(.rel.plt)

.rela.plt
 *(.rela.plt)

.text           0x0000000000000000      0x630
 *(.vectors)
 .vectors       0x0000000000000000       0x68 /usr/lib/gcc/avr/7.3.0/../../../avr/lib/avr5/crtatmega328p.o
                0x0000000000000000                __vectors
                0x0000000000000000                __vector_default
 *(.vectors)
 *(.progmem.gcc*)
                0x0000000000000068                . = ALIGN (0x2)
                0x0000000000000068                __trampolines_start = .
 *(.trampolines)
 .trampolines   0x0000000000000068        0x0 linker stubs
 *(.trampolines*)
                0x0000000000000068                __trampolines_end = .
 *libprintf_flt.a:*(.progmem.data)
 *libc.a:*(.progmem.data)
 *(.progmem*)
                0x0000000000000068                . = ALIGN (0x2)
 *(.jumptables)
 *(.jumptables*)
 *(.lowtext)
 *(.lowtext*)
                0x0000000000000068                __ctors_start = .
 *(.ctors)
                0x0000000000000068                __ctors_end = .
                0x0000000000000068                __dtors_start = .
 *(.dtors)
                0x0000000000000068                __dtors_end = .
 SORT(*)(.ctors)
 SORT(*)(.dtors)
 *(.init0)
 .init0         0x0000000000000068        0x0 /usr/lib/gcc/avr/7.3.0/../../../avr/lib/avr5/crtatmega328p.o
                0x0000000000000068                __init
 *(.init0)
 *(.init1)
 *(.init1)
 *(.init2)
 .init2         0x0000000000000068        0xc /usr/lib/gcc/avr/7.3.0/../../../avr/lib/avr5/crtatmega328p.o
 *(.init2)
 *(.init3)
 *(.init3)
 *(.init4)
 .init4         0x0000000000000074       0x16 /usr/lib/gcc/avr/7.3.0/avr5/libgcc.a(_copy_data.o)
                0x0000000000000074                __do_copy_data
 .init4         0x000000000000008a       0x10 /usr/lib/gcc/avr/7.3.0/avr5/libgcc.a(_clear_bss.o)
                0x000000000000008a                __do_clear_bss
 *(.init4)
 *(.init5)
 *(.init5)
 *(.init6)
 *(.init6)
 *(.init7)
 *(.init7)
 *(.init8)
 *(.init8)
 *(.init9)
 .init9         0x000000000000009a        0x8 /usr/lib/gcc/avr/7.3.0/../../../avr/lib/avr5/crtatmega328p.o
 *(.init9)
 *(.text)
 .text          0x00000000000000a2        0x4 /usr/lib/gcc/avr/7.3.0/../../../avr/lib/avr5/crtatmega328p.o
                0x00000000000000a2                __vector_22
                0x00000000000000a2                __vector_1
                0x00000000000000a2                __vector_24
                0x00000000000000a2                __vector_12
                0x00000000000000a2                __bad_interrupt
                0x00000000000000a2                __vector_6
                0x00000000000000a2                __vector_3
                0x00000000000000a2                __vector_23
                0x00000000000000a2                __vector_25
                0x00000000000000a2                __vector_11
                0x00000000000000a2                __vector_13
                0x00000000000000a2                __vector_17
                0x00000000000000a2                __vector_19
                0x00000000000000a2                __vector_7
                0x00000000000000a2                __vector_5
                0x00000000000000a2                __vector_4
                0x00000000000000a2                __vector_9
                0x00000000000000a2                __vector_2
                0x00000000000000a2                __vector_21
                0x00000000000000a2                __vector_15
                0x00000000000000a2                __vector_8
                0x00000000000000a2                __vector_14
                0x00000000000000a2                __vector_10
                0x00000000000000a2                __vector_20
 .text          0x00000000000000a6      0x1e0 demo.o
                0x00000000000000d8                __vector_16
                0x0000000000000146                millis
                0x0000000000000150                micros
                0x0000000000000182                increment_circular
                0x000000000000019a                get_circular_difference
                0x00000000000001bc                __vector_18
                0x0000000000000226                ioinit
 .text          0x0000000000000286        0x0 /usr/lib/gcc/avr/7.3.0/avr5/libgcc.a(_exit.o)
 .text          0x0000000000000286        0x0 /usr/lib/gcc/avr/7.3.0/avr5/libgcc.a(_copy_data.o)
 .text          0x0000000000000286        0x0 /usr/lib/gcc/avr/7.3.0/avr5/libgcc.a(_clear_bss.o)
 .text          0x0000000000000286        0x0 /usr/lib/gcc/avr/7.3.0/../../../avr/lib/avr5/libc.a(strtoul.o)
 .text          0x0000000000000286        0x0 /usr/lib/gcc/avr/7.3.0/../../../avr/lib/avr5/libc.a(isspace.o)
 .text          0x0000000000000286        0x0 /usr/lib/gcc/avr/7.3.0/../../../avr/lib/avr5/libc.a(errno.o)
 .text          0x0000000000000286        0x0 /usr/lib/gcc/avr/7.3.0/../../../avr/lib/avr5/libc.a(cty_isfalse.o)
 .text          0x0000000000000286        0x0 /usr/lib/gcc/avr/7.3.0/avr5/libgcc.a(_mulsi3.o)
 .text          0x0000000000000286        0x0 /usr/lib/gcc/avr/7.3.0/avr5/libgcc.a(_udivmodsi4.o)
 .text          0x0000000000000286        0x0 /usr/lib/gcc/avr/7.3.0/avr5/libgcc.a(_muluhisi3.o)
 .text          0x0000000000000286        0x0 /usr/lib/gcc/avr/7.3.0/avr5/libgcc.a(_prologue.o)
 .text          0x0000000000000286        0x0 /usr/lib/gcc/avr/7.3.0/avr5/libgcc.a(_epilogue.o)
 .text          0x0000000000000286        0x0 /usr/lib/gcc/avr/7.3.0/avr5/libgcc.a(_umulhisi3.o)
                0x0000000000000286                . = ALIGN (0x2)
 *(.text.*)
 .text.startup  0x0000000000000286       0xb2 demo.o
                0x0000000000000286                main
 .text.libgcc.mul
                0x0000000000000338        0x0 /usr/lib/gcc/avr/7.3.0/avr5/libgcc.a(_exit.o)
 .text.libgcc.div
                0x0000000000000338        0x0 /usr/lib/gcc/avr/7.3.0/avr5/libgcc.a(_exit.o)
 .text.libgcc   0x0000000000000338        0x0 /usr/lib/gcc/avr/7.3.0/avr5/libgcc.a(_exit.o)
 .text.libgcc.prologue
                0x0000000000000338        0x0 /usr/lib/gcc/avr/7.3.0/avr5/libgcc.a(_exit.o)
 .text.libgcc.builtins
                0x0000000000000338        0x0 /usr/lib/gcc/avr/7.3.0/avr5/libgcc.a(_exit.o)
 .text.libgcc.fmul
                0x0000000000000338        0x0 /usr/lib/gcc/avr/7.3.0/avr5/libgcc.a(_exit.o)
 .text.libgcc.fixed
                0x0000000000000338        0x0 /usr/lib/gcc/avr/7.3.0/avr5/libgcc.a(_exit.o)
 .text.libgcc.mul
                0x0000000000000338        0x0 /usr/lib/gcc/avr/7.3.0/avr5/libgcc.a(_copy_data.o)
 .text.libgcc.div
                0x0000000000000338        0x0 /usr/lib/gcc/avr/7.3.0/avr5/libgcc.a(_copy_data.o)
 .text.libgcc   0x0000000000000338        0x0 /usr/lib/gcc/avr/7.3.0/avr5/libgcc.a(_copy_data.o)
 .text.libgcc.prologue
                0x0000000000000338        0x0 /usr/lib/gcc/avr/7.3.0/avr5/libgcc.a(_copy_data.o)
 .text.libgcc.builtins
                0x0000000000000338        0x0 /usr/lib/gcc/avr/7.3.0/avr5/libgcc.a(_copy_data.o)
 .text.libgcc.fmul
                0x0000000000000338        0x0 /usr/lib/gcc/avr/7.3.0/avr5/libgcc.a(_copy_data.o)
 .text.libgcc.fixed
                0x0000000000000338        0x0 /usr/lib/gcc/avr/7.3.0/avr5/libgcc.a(_copy_data.o)
 .text.libgcc.mul
                0x0000000000000338        0x0 /usr/lib/gcc/avr/7.3.0/avr5/libgcc.a(_clear_bss.o)
 .text.libgcc.div
                0x0000000000000338        0x0 /usr/lib/gcc/avr/7.3.0/avr5/libgcc.a(_clear_bss.o)
 .text.libgcc   0x0000000000000338        0x0 /usr/lib/gcc/avr/7.3.0/avr5/libgcc.a(_clear_bss.o)
 .text.libgcc.prologue
                0x0000000000000338        0x0 /usr/lib/gcc/avr/7.3.0/avr5/libgcc.a(_clear_bss.o)
 .text.libgcc.builtins
                0x0000000000000338        0x0 /usr/lib/gcc/avr/7.3.0/avr5/libgcc.a(_clear_bss.o)
 .text.libgcc.fmul
                0x0000000000000338        0x0 /usr/lib/gcc/avr/7.3.0/avr5/libgcc.a(_clear_bss.o)
 .text.libgcc.fixed
                0x0000000000000338        0x0 /usr/lib/gcc/avr/7.3.0/avr5/libgcc.a(_clear_bss.o)
 .text.avr-libc
                0x0000000000000338      0x1d6 /usr/lib/gcc/avr/7.3.0/../../../avr/lib/avr5/libc.a(strtoul.o)
                0x0000000000000338                strtoul
 .text.avr-libc
                0x000000000000050e       0x12 /usr/lib/gcc/avr/7.3.0/../../../avr/lib/avr5/libc.a(isspace.o)
                0x000000000000050e                isspace
 .text.avr-libc
                0x0000000000000520        0x6 /usr/lib/gcc/avr/7.3.0/../../../avr/lib/avr5/libc.a(cty_isfalse.o)
                0x0000000000000520                __ctype_isfalse
                0x0000000000000524                __ctype_istrue
 .text.libgcc.mul
                0x0000000000000526       0x20 /usr/lib/gcc/avr/7.3.0/avr5/libgcc.a(_mulsi3.o)
                0x0000000000000526                __mulsi3
 .text.libgcc.div
                0x0000000000000546        0x0 /usr/lib/gcc/avr/7.3.0/avr5/libgcc.a(_mulsi3.o)
 .text.libgcc   0x0000000000000546        0x0 /usr/lib/gcc/avr/7.3.0/avr5/libgcc.a(_mulsi3.o)
 .text.libgcc.prologue
                0x0000000000000546        0x0 /usr/lib/gcc/avr/7.3.0/avr5/libgcc.a(_mulsi3.o)
 .text.libgcc.builtins
                0x0000000000000546        0x0 /usr/lib/gcc/avr/7.3.0/avr5/libgcc.a(_mulsi3.o)
 .text.libgcc.fmul
                0x0000000000000546        0x0 /usr/lib/gcc/avr/7.3.0/avr5/libgcc.a(_mulsi3.o)
 .text.libgcc.fixed
                0x0000000000000546        0x0 /usr/lib/gcc/avr/7.3.0/avr5/libgcc.a(_mulsi3.o)
 .text.libgcc.mul
                0x0000000000000546        0x0 /usr/lib/gcc/avr/7.3.0/avr5/libgcc.a(_udivmodsi4.o)
 .text.libgcc.div
                0x0000000000000546       0x44 /usr/lib/gcc/avr/7.3.0/avr5/libgcc.a(_udivmodsi4.o)
                0x0000000000000546                __udivmodsi4
 .text.libgcc   0x000000000000058a        0x0 /usr/lib/gcc/avr/7.3.0/avr5/libgcc.a(_udivmodsi4.o)
 .text.libgcc.prologue
                0x000000000000058a        0x0 /usr/lib/gcc/avr/7.3.0/avr5/libgcc.a(_udivmodsi4.o)
 .text.libgcc.builtins
                0x000000000000058a        0x0 /usr/lib/gcc/avr/7.3.0/avr5/libgcc.a(_udivmodsi4.o)
 .text.libgcc.fmul
                0x000000000000058a        0x0 /usr/lib/gcc/avr/7.3.0/avr5/libgcc.a(_udivmodsi4.o)
 .text.libgcc.fixed
                0x000000000000058a        0x0 /usr/lib/gcc/avr/7.3.0/avr5/libgcc.a(_udivmodsi4.o)
 .text.libgcc.mul
                0x000000000000058a       0x16 /usr/lib/gcc/avr/7.3.0/avr5/libgcc.a(_muluhisi3.o)
                0x000000000000058a                __muluhisi3
 .text.libgcc.div
                0x00000000000005a0        0x0 /usr/lib/gcc/avr/7.3.0/avr5/libgcc.a(_muluhisi3.o)
 .text.libgcc   0x00000000000005a0        0x0 /usr/lib/gcc/avr/7.3.0/avr5/libgcc.a(_muluhisi3.o)
 .text.libgcc.prologue
                0x00000000000005a0        0x0 /usr/lib/gcc/avr/7.3.0/avr5/libgcc.a(_muluhisi3.o)
 .text.libgcc.builtins
                0x00000000000005a0        0x0 /usr/lib/gcc/avr/7.3.0/avr5/libgcc.a(_muluhisi3.o)
 .text.libgcc.fmul
                0x00000000000005a0        0x0 /usr/lib/gcc/avr/7.3.0/avr5/libgcc.a(_muluhisi3.o)
 .text.libgcc.fixed
                0x00000000000005a0        0x0 /usr/lib/gcc/avr/7.3.0/avr5/libgcc.a(_muluhisi3.o)
 .text.libgcc.mul
                0x00000000000005a0        0x0 /usr/lib/gcc/avr/7.3.0/avr5/libgcc.a(_prologue.o)
 .text.libgcc.div
                0x00000000000005a0        0x0 /usr/lib/gcc/avr/7.3.0/avr5/libgcc.a(_prologue.o)
 .text.libgcc   0x00000000000005a0        0x0 /usr/lib/gcc/avr/7.3.0/avr5/libgcc.a(_prologue.o)
 .text.libgcc.prologue
                0x00000000000005a0       0x38 /usr/lib/gcc/avr/7.3.0/avr5/libgcc.a(_prologue.o)
                0x00000000000005a0                __prologue_saves__
 .text.libgcc.builtins
                0x00000000000005d8        0x0 /usr/lib/gcc/avr/7.3.0/avr5/libgcc.a(_prologue.o)
 .text.libgcc.fmul
                0x00000000000005d8        0x0 /usr/lib/gcc/avr/7.3.0/avr5/libgcc.a(_prologue.o)
 .text.libgcc.fixed
                0x00000000000005d8        0x0 /usr/lib/gcc/avr/7.3.0/avr5/libgcc.a(_prologue.o)
 .text.libgcc.mul
                0x00000000000005d8        0x0 /usr/lib/gcc/avr/7.3.0/avr5/libgcc.a(_epilogue.o)
 .text.libgcc.div
                0x00000000000005d8        0x0 /usr/lib/gcc/avr/7.3.0/avr5/libgcc.a(_epilogue.o)
 .text.libgcc   0x00000000000005d8        0x0 /usr/lib/gcc/avr/7.3.0/avr5/libgcc.a(_epilogue.o)
 .text.libgcc.prologue
                0x00000000000005d8       0x36 /usr/lib/gcc/avr/7.3.0/avr5/libgcc.a(_epilogue.o)
                0x00000000000005d8                __epilogue_restores__
 .text.libgcc.builtins
                0x000000000000060e        0x0 /usr/lib/gcc/avr/7.3.0/avr5/libgcc.a(_epilogue.o)
 .text.libgcc.fmul
                0x000000000000060e        0x0 /usr/lib/gcc/avr/7.3.0/avr5/libgcc.a(_epilogue.o)
 .text.libgcc.fixed
                0x000000000000060e        0x0 /usr/lib/gcc/avr/7.3.0/avr5/libgcc.a(_epilogue.o)
 .text.libgcc.mul
                0x000000000000060e       0x1e /usr/lib/gcc/avr/7.3.0/avr5/libgcc.a(_umulhisi3.o)
                0x000000000000060e                __umulhisi3
 .text.libgcc.div
                0x000000000000062c        0x0 /usr/lib/gcc/avr/7.3.0/avr5/libgcc.a(_umulhisi3.o)
 .text.libgcc   0x000000000000062c        0x0 /usr/lib/gcc/avr/7.3.0/avr5/libgcc.a(_umulhisi3.o)
 .text.libgcc.prologue
                0x000000000000062c        0x0 /usr/lib/gcc/avr/7.3.0/avr5/libgcc.a(_umulhisi3.o)
 .text.libgcc.builtins
                0x000000000000062c        0x0 /usr/lib/gcc/avr/7.3.0/avr5/libgcc.a(_umulhisi3.o)
 .text.libgcc.fmul
                0x000000000000062c        0x0 /usr/lib/gcc/avr/7.3.0/avr5/libgcc.a(_umulhisi3.o)
 .text.libgcc.fixed
                0x000000000000062c        0x0 /usr/lib/gcc/avr/7.3.0/avr5/libgcc.a(_umulhisi3.o)
                0x000000000000062c                . = ALIGN (0x2)
 *(.fini9)
 .fini9         0x000000000000062c        0x0 /usr/lib/gcc/avr/7.3.0/avr5/libgcc.a(_exit.o)
                0x000000000000062c                exit
                0x000000000000062c                _exit
 *(.fini9)
 *(.fini8)
 *(.fini8)
 *(.fini7)
 *(.fini7)
 *(.fini6)
 *(.fini6)
 *(.fini5)
 *(.fini5)
 *(.fini4)
 *(.fini4)
 *(.fini3)
 *(.fini3)
 *(.fini2)
 *(.fini2)
 *(.fini1)
 *(.fini1)
 *(.fini0)
 .fini0         0x000000000000062c        0x4 /usr/lib/gcc/avr/7.3.0/avr5/libgcc.a(_exit.o)
 *(.fini0)
                0x0000000000000630                _etext = .

.data           0x0000000000800100       0x1e load address 0x0000000000000630
                0x0000000000800100                PROVIDE (__data_start, .)
 *(.data)
 .data          0x0000000000800100        0x0 /usr/lib/gcc/avr/7.3.0/../../../avr/lib/avr5/crtatmega328p.o
 .data          0x0000000000800100        0x0 demo.o
 .data          0x0000000000800100        0x0 /usr/lib/gcc/avr/7.3.0/avr5/libgcc.a(_exit.o)
 .data          0x0000000000800100        0x0 /usr/lib/gcc/avr/7.3.0/avr5/libgcc.a(_copy_data.o)
 .data          0x0000000000800100        0x0 /usr/lib/gcc/avr/7.3.0/avr5/libgcc.a(_clear_bss.o)
 .data          0x0000000000800100        0x0 /usr/lib/gcc/avr/7.3.0/../../../avr/lib/avr5/libc.a(strtoul.o)
 .data          0x0000000000800100        0x0 /usr/lib/gcc/avr/7.3.0/../../../avr/lib/avr5/libc.a(isspace.o)
 .data          0x0000000000800100        0x0 /usr/lib/gcc/avr/7.3.0/../../../avr/lib/avr5/libc.a(errno.o)
 .data          0x0000000000800100        0x0 /usr/lib/gcc/avr/7.3.0/../../../avr/lib/avr5/libc.a(cty_isfalse.o)
 .data          0x0000000000800100        0x0 /usr/lib/gcc/avr/7.3.0/avr5/libgcc.a(_mulsi3.o)
 .data          0x0000000000800100        0x0 /usr/lib/gcc/avr/7.3.0/avr5/libgcc.a(_udivmodsi4.o)
 .data          0x0000000000800100        0x0 /usr/lib/gcc/avr/7.3.0/avr5/libgcc.a(_muluhisi3.o)
 .data          0x0000000000800100        0x0 /usr/lib/gcc/avr/7.3.0/avr5/libgcc.a(_prologue.o)
 .data          0x0000000000800100        0x0 /usr/lib/gcc/avr/7.3.0/avr5/libgcc.a(_epilogue.o)
 .data          0x0000000000800100        0x0 /usr/lib/gcc/avr/7.3.0/avr5/libgcc.a(_umulhisi3.o)
 *(.data*)
 *(.gnu.linkonce.d*)
 *(.rodata)
 *(.rodata*)
 .rodata.str1.1
                0x0000000000800100       0x1d demo.o
 *(.gnu.linkonce.r*)
                0x000000000080011e                . = ALIGN (0x2)
 *fill*         0x000000000080011d        0x1 
                0x000000000080011e                _edata = .
                0x000000000080011e                PROVIDE (__data_end, .)

.bss            0x000000000080011e       0x8f
                0x000000000080011e                PROVIDE (__bss_start, .)
 *(.bss)
 .bss           0x000000000080011e        0x0 /usr/lib/gcc/avr/7.3.0/../../../avr/lib/avr5/crtatmega328p.o
 .bss           0x000000000080011e        0x1 demo.o
                0x000000000080011e                uart_rx_string_i
 .bss           0x000000000080011f        0x0 /usr/lib/gcc/avr/7.3.0/avr5/libgcc.a(_exit.o)
 .bss           0x000000000080011f        0x0 /usr/lib/gcc/avr/7.3.0/avr5/libgcc.a(_copy_data.o)
 .bss           0x000000000080011f        0x0 /usr/lib/gcc/avr/7.3.0/avr5/libgcc.a(_clear_bss.o)
 .bss           0x000000000080011f        0x0 /usr/lib/gcc/avr/7.3.0/../../../avr/lib/avr5/libc.a(strtoul.o)
 .bss           0x000000000080011f        0x0 /usr/lib/gcc/avr/7.3.0/../../../avr/lib/avr5/libc.a(isspace.o)
 .bss           0x000000000080011f        0x0 /usr/lib/gcc/avr/7.3.0/../../../avr/lib/avr5/libc.a(errno.o)
 .bss           0x000000000080011f        0x0 /usr/lib/gcc/avr/7.3.0/../../../avr/lib/avr5/libc.a(cty_isfalse.o)
 .bss           0x000000000080011f        0x0 /usr/lib/gcc/avr/7.3.0/avr5/libgcc.a(_mulsi3.o)
 .bss           0x000000000080011f        0x0 /usr/lib/gcc/avr/7.3.0/avr5/libgcc.a(_udivmodsi4.o)
 .bss           0x000000000080011f        0x0 /usr/lib/gcc/avr/7.3.0/avr5/libgcc.a(_muluhisi3.o)
 .bss           0x000000000080011f        0x0 /usr/lib/gcc/avr/7.3.0/avr5/libgcc.a(_prologue.o)
 .bss           0x000000000080011f        0x0 /usr/lib/gcc/avr/7.3.0/avr5/libgcc.a(_epilogue.o)
 .bss           0x000000000080011f        0x0 /usr/lib/gcc/avr/7.3.0/avr5/libgcc.a(_umulhisi3.o)
 *(.bss*)
 *(COMMON)
 COMMON         0x000000000080011f       0x8c demo.o
                0x000000000080011f                uart_tx_buff_head
                0x0000000000800120                uart_tx_buff
                0x0000000000800152                uart_tx_buff_tail
                0x0000000000800153                uart_rx_buff_tail
                0x0000000000800154                uart_rx_buff_head
                0x0000000000800155                c
                0x0000000000800156                led_brightness
                0x0000000000800157                overflows
                0x0000000000800159                newline
                0x000000000080015a                millis_fract
                0x000000000080015b                uart_rx_string
                0x0000000000800174                uart_rx_buff
                0x00000000008001a6                millis_val
                0x00000000008001a8                micros_val
                0x00000000008001aa                intflags
 COMMON         0x00000000008001ab        0x2 /usr/lib/gcc/avr/7.3.0/../../../avr/lib/avr5/libc.a(errno.o)
                0x00000000008001ab                errno
                0x00000000008001ad                PROVIDE (__bss_end, .)
                0x0000000000000630                __data_load_start = LOADADDR (.data)
                0x000000000000064e                __data_load_end = (__data_load_start + SIZEOF (.data))

.noinit         0x00000000008001ad        0x0
                [!provide]                        PROVIDE (__noinit_start, .)
 *(.noinit*)
                [!provide]                        PROVIDE (__noinit_end, .)
                0x00000000008001ad                _end = .
                [!provide]                        PROVIDE (__heap_start, .)

.eeprom         0x0000000000810000        0x0
 *(.eeprom*)
                0x0000000000810000                __eeprom_end = .

.fuse
 *(.fuse)
 *(.lfuse)
 *(.hfuse)
 *(.efuse)

.lock
 *(.lock*)

.signature
 *(.signature*)

.user_signatures
 *(.user_signatures*)

.stab           0x0000000000000000      0xc78
 *(.stab)
 .stab          0x0000000000000000      0xc78 demo.o

.stabstr        0x0000000000000000     0x11eb
 *(.stabstr)
 .stabstr       0x0000000000000000     0x11eb demo.o

.stab.excl
 *(.stab.excl)

.stab.exclstr
 *(.stab.exclstr)

.stab.index
 *(.stab.index)

.stab.indexstr
 *(.stab.indexstr)

.comment        0x0000000000000000       0x11
 *(.comment)
 .comment       0x0000000000000000       0x11 demo.o
                                         0x12 (size before relaxing)
 .comment       0x0000000000000011       0x12 /usr/lib/gcc/avr/7.3.0/../../../avr/lib/avr5/libc.a(strtoul.o)
 .comment       0x0000000000000011       0x12 /usr/lib/gcc/avr/7.3.0/../../../avr/lib/avr5/libc.a(errno.o)

.note.gnu.avr.deviceinfo
                0x0000000000000000       0x40
 .note.gnu.avr.deviceinfo
                0x0000000000000000       0x40 /usr/lib/gcc/avr/7.3.0/../../../avr/lib/avr5/crtatmega328p.o

.note.gnu.build-id
 *(.note.gnu.build-id)

.debug
 *(.debug)

.line
 *(.line)

.debug_srcinfo
 *(.debug_srcinfo)

.debug_sfnames
 *(.debug_sfnames)

.debug_aranges
 *(.debug_aranges)

.debug_pubnames
 *(.debug_pubnames)

.debug_info     0x0000000000000000      0x5f4
 *(.debug_info .gnu.linkonce.wi.*)
 .debug_info    0x0000000000000000      0x5f4 /usr/lib/gcc/avr/7.3.0/../../../avr/lib/avr5/crtatmega328p.o

.debug_abbrev   0x0000000000000000      0x5a2
 *(.debug_abbrev)
 .debug_abbrev  0x0000000000000000      0x5a2 /usr/lib/gcc/avr/7.3.0/../../../avr/lib/avr5/crtatmega328p.o

.debug_line     0x0000000000000000       0x1a
 *(.debug_line .debug_line.* .debug_line_end)
 .debug_line    0x0000000000000000       0x1a /usr/lib/gcc/avr/7.3.0/../../../avr/lib/avr5/crtatmega328p.o

.debug_frame
 *(.debug_frame)

.debug_str      0x0000000000000000      0x208
 *(.debug_str)
 .debug_str     0x0000000000000000      0x208 /usr/lib/gcc/avr/7.3.0/../../../avr/lib/avr5/crtatmega328p.o

.debug_loc
 *(.debug_loc)

.debug_macinfo
 *(.debug_macinfo)

.debug_weaknames
 *(.debug_weaknames)

.debug_funcnames
 *(.debug_funcnames)

.debug_typenames
 *(.debug_typenames)

.debug_varnames
 *(.debug_varnames)

.debug_pubtypes
 *(.debug_pubtypes)

.debug_ranges
 *(.debug_ranges)

.debug_macro
 *(.debug_macro)
OUTPUT(demo.elf elf32-avr)
LOAD linker stubs
