
demo.elf:     file format elf32-avr

Sections:
Idx Name          Size      VMA       LMA       File off  Algn
  0 .data         000000fa  00800100  0000060e  000006a2  2**0
                  CONTENTS, ALLOC, LOAD, DATA
  1 .text         0000060e  00000000  00000000  00000094  2**1
                  CONTENTS, ALLOC, LOAD, READONLY, CODE
  2 .bss          00000001  008001fa  008001fa  0000079c  2**0
                  ALLOC
  3 .stab         00001fb0  00000000  00000000  0000079c  2**2
                  CONTENTS, READONLY, DEBUGGING
  4 .stabstr      00001512  00000000  00000000  0000274c  2**0
                  CONTENTS, READONLY, DEBUGGING
  5 .comment      00000011  00000000  00000000  00003c5e  2**0
                  CONTENTS, READONLY
  6 .note.gnu.avr.deviceinfo 00000040  00000000  00000000  00003c70  2**2
                  CONTENTS, READONLY
  7 .debug_info   000005f4  00000000  00000000  00003cb0  2**0
                  CONTENTS, READONLY, DEBUGGING
  8 .debug_abbrev 000005a2  00000000  00000000  000042a4  2**0
                  CONTENTS, READONLY, DEBUGGING
  9 .debug_line   0000001a  00000000  00000000  00004846  2**0
                  CONTENTS, READONLY, DEBUGGING
 10 .debug_str    00000208  00000000  00000000  00004860  2**0
                  CONTENTS, READONLY, DEBUGGING

Disassembly of section .text:

00000000 <__vectors>:
   0:	0c 94 34 00 	jmp	0x68	; 0x68 <__ctors_end>
   4:	0c 94 51 00 	jmp	0xa2	; 0xa2 <__bad_interrupt>
   8:	0c 94 51 00 	jmp	0xa2	; 0xa2 <__bad_interrupt>
   c:	0c 94 51 00 	jmp	0xa2	; 0xa2 <__bad_interrupt>
  10:	0c 94 51 00 	jmp	0xa2	; 0xa2 <__bad_interrupt>
  14:	0c 94 51 00 	jmp	0xa2	; 0xa2 <__bad_interrupt>
  18:	0c 94 51 00 	jmp	0xa2	; 0xa2 <__bad_interrupt>
  1c:	0c 94 51 00 	jmp	0xa2	; 0xa2 <__bad_interrupt>
  20:	0c 94 51 00 	jmp	0xa2	; 0xa2 <__bad_interrupt>
  24:	0c 94 51 00 	jmp	0xa2	; 0xa2 <__bad_interrupt>
  28:	0c 94 51 00 	jmp	0xa2	; 0xa2 <__bad_interrupt>
  2c:	0c 94 51 00 	jmp	0xa2	; 0xa2 <__bad_interrupt>
  30:	0c 94 51 00 	jmp	0xa2	; 0xa2 <__bad_interrupt>
  34:	0c 94 51 00 	jmp	0xa2	; 0xa2 <__bad_interrupt>
  38:	0c 94 51 00 	jmp	0xa2	; 0xa2 <__bad_interrupt>
  3c:	0c 94 51 00 	jmp	0xa2	; 0xa2 <__bad_interrupt>
  40:	0c 94 51 00 	jmp	0xa2	; 0xa2 <__bad_interrupt>
  44:	0c 94 51 00 	jmp	0xa2	; 0xa2 <__bad_interrupt>
  48:	0c 94 51 00 	jmp	0xa2	; 0xa2 <__bad_interrupt>
  4c:	0c 94 51 00 	jmp	0xa2	; 0xa2 <__bad_interrupt>
  50:	0c 94 51 00 	jmp	0xa2	; 0xa2 <__bad_interrupt>
  54:	0c 94 51 00 	jmp	0xa2	; 0xa2 <__bad_interrupt>
  58:	0c 94 51 00 	jmp	0xa2	; 0xa2 <__bad_interrupt>
  5c:	0c 94 51 00 	jmp	0xa2	; 0xa2 <__bad_interrupt>
  60:	0c 94 51 00 	jmp	0xa2	; 0xa2 <__bad_interrupt>
  64:	0c 94 51 00 	jmp	0xa2	; 0xa2 <__bad_interrupt>

00000068 <__ctors_end>:
  68:	11 24       	eor	r1, r1
  6a:	1f be       	out	0x3f, r1	; 63
  6c:	cf ef       	ldi	r28, 0xFF	; 255
  6e:	d8 e0       	ldi	r29, 0x08	; 8
  70:	de bf       	out	0x3e, r29	; 62
  72:	cd bf       	out	0x3d, r28	; 61

00000074 <__do_copy_data>:
  74:	11 e0       	ldi	r17, 0x01	; 1
  76:	a0 e0       	ldi	r26, 0x00	; 0
  78:	b1 e0       	ldi	r27, 0x01	; 1
  7a:	ee e0       	ldi	r30, 0x0E	; 14
  7c:	f6 e0       	ldi	r31, 0x06	; 6
  7e:	02 c0       	rjmp	.+4      	; 0x84 <__do_copy_data+0x10>
  80:	05 90       	lpm	r0, Z+
  82:	0d 92       	st	X+, r0
  84:	aa 3f       	cpi	r26, 0xFA	; 250
  86:	b1 07       	cpc	r27, r17
  88:	d9 f7       	brne	.-10     	; 0x80 <__do_copy_data+0xc>

0000008a <__do_clear_bss>:
  8a:	21 e0       	ldi	r18, 0x01	; 1
  8c:	aa ef       	ldi	r26, 0xFA	; 250
  8e:	b1 e0       	ldi	r27, 0x01	; 1
  90:	01 c0       	rjmp	.+2      	; 0x94 <.do_clear_bss_start>

00000092 <.do_clear_bss_loop>:
  92:	1d 92       	st	X+, r1

00000094 <.do_clear_bss_start>:
  94:	ab 3f       	cpi	r26, 0xFB	; 251
  96:	b2 07       	cpc	r27, r18
  98:	e1 f7       	brne	.-8      	; 0x92 <.do_clear_bss_loop>
  9a:	0e 94 04 03 	call	0x608	; 0x608 <main>
  9e:	0c 94 05 03 	jmp	0x60a	; 0x60a <_exit>

000000a2 <__bad_interrupt>:
  a2:	0c 94 00 00 	jmp	0	; 0x0 <__vectors>

000000a6 <i2c_master_start>:
uint8_t i2c_master_start(uint8_t addr, uint8_t mode)
{
    uint8_t twst;

    // reset control register
    TWCR = 0;
  a6:	10 92 bc 00 	sts	0x00BC, r1	; 0x8000bc <__TEXT_REGION_LENGTH__+0x7f80bc>

    // transmit start condition
    TWCR = _BV(TWINT) | _BV(TWSTA) | _BV(TWEN);
  aa:	94 ea       	ldi	r25, 0xA4	; 164
  ac:	90 93 bc 00 	sts	0x00BC, r25	; 0x8000bc <__TEXT_REGION_LENGTH__+0x7f80bc>

    // wait for start condition to be sent
    while (!(TWCR & _BV(TWINT)))
  b0:	90 91 bc 00 	lds	r25, 0x00BC	; 0x8000bc <__TEXT_REGION_LENGTH__+0x7f80bc>
  b4:	97 ff       	sbrs	r25, 7
  b6:	fc cf       	rjmp	.-8      	; 0xb0 <i2c_master_start+0xa>
        ;

    // check if the start condition was successfully transmitted
    // check value of TWI status register
    // #define TW_STATUS (TWSR & TW_STATUS_MASK)
    twst = TW_STATUS & I2C_PRESCALER_MASK;
  b8:	90 91 b9 00 	lds	r25, 0x00B9	; 0x8000b9 <__TEXT_REGION_LENGTH__+0x7f80b9>
  bc:	98 7f       	andi	r25, 0xF8	; 248
    if (twst != TW_START && twst != TW_REP_START)
  be:	98 30       	cpi	r25, 0x08	; 8
  c0:	11 f0       	breq	.+4      	; 0xc6 <i2c_master_start+0x20>
  c2:	90 31       	cpi	r25, 0x10	; 16
  c4:	a1 f4       	brne	.+40     	; 0xee <i2c_master_start+0x48>
    }

    // load slave address to TWDR with specified mode
    // mode is 1 for read, 0 for write
    // TWDR = (PCF8574_ADDR << 1) + TW_WRITE;
    TWDR = (addr << 1) | mode;
  c6:	88 0f       	add	r24, r24
  c8:	68 2b       	or	r22, r24
  ca:	60 93 bb 00 	sts	0x00BB, r22	; 0x8000bb <__TEXT_REGION_LENGTH__+0x7f80bb>

    // start transmission of address
    // Clear TWINT bit in TWCR
    TWCR = _BV(TWINT) | _BV(TWEN);
  ce:	84 e8       	ldi	r24, 0x84	; 132
  d0:	80 93 bc 00 	sts	0x00BC, r24	; 0x8000bc <__TEXT_REGION_LENGTH__+0x7f80bc>
    // wait for end of transmission
    // Wait for TWINT flag set. This
    // indicates that the SLA+W has
    // been transmitted, and
    // ACK/NACK has been received.
    while (!(TWCR & _BV(TWINT)))
  d4:	80 91 bc 00 	lds	r24, 0x00BC	; 0x8000bc <__TEXT_REGION_LENGTH__+0x7f80bc>
  d8:	87 ff       	sbrs	r24, 7
  da:	fc cf       	rjmp	.-8      	; 0xd4 <i2c_master_start+0x2e>

    // Check value of TWI status
    // register. Mask prescaler bits. If
    // status different from
    // MT_SLA_ACK go to ERROR
    twst = TW_STATUS & I2C_PRESCALER_MASK;
  dc:	80 91 b9 00 	lds	r24, 0x00B9	; 0x8000b9 <__TEXT_REGION_LENGTH__+0x7f80b9>
  e0:	88 7f       	andi	r24, 0xF8	; 248
    if (twst != TW_MT_SLA_ACK && twst != TW_MR_SLA_ACK)
  e2:	88 31       	cpi	r24, 0x18	; 24
  e4:	11 f0       	breq	.+4      	; 0xea <i2c_master_start+0x44>
  e6:	80 34       	cpi	r24, 0x40	; 64
  e8:	21 f4       	brne	.+8      	; 0xf2 <i2c_master_start+0x4c>
    {
        return I2C_STATUS_ERROR_WRITE_OR_READ_NOT_ACK;
    }

    return I2C_STATUS_SUCCESS;
  ea:	80 e0       	ldi	r24, 0x00	; 0
}
  ec:	08 95       	ret
    // check value of TWI status register
    // #define TW_STATUS (TWSR & TW_STATUS_MASK)
    twst = TW_STATUS & I2C_PRESCALER_MASK;
    if (twst != TW_START && twst != TW_REP_START)
    {
        return I2C_STATUS_ERROR_START_NOT_ACCEPTED;
  ee:	8a e0       	ldi	r24, 0x0A	; 10
  f0:	08 95       	ret
    // status different from
    // MT_SLA_ACK go to ERROR
    twst = TW_STATUS & I2C_PRESCALER_MASK;
    if (twst != TW_MT_SLA_ACK && twst != TW_MR_SLA_ACK)
    {
        return I2C_STATUS_ERROR_WRITE_OR_READ_NOT_ACK;
  f2:	84 e1       	ldi	r24, 0x14	; 20
  f4:	08 95       	ret

000000f6 <i2c_master_write>:
uint8_t i2c_master_write(uint8_t data)
{
    uint8_t twst;

    // Load DATA into TWDR register.
    TWDR = data;
  f6:	80 93 bb 00 	sts	0x00BB, r24	; 0x8000bb <__TEXT_REGION_LENGTH__+0x7f80bb>

    // clear TWINT bit in TWCR to
    // start transmission of data
    TWCR = _BV(TWINT) | _BV(TWEN);
  fa:	84 e8       	ldi	r24, 0x84	; 132
  fc:	80 93 bc 00 	sts	0x00BC, r24	; 0x8000bc <__TEXT_REGION_LENGTH__+0x7f80bc>
    // wait for end of transmission
    // Wait for TWINT flag set. This
    // indicates that the DATA has
    // been transmitted, and
    // ACK/NACK has been received.
    while (!(TWCR & _BV(TWINT)))
 100:	80 91 bc 00 	lds	r24, 0x00BC	; 0x8000bc <__TEXT_REGION_LENGTH__+0x7f80bc>
 104:	87 ff       	sbrs	r24, 7
 106:	fc cf       	rjmp	.-8      	; 0x100 <i2c_master_write+0xa>

    // Check value of TWI status
    // register. Mask prescaler bits. If
    // status different from
    // MT_DATA_ACK go to ERROR
    twst = TW_STATUS & I2C_PRESCALER_MASK;
 108:	80 91 b9 00 	lds	r24, 0x00B9	; 0x8000b9 <__TEXT_REGION_LENGTH__+0x7f80b9>
 10c:	88 7f       	andi	r24, 0xF8	; 248
    if (twst != TW_MT_DATA_ACK)
 10e:	88 32       	cpi	r24, 0x28	; 40
 110:	11 f4       	brne	.+4      	; 0x116 <i2c_master_write+0x20>
    {
        return I2C_STATUS_ERROR_WRITE_NOT_ACK;
    }
    return I2C_STATUS_SUCCESS;
 112:	80 e0       	ldi	r24, 0x00	; 0
 114:	08 95       	ret
    // status different from
    // MT_DATA_ACK go to ERROR
    twst = TW_STATUS & I2C_PRESCALER_MASK;
    if (twst != TW_MT_DATA_ACK)
    {
        return I2C_STATUS_ERROR_WRITE_NOT_ACK;
 116:	85 e1       	ldi	r24, 0x15	; 21
    }
    return I2C_STATUS_SUCCESS;
}
 118:	08 95       	ret

0000011a <i2c_master_read_ACK>:
{
    // setup i2c bus to read
    // TWINT - reset TWI
    // TWEN - enable TWI
    // TWEA - TWI enable ACK
    TWCR = _BV(TWINT) | _BV(TWEN) | _BV(TWEA);
 11a:	84 ec       	ldi	r24, 0xC4	; 196
 11c:	80 93 bc 00 	sts	0x00BC, r24	; 0x8000bc <__TEXT_REGION_LENGTH__+0x7f80bc>

    // wait for end of transmission
    while (!(TWCR & _BV(TWINT)))
 120:	80 91 bc 00 	lds	r24, 0x00BC	; 0x8000bc <__TEXT_REGION_LENGTH__+0x7f80bc>
 124:	87 ff       	sbrs	r24, 7
 126:	fc cf       	rjmp	.-8      	; 0x120 <i2c_master_read_ACK+0x6>
        ;

    return TWDR;
 128:	80 91 bb 00 	lds	r24, 0x00BB	; 0x8000bb <__TEXT_REGION_LENGTH__+0x7f80bb>
}
 12c:	08 95       	ret

0000012e <i2c_master_read_NACK>:
{
    // setup i2c bus to read
    // TWINT - reset TWI
    // TWEN - enable TWI
    // NACK
    TWCR = _BV(TWINT) | _BV(TWEN);
 12e:	84 e8       	ldi	r24, 0x84	; 132
 130:	80 93 bc 00 	sts	0x00BC, r24	; 0x8000bc <__TEXT_REGION_LENGTH__+0x7f80bc>

    // wait for end of transmission
    while (!(TWCR & _BV(TWINT)))
 134:	80 91 bc 00 	lds	r24, 0x00BC	; 0x8000bc <__TEXT_REGION_LENGTH__+0x7f80bc>
 138:	87 ff       	sbrs	r24, 7
 13a:	fc cf       	rjmp	.-8      	; 0x134 <i2c_master_read_NACK+0x6>
        ;

    return TWDR;
 13c:	80 91 bb 00 	lds	r24, 0x00BB	; 0x8000bb <__TEXT_REGION_LENGTH__+0x7f80bb>
}
 140:	08 95       	ret

00000142 <i2c_master_stop>:
function to send i2c stop
*/
void i2c_master_stop(void)
{
    // Transmit STOP condition
    TWCR = _BV(TWINT) | _BV(TWEN) | _BV(TWSTO);
 142:	84 e9       	ldi	r24, 0x94	; 148
 144:	80 93 bc 00 	sts	0x00BC, r24	; 0x8000bc <__TEXT_REGION_LENGTH__+0x7f80bc>
}
 148:	08 95       	ret

0000014a <i2c_master_init>:
function to initialize i2c
*/
void i2c_master_init(uint16_t frequency)
{
    // reset TWI status register
    TWSR = 0;
 14a:	10 92 b9 00 	sts	0x00B9, r1	; 0x8000b9 <__TEXT_REGION_LENGTH__+0x7f80b9>
    scl = f_cpu / (16 + 2 * TWBR * prescaler)
    16 + 2 * TWBR * prescaler = f_cpu / scl
    2 * TWBR * prescaler = f_cpu / scl - 16
    TWBR = (f_cpu / scl - 16) / 2 / prescaler
    */
    TWBR = (F_CPU / frequency - 16) / 2 / I2C_SCL_FREQUENCY_PRESCALER;
 14e:	88 ef       	ldi	r24, 0xF8	; 248
 150:	80 93 b8 00 	sts	0x00B8, r24	; 0x8000b8 <__TEXT_REGION_LENGTH__+0x7f80b8>
}
 154:	08 95       	ret

00000156 <i2c_master_send_byte>:

/*
function to send one byte via i2c
*/
uint8_t i2c_master_send_byte(uint8_t address, uint8_t data)
{
 156:	cf 93       	push	r28
 158:	c6 2f       	mov	r28, r22
    // send i2c start
    uint8_t status = i2c_master_start(address, I2C_WRITE);
 15a:	60 e0       	ldi	r22, 0x00	; 0
 15c:	0e 94 53 00 	call	0xa6	; 0xa6 <i2c_master_start>
    // check status for error
    if (status)
 160:	81 11       	cpse	r24, r1
 162:	11 c0       	rjmp	.+34     	; 0x186 <i2c_master_send_byte+0x30>
uint8_t i2c_master_write(uint8_t data)
{
    uint8_t twst;

    // Load DATA into TWDR register.
    TWDR = data;
 164:	c0 93 bb 00 	sts	0x00BB, r28	; 0x8000bb <__TEXT_REGION_LENGTH__+0x7f80bb>

    // clear TWINT bit in TWCR to
    // start transmission of data
    TWCR = _BV(TWINT) | _BV(TWEN);
 168:	94 e8       	ldi	r25, 0x84	; 132
 16a:	90 93 bc 00 	sts	0x00BC, r25	; 0x8000bc <__TEXT_REGION_LENGTH__+0x7f80bc>
    // wait for end of transmission
    // Wait for TWINT flag set. This
    // indicates that the DATA has
    // been transmitted, and
    // ACK/NACK has been received.
    while (!(TWCR & _BV(TWINT)))
 16e:	90 91 bc 00 	lds	r25, 0x00BC	; 0x8000bc <__TEXT_REGION_LENGTH__+0x7f80bc>
 172:	97 ff       	sbrs	r25, 7
 174:	fc cf       	rjmp	.-8      	; 0x16e <i2c_master_send_byte+0x18>

    // Check value of TWI status
    // register. Mask prescaler bits. If
    // status different from
    // MT_DATA_ACK go to ERROR
    twst = TW_STATUS & I2C_PRESCALER_MASK;
 176:	90 91 b9 00 	lds	r25, 0x00B9	; 0x8000b9 <__TEXT_REGION_LENGTH__+0x7f80b9>
 17a:	98 7f       	andi	r25, 0xF8	; 248
    if (twst != TW_MT_DATA_ACK)
 17c:	98 32       	cpi	r25, 0x28	; 40
 17e:	29 f4       	brne	.+10     	; 0x18a <i2c_master_send_byte+0x34>
function to send i2c stop
*/
void i2c_master_stop(void)
{
    // Transmit STOP condition
    TWCR = _BV(TWINT) | _BV(TWEN) | _BV(TWSTO);
 180:	94 e9       	ldi	r25, 0x94	; 148
 182:	90 93 bc 00 	sts	0x00BC, r25	; 0x8000bc <__TEXT_REGION_LENGTH__+0x7f80bc>
    if (status)
        return status;
    // send i2c stop
    i2c_master_stop();
    return I2C_STATUS_SUCCESS;
}
 186:	cf 91       	pop	r28
 188:	08 95       	ret
    // status different from
    // MT_DATA_ACK go to ERROR
    twst = TW_STATUS & I2C_PRESCALER_MASK;
    if (twst != TW_MT_DATA_ACK)
    {
        return I2C_STATUS_ERROR_WRITE_NOT_ACK;
 18a:	85 e1       	ldi	r24, 0x15	; 21
    if (status)
        return status;
    // send i2c stop
    i2c_master_stop();
    return I2C_STATUS_SUCCESS;
}
 18c:	cf 91       	pop	r28
 18e:	08 95       	ret

00000190 <i2c_master_send>:

/*
function to send n bytes via i2c
*/
uint8_t i2c_master_send(uint8_t address, uint8_t *data, uint16_t length)
{
 190:	0f 93       	push	r16
 192:	1f 93       	push	r17
 194:	cf 93       	push	r28
 196:	df 93       	push	r29
 198:	8b 01       	movw	r16, r22
 19a:	ea 01       	movw	r28, r20
    // send i2c start
    uint8_t status = i2c_master_start(address, I2C_WRITE);
 19c:	60 e0       	ldi	r22, 0x00	; 0
 19e:	0e 94 53 00 	call	0xa6	; 0xa6 <i2c_master_start>
    // check status for error
    if (status)
 1a2:	81 11       	cpse	r24, r1
 1a4:	1a c0       	rjmp	.+52     	; 0x1da <i2c_master_send+0x4a>
        return status;
    // send bytes
    for (uint16_t i = 0; i < length; i++)
 1a6:	20 97       	sbiw	r28, 0x00	; 0
 1a8:	a9 f0       	breq	.+42     	; 0x1d4 <i2c_master_send+0x44>
 1aa:	f8 01       	movw	r30, r16
 1ac:	c0 0f       	add	r28, r16
 1ae:	d1 1f       	adc	r29, r17
    // Load DATA into TWDR register.
    TWDR = data;

    // clear TWINT bit in TWCR to
    // start transmission of data
    TWCR = _BV(TWINT) | _BV(TWEN);
 1b0:	24 e8       	ldi	r18, 0x84	; 132
        return status;
    // send bytes
    for (uint16_t i = 0; i < length; i++)
    {
        // write byte to i2c slave
        status = i2c_master_write(data[i]);
 1b2:	91 91       	ld	r25, Z+
uint8_t i2c_master_write(uint8_t data)
{
    uint8_t twst;

    // Load DATA into TWDR register.
    TWDR = data;
 1b4:	90 93 bb 00 	sts	0x00BB, r25	; 0x8000bb <__TEXT_REGION_LENGTH__+0x7f80bb>

    // clear TWINT bit in TWCR to
    // start transmission of data
    TWCR = _BV(TWINT) | _BV(TWEN);
 1b8:	20 93 bc 00 	sts	0x00BC, r18	; 0x8000bc <__TEXT_REGION_LENGTH__+0x7f80bc>
    // wait for end of transmission
    // Wait for TWINT flag set. This
    // indicates that the DATA has
    // been transmitted, and
    // ACK/NACK has been received.
    while (!(TWCR & _BV(TWINT)))
 1bc:	90 91 bc 00 	lds	r25, 0x00BC	; 0x8000bc <__TEXT_REGION_LENGTH__+0x7f80bc>
 1c0:	97 ff       	sbrs	r25, 7
 1c2:	fc cf       	rjmp	.-8      	; 0x1bc <i2c_master_send+0x2c>

    // Check value of TWI status
    // register. Mask prescaler bits. If
    // status different from
    // MT_DATA_ACK go to ERROR
    twst = TW_STATUS & I2C_PRESCALER_MASK;
 1c4:	90 91 b9 00 	lds	r25, 0x00B9	; 0x8000b9 <__TEXT_REGION_LENGTH__+0x7f80b9>
 1c8:	98 7f       	andi	r25, 0xF8	; 248
    if (twst != TW_MT_DATA_ACK)
 1ca:	98 32       	cpi	r25, 0x28	; 40
 1cc:	59 f4       	brne	.+22     	; 0x1e4 <i2c_master_send+0x54>
    uint8_t status = i2c_master_start(address, I2C_WRITE);
    // check status for error
    if (status)
        return status;
    // send bytes
    for (uint16_t i = 0; i < length; i++)
 1ce:	ec 17       	cp	r30, r28
 1d0:	fd 07       	cpc	r31, r29
 1d2:	79 f7       	brne	.-34     	; 0x1b2 <i2c_master_send+0x22>
function to send i2c stop
*/
void i2c_master_stop(void)
{
    // Transmit STOP condition
    TWCR = _BV(TWINT) | _BV(TWEN) | _BV(TWSTO);
 1d4:	94 e9       	ldi	r25, 0x94	; 148
 1d6:	90 93 bc 00 	sts	0x00BC, r25	; 0x8000bc <__TEXT_REGION_LENGTH__+0x7f80bc>
        if (status)
            return status;
    } // send i2c stop
    i2c_master_stop();
    return I2C_STATUS_SUCCESS;
}
 1da:	df 91       	pop	r29
 1dc:	cf 91       	pop	r28
 1de:	1f 91       	pop	r17
 1e0:	0f 91       	pop	r16
 1e2:	08 95       	ret
    // status different from
    // MT_DATA_ACK go to ERROR
    twst = TW_STATUS & I2C_PRESCALER_MASK;
    if (twst != TW_MT_DATA_ACK)
    {
        return I2C_STATUS_ERROR_WRITE_NOT_ACK;
 1e4:	85 e1       	ldi	r24, 0x15	; 21
        if (status)
            return status;
    } // send i2c stop
    i2c_master_stop();
    return I2C_STATUS_SUCCESS;
}
 1e6:	df 91       	pop	r29
 1e8:	cf 91       	pop	r28
 1ea:	1f 91       	pop	r17
 1ec:	0f 91       	pop	r16
 1ee:	08 95       	ret

000001f0 <i2c_master_receive>:

/*
function to receive n bytes via i2c
*/
uint8_t i2c_master_receive(uint8_t address, uint8_t *data, uint16_t length)
{
 1f0:	0f 93       	push	r16
 1f2:	1f 93       	push	r17
 1f4:	cf 93       	push	r28
 1f6:	df 93       	push	r29
 1f8:	8b 01       	movw	r16, r22
 1fa:	ea 01       	movw	r28, r20
    // send i2c start
    uint8_t status = i2c_master_start(address, I2C_READ);
 1fc:	61 e0       	ldi	r22, 0x01	; 1
 1fe:	0e 94 53 00 	call	0xa6	; 0xa6 <i2c_master_start>
    // check status for error
    if (status)
 202:	81 11       	cpse	r24, r1
 204:	27 c0       	rjmp	.+78     	; 0x254 <i2c_master_receive+0x64>
        return status;
    // send bytes
    for (uint16_t i = 0; i < (length - 1); i++)
 206:	be 01       	movw	r22, r28
 208:	61 50       	subi	r22, 0x01	; 1
 20a:	71 09       	sbc	r23, r1
 20c:	a9 f0       	breq	.+42     	; 0x238 <i2c_master_receive+0x48>
 20e:	f8 01       	movw	r30, r16
 210:	a8 01       	movw	r20, r16
 212:	4c 0f       	add	r20, r28
 214:	5d 1f       	adc	r21, r29
 216:	41 50       	subi	r20, 0x01	; 1
 218:	51 09       	sbc	r21, r1
{
    // setup i2c bus to read
    // TWINT - reset TWI
    // TWEN - enable TWI
    // TWEA - TWI enable ACK
    TWCR = _BV(TWINT) | _BV(TWEN) | _BV(TWEA);
 21a:	24 ec       	ldi	r18, 0xC4	; 196
 21c:	20 93 bc 00 	sts	0x00BC, r18	; 0x8000bc <__TEXT_REGION_LENGTH__+0x7f80bc>

    // wait for end of transmission
    while (!(TWCR & _BV(TWINT)))
 220:	90 91 bc 00 	lds	r25, 0x00BC	; 0x8000bc <__TEXT_REGION_LENGTH__+0x7f80bc>
 224:	97 ff       	sbrs	r25, 7
 226:	fc cf       	rjmp	.-8      	; 0x220 <i2c_master_receive+0x30>
        ;

    return TWDR;
 228:	90 91 bb 00 	lds	r25, 0x00BB	; 0x8000bb <__TEXT_REGION_LENGTH__+0x7f80bb>
        return status;
    // send bytes
    for (uint16_t i = 0; i < (length - 1); i++)
    {
        // read byte from i2c slave
        data[i] = i2c_master_read_ACK();
 22c:	91 93       	st	Z+, r25
    uint8_t status = i2c_master_start(address, I2C_READ);
    // check status for error
    if (status)
        return status;
    // send bytes
    for (uint16_t i = 0; i < (length - 1); i++)
 22e:	e4 17       	cp	r30, r20
 230:	f5 07       	cpc	r31, r21
 232:	a1 f7       	brne	.-24     	; 0x21c <i2c_master_receive+0x2c>
 234:	06 0f       	add	r16, r22
 236:	17 1f       	adc	r17, r23
{
    // setup i2c bus to read
    // TWINT - reset TWI
    // TWEN - enable TWI
    // NACK
    TWCR = _BV(TWINT) | _BV(TWEN);
 238:	94 e8       	ldi	r25, 0x84	; 132
 23a:	90 93 bc 00 	sts	0x00BC, r25	; 0x8000bc <__TEXT_REGION_LENGTH__+0x7f80bc>

    // wait for end of transmission
    while (!(TWCR & _BV(TWINT)))
 23e:	90 91 bc 00 	lds	r25, 0x00BC	; 0x8000bc <__TEXT_REGION_LENGTH__+0x7f80bc>
 242:	97 ff       	sbrs	r25, 7
 244:	fc cf       	rjmp	.-8      	; 0x23e <i2c_master_receive+0x4e>
        ;

    return TWDR;
 246:	90 91 bb 00 	lds	r25, 0x00BB	; 0x8000bb <__TEXT_REGION_LENGTH__+0x7f80bb>
    {
        // read byte from i2c slave
        data[i] = i2c_master_read_ACK();
    }
    // read the last byte then return NACK to slave
    data[length - 1] = i2c_master_read_NACK();
 24a:	f8 01       	movw	r30, r16
 24c:	90 83       	st	Z, r25
function to send i2c stop
*/
void i2c_master_stop(void)
{
    // Transmit STOP condition
    TWCR = _BV(TWINT) | _BV(TWEN) | _BV(TWSTO);
 24e:	94 e9       	ldi	r25, 0x94	; 148
 250:	90 93 bc 00 	sts	0x00BC, r25	; 0x8000bc <__TEXT_REGION_LENGTH__+0x7f80bc>
    // read the last byte then return NACK to slave
    data[length - 1] = i2c_master_read_NACK();
    // send i2c stop
    i2c_master_stop();
    return I2C_STATUS_SUCCESS;
}
 254:	df 91       	pop	r29
 256:	cf 91       	pop	r28
 258:	1f 91       	pop	r17
 25a:	0f 91       	pop	r16
 25c:	08 95       	ret

0000025e <i2c_master_get_error_message>:

/*
function to get status code (error codes) of the i2c bus
*/
const char *i2c_master_get_error_message(uint8_t errorCode)
{
 25e:	87 31       	cpi	r24, 0x17	; 23
 260:	48 f4       	brcc	.+18     	; 0x274 <i2c_master_get_error_message+0x16>
 262:	e8 2f       	mov	r30, r24
 264:	f0 e0       	ldi	r31, 0x00	; 0
 266:	ee 0f       	add	r30, r30
 268:	ff 1f       	adc	r31, r31
 26a:	e0 50       	subi	r30, 0x00	; 0
 26c:	ff 4f       	sbci	r31, 0xFF	; 255
 26e:	80 81       	ld	r24, Z
 270:	91 81       	ldd	r25, Z+1	; 0x01
 272:	08 95       	ret
 274:	8e e2       	ldi	r24, 0x2E	; 46
 276:	91 e0       	ldi	r25, 0x01	; 1
    case I2C_STATUS_SUCCESS:
        return "i2c ok.";
    default:
        return "Unknown i2c error code.";
    }
}
 278:	08 95       	ret

0000027a <LCD_set_backlight>:
*/
void LCD_set_backlight(LiquidCrystalDevice_t *device, uint8_t bl)
{
    if (bl == LCD_BACKLIGHT_ON)
    {
        device->backlight = LCD_BACKLIGHT_ON;
 27a:	fc 01       	movw	r30, r24
/*
function to set backlight of LCD
*/
void LCD_set_backlight(LiquidCrystalDevice_t *device, uint8_t bl)
{
    if (bl == LCD_BACKLIGHT_ON)
 27c:	68 30       	cpi	r22, 0x08	; 8
 27e:	31 f0       	breq	.+12     	; 0x28c <LCD_set_backlight+0x12>
    {
        device->backlight = LCD_BACKLIGHT_ON;
    }
    else
    {
        device->backlight = LCD_BACKLIGHT_OFF;
 280:	13 82       	std	Z+3, r1	; 0x03
 282:	60 e0       	ldi	r22, 0x00	; 0
function to transmit data to the LCD via i2c
*/
void LCD_transmitI2C(LiquidCrystalDevice_t *device, uint8_t value)
{
    // LCD backlight setting is preserved in the lowest function call.
    i2c_master_send_byte(device->address, value | device->backlight);
 284:	fc 01       	movw	r30, r24
 286:	80 81       	ld	r24, Z
 288:	0c 94 ab 00 	jmp	0x156	; 0x156 <i2c_master_send_byte>
*/
void LCD_set_backlight(LiquidCrystalDevice_t *device, uint8_t bl)
{
    if (bl == LCD_BACKLIGHT_ON)
    {
        device->backlight = LCD_BACKLIGHT_ON;
 28c:	63 83       	std	Z+3, r22	; 0x03
function to transmit data to the LCD via i2c
*/
void LCD_transmitI2C(LiquidCrystalDevice_t *device, uint8_t value)
{
    // LCD backlight setting is preserved in the lowest function call.
    i2c_master_send_byte(device->address, value | device->backlight);
 28e:	fc 01       	movw	r30, r24
 290:	80 81       	ld	r24, Z
 292:	0c 94 ab 00 	jmp	0x156	; 0x156 <i2c_master_send_byte>

00000296 <LCD_write_4bits>:
/*
function to write 4 bits of data to the LCD
The LCD operates in 4-bit mode with the PCF8974.
*/
void LCD_write_4bits(LiquidCrystalDevice_t *device, uint8_t value)
{
 296:	0f 93       	push	r16
 298:	1f 93       	push	r17
 29a:	cf 93       	push	r28
 29c:	8c 01       	movw	r16, r24
 29e:	c6 2f       	mov	r28, r22
function to transmit data to the LCD via i2c
*/
void LCD_transmitI2C(LiquidCrystalDevice_t *device, uint8_t value)
{
    // LCD backlight setting is preserved in the lowest function call.
    i2c_master_send_byte(device->address, value | device->backlight);
 2a0:	fc 01       	movw	r30, r24
 2a2:	63 81       	ldd	r22, Z+3	; 0x03
 2a4:	6c 2b       	or	r22, r28
 2a6:	80 81       	ld	r24, Z
 2a8:	0e 94 ab 00 	call	0x156	; 0x156 <i2c_master_send_byte>
	#else
		//round up by default
		__ticks_dc = (uint32_t)(ceil(fabs(__tmp)));
	#endif

	__builtin_avr_delay_cycles(__ticks_dc);
 2ac:	f2 e4       	ldi	r31, 0x42	; 66
 2ae:	fa 95       	dec	r31
 2b0:	f1 f7       	brne	.-4      	; 0x2ae <LCD_write_4bits+0x18>
 2b2:	00 c0       	rjmp	.+0      	; 0x2b4 <LCD_write_4bits+0x1e>
*/
void LCD_write_4bits(LiquidCrystalDevice_t *device, uint8_t value)
{
    LCD_transmitI2C(device, value);
    _delay_us(200);
    LCD_transmitI2C(device, value | LCD_E_PCF8974);
 2b4:	6c 2f       	mov	r22, r28
 2b6:	64 60       	ori	r22, 0x04	; 4
function to transmit data to the LCD via i2c
*/
void LCD_transmitI2C(LiquidCrystalDevice_t *device, uint8_t value)
{
    // LCD backlight setting is preserved in the lowest function call.
    i2c_master_send_byte(device->address, value | device->backlight);
 2b8:	f8 01       	movw	r30, r16
 2ba:	83 81       	ldd	r24, Z+3	; 0x03
 2bc:	68 2b       	or	r22, r24
 2be:	80 81       	ld	r24, Z
 2c0:	0e 94 ab 00 	call	0x156	; 0x156 <i2c_master_send_byte>
 2c4:	f2 e4       	ldi	r31, 0x42	; 66
 2c6:	fa 95       	dec	r31
 2c8:	f1 f7       	brne	.-4      	; 0x2c6 <LCD_write_4bits+0x30>
 2ca:	00 c0       	rjmp	.+0      	; 0x2cc <LCD_write_4bits+0x36>
{
    LCD_transmitI2C(device, value);
    _delay_us(200);
    LCD_transmitI2C(device, value | LCD_E_PCF8974);
    _delay_us(200);
    LCD_transmitI2C(device, value & ~LCD_E_PCF8974);
 2cc:	cb 7f       	andi	r28, 0xFB	; 251
function to transmit data to the LCD via i2c
*/
void LCD_transmitI2C(LiquidCrystalDevice_t *device, uint8_t value)
{
    // LCD backlight setting is preserved in the lowest function call.
    i2c_master_send_byte(device->address, value | device->backlight);
 2ce:	f8 01       	movw	r30, r16
 2d0:	63 81       	ldd	r22, Z+3	; 0x03
 2d2:	6c 2b       	or	r22, r28
 2d4:	80 81       	ld	r24, Z
 2d6:	0e 94 ab 00 	call	0x156	; 0x156 <i2c_master_send_byte>
 2da:	f2 e4       	ldi	r31, 0x42	; 66
 2dc:	fa 95       	dec	r31
 2de:	f1 f7       	brne	.-4      	; 0x2dc <LCD_write_4bits+0x46>
 2e0:	00 c0       	rjmp	.+0      	; 0x2e2 <LCD_write_4bits+0x4c>
    _delay_us(200);
    LCD_transmitI2C(device, value | LCD_E_PCF8974);
    _delay_us(200);
    LCD_transmitI2C(device, value & ~LCD_E_PCF8974);
    _delay_us(200);
}
 2e2:	cf 91       	pop	r28
 2e4:	1f 91       	pop	r17
 2e6:	0f 91       	pop	r16
 2e8:	08 95       	ret

000002ea <LCD_write_byte>:
function to send byte to LCD
PCF8574 to LCD pinout
D7 D6 D5 D4 BL E RW RS
*/
void LCD_write_byte(LiquidCrystalDevice_t *device, uint8_t value, uint8_t mode)
{
 2ea:	0f 93       	push	r16
 2ec:	1f 93       	push	r17
 2ee:	cf 93       	push	r28
 2f0:	df 93       	push	r29
 2f2:	8c 01       	movw	r16, r24
 2f4:	d6 2f       	mov	r29, r22
 2f6:	c4 2f       	mov	r28, r20
    uint8_t highnib = value & 0xf0;
 2f8:	60 7f       	andi	r22, 0xF0	; 240
    uint8_t lownib = (value << 4) & 0xf0;

    LCD_write_4bits(device, highnib | mode);
 2fa:	64 2b       	or	r22, r20
 2fc:	0e 94 4b 01 	call	0x296	; 0x296 <LCD_write_4bits>
D7 D6 D5 D4 BL E RW RS
*/
void LCD_write_byte(LiquidCrystalDevice_t *device, uint8_t value, uint8_t mode)
{
    uint8_t highnib = value & 0xf0;
    uint8_t lownib = (value << 4) & 0xf0;
 300:	80 e1       	ldi	r24, 0x10	; 16
 302:	d8 9f       	mul	r29, r24
 304:	b0 01       	movw	r22, r0
 306:	11 24       	eor	r1, r1

    LCD_write_4bits(device, highnib | mode);
    LCD_write_4bits(device, lownib | mode);
 308:	6c 2b       	or	r22, r28
 30a:	c8 01       	movw	r24, r16
}
 30c:	df 91       	pop	r29
 30e:	cf 91       	pop	r28
 310:	1f 91       	pop	r17
 312:	0f 91       	pop	r16
{
    uint8_t highnib = value & 0xf0;
    uint8_t lownib = (value << 4) & 0xf0;

    LCD_write_4bits(device, highnib | mode);
    LCD_write_4bits(device, lownib | mode);
 314:	0c 94 4b 01 	jmp	0x296	; 0x296 <LCD_write_4bits>

00000318 <LCD_send_command>:
D7 D6 D5 D4 BL E RW RS
*/
void LCD_send_command(LiquidCrystalDevice_t *device, uint8_t command)
{
    // mode is 0 because when sending a command, RW is 0 and RS is 0.
    LCD_write_byte(device, command, 0);
 318:	40 e0       	ldi	r20, 0x00	; 0
 31a:	0c 94 75 01 	jmp	0x2ea	; 0x2ea <LCD_write_byte>

0000031e <LCD_clear>:
 31e:	40 e0       	ldi	r20, 0x00	; 0
 320:	61 e0       	ldi	r22, 0x01	; 1
 322:	0e 94 75 01 	call	0x2ea	; 0x2ea <LCD_write_byte>
 326:	83 ef       	ldi	r24, 0xF3	; 243
 328:	91 e0       	ldi	r25, 0x01	; 1
 32a:	01 97       	sbiw	r24, 0x01	; 1
 32c:	f1 f7       	brne	.-4      	; 0x32a <LCD_clear+0xc>
 32e:	00 c0       	rjmp	.+0      	; 0x330 <LCD_clear+0x12>
 330:	00 00       	nop
*/
void LCD_clear(LiquidCrystalDevice_t *device)
{
    LCD_send_command(device, LCD_CLEAR_DISPLAY);
    _delay_us(2000);
}
 332:	08 95       	ret

00000334 <LCD_set_cursor>:

/*
function to set LCD cursor
*/
void LCD_set_cursor(LiquidCrystalDevice_t *device, uint8_t row, uint8_t column)
{
 334:	cf 93       	push	r28
 336:	df 93       	push	r29
 338:	00 d0       	rcall	.+0      	; 0x33a <LCD_set_cursor+0x6>
 33a:	00 d0       	rcall	.+0      	; 0x33c <LCD_set_cursor+0x8>
 33c:	cd b7       	in	r28, 0x3d	; 61
 33e:	de b7       	in	r29, 0x3e	; 62
    // addresses of the start of each row on the HD44780
    uint8_t row_offsets[] = {0x00, 0x40, 0x14, 0x54};
 340:	19 82       	std	Y+1, r1	; 0x01
 342:	20 e4       	ldi	r18, 0x40	; 64
 344:	2a 83       	std	Y+2, r18	; 0x02
 346:	24 e1       	ldi	r18, 0x14	; 20
 348:	2b 83       	std	Y+3, r18	; 0x03
 34a:	24 e5       	ldi	r18, 0x54	; 84
 34c:	2c 83       	std	Y+4, r18	; 0x04
    LCD_send_command(device, LCD_SETDDRAMADDR | (row_offsets[row] + column));
 34e:	fe 01       	movw	r30, r28
 350:	e6 0f       	add	r30, r22
 352:	f1 1d       	adc	r31, r1
 354:	61 81       	ldd	r22, Z+1	; 0x01
 356:	64 0f       	add	r22, r20
 358:	60 68       	ori	r22, 0x80	; 128
D7 D6 D5 D4 BL E RW RS
*/
void LCD_send_command(LiquidCrystalDevice_t *device, uint8_t command)
{
    // mode is 0 because when sending a command, RW is 0 and RS is 0.
    LCD_write_byte(device, command, 0);
 35a:	40 e0       	ldi	r20, 0x00	; 0
void LCD_set_cursor(LiquidCrystalDevice_t *device, uint8_t row, uint8_t column)
{
    // addresses of the start of each row on the HD44780
    uint8_t row_offsets[] = {0x00, 0x40, 0x14, 0x54};
    LCD_send_command(device, LCD_SETDDRAMADDR | (row_offsets[row] + column));
}
 35c:	0f 90       	pop	r0
 35e:	0f 90       	pop	r0
 360:	0f 90       	pop	r0
 362:	0f 90       	pop	r0
 364:	df 91       	pop	r29
 366:	cf 91       	pop	r28
D7 D6 D5 D4 BL E RW RS
*/
void LCD_send_command(LiquidCrystalDevice_t *device, uint8_t command)
{
    // mode is 0 because when sending a command, RW is 0 and RS is 0.
    LCD_write_byte(device, command, 0);
 368:	0c 94 75 01 	jmp	0x2ea	; 0x2ea <LCD_write_byte>

0000036c <LCD_return_home>:
 36c:	40 e0       	ldi	r20, 0x00	; 0
 36e:	62 e0       	ldi	r22, 0x02	; 2
 370:	0e 94 75 01 	call	0x2ea	; 0x2ea <LCD_write_byte>
 374:	83 ef       	ldi	r24, 0xF3	; 243
 376:	91 e0       	ldi	r25, 0x01	; 1
 378:	01 97       	sbiw	r24, 0x01	; 1
 37a:	f1 f7       	brne	.-4      	; 0x378 <LCD_return_home+0xc>
 37c:	00 c0       	rjmp	.+0      	; 0x37e <LCD_return_home+0x12>
 37e:	00 00       	nop
*/
void LCD_return_home(LiquidCrystalDevice_t *device)
{
    LCD_send_command(device, LCD_RETURN_HOME);
    _delay_us(2000);
}
 380:	08 95       	ret

00000382 <LCD_set_display_state>:

/*
function to set LCD display on/off
*/
void LCD_set_display_state(LiquidCrystalDevice_t *device, uint8_t displayState)
{
 382:	fc 01       	movw	r30, r24
 384:	95 81       	ldd	r25, Z+5	; 0x05
    if (displayState == LCD_DISPLAY_ON)
 386:	64 30       	cpi	r22, 0x04	; 4
 388:	41 f0       	breq	.+16     	; 0x39a <LCD_set_display_state+0x18>
    {
        device->displayControl |= LCD_DISPLAY_ON;
    }
    else
    {
        device->displayControl &= ~LCD_DISPLAY_ON;
 38a:	69 2f       	mov	r22, r25
 38c:	6b 7f       	andi	r22, 0xFB	; 251
 38e:	65 83       	std	Z+5, r22	; 0x05
    }
    LCD_send_command(device, LCD_DISPLAYCONTROL | device->displayControl);
 390:	68 60       	ori	r22, 0x08	; 8
D7 D6 D5 D4 BL E RW RS
*/
void LCD_send_command(LiquidCrystalDevice_t *device, uint8_t command)
{
    // mode is 0 because when sending a command, RW is 0 and RS is 0.
    LCD_write_byte(device, command, 0);
 392:	40 e0       	ldi	r20, 0x00	; 0
 394:	cf 01       	movw	r24, r30
 396:	0c 94 75 01 	jmp	0x2ea	; 0x2ea <LCD_write_byte>
*/
void LCD_set_display_state(LiquidCrystalDevice_t *device, uint8_t displayState)
{
    if (displayState == LCD_DISPLAY_ON)
    {
        device->displayControl |= LCD_DISPLAY_ON;
 39a:	69 2f       	mov	r22, r25
 39c:	64 60       	ori	r22, 0x04	; 4
 39e:	65 83       	std	Z+5, r22	; 0x05
    }
    else
    {
        device->displayControl &= ~LCD_DISPLAY_ON;
    }
    LCD_send_command(device, LCD_DISPLAYCONTROL | device->displayControl);
 3a0:	68 60       	ori	r22, 0x08	; 8
D7 D6 D5 D4 BL E RW RS
*/
void LCD_send_command(LiquidCrystalDevice_t *device, uint8_t command)
{
    // mode is 0 because when sending a command, RW is 0 and RS is 0.
    LCD_write_byte(device, command, 0);
 3a2:	40 e0       	ldi	r20, 0x00	; 0
 3a4:	cf 01       	movw	r24, r30
 3a6:	0c 94 75 01 	jmp	0x2ea	; 0x2ea <LCD_write_byte>

000003aa <LCD_set_cursor_state>:

/*
function to set LCD cursor on/off
*/
void LCD_set_cursor_state(LiquidCrystalDevice_t *device, uint8_t cursor)
{
 3aa:	fc 01       	movw	r30, r24
 3ac:	95 81       	ldd	r25, Z+5	; 0x05
    if (cursor == LCD_CURSOR_ON)
 3ae:	62 30       	cpi	r22, 0x02	; 2
 3b0:	41 f0       	breq	.+16     	; 0x3c2 <LCD_set_cursor_state+0x18>
    {
        device->displayControl |= LCD_CURSOR_ON;
    }
    else
    {
        device->displayControl &= ~LCD_CURSOR_ON;
 3b2:	69 2f       	mov	r22, r25
 3b4:	6d 7f       	andi	r22, 0xFD	; 253
 3b6:	65 83       	std	Z+5, r22	; 0x05
    }
    LCD_send_command(device, LCD_DISPLAYCONTROL | device->displayControl);
 3b8:	68 60       	ori	r22, 0x08	; 8
D7 D6 D5 D4 BL E RW RS
*/
void LCD_send_command(LiquidCrystalDevice_t *device, uint8_t command)
{
    // mode is 0 because when sending a command, RW is 0 and RS is 0.
    LCD_write_byte(device, command, 0);
 3ba:	40 e0       	ldi	r20, 0x00	; 0
 3bc:	cf 01       	movw	r24, r30
 3be:	0c 94 75 01 	jmp	0x2ea	; 0x2ea <LCD_write_byte>
*/
void LCD_set_cursor_state(LiquidCrystalDevice_t *device, uint8_t cursor)
{
    if (cursor == LCD_CURSOR_ON)
    {
        device->displayControl |= LCD_CURSOR_ON;
 3c2:	69 2f       	mov	r22, r25
 3c4:	62 60       	ori	r22, 0x02	; 2
 3c6:	65 83       	std	Z+5, r22	; 0x05
    }
    else
    {
        device->displayControl &= ~LCD_CURSOR_ON;
    }
    LCD_send_command(device, LCD_DISPLAYCONTROL | device->displayControl);
 3c8:	68 60       	ori	r22, 0x08	; 8
D7 D6 D5 D4 BL E RW RS
*/
void LCD_send_command(LiquidCrystalDevice_t *device, uint8_t command)
{
    // mode is 0 because when sending a command, RW is 0 and RS is 0.
    LCD_write_byte(device, command, 0);
 3ca:	40 e0       	ldi	r20, 0x00	; 0
 3cc:	cf 01       	movw	r24, r30
 3ce:	0c 94 75 01 	jmp	0x2ea	; 0x2ea <LCD_write_byte>

000003d2 <LCD_set_cursor_blink>:

/*
function to set LCD cursor blink on/off
*/
void LCD_set_cursor_blink(LiquidCrystalDevice_t *device, uint8_t blink)
{
 3d2:	fc 01       	movw	r30, r24
 3d4:	95 81       	ldd	r25, Z+5	; 0x05
    if (blink == LCD_CURSOR_BLINK)
 3d6:	61 30       	cpi	r22, 0x01	; 1
 3d8:	41 f0       	breq	.+16     	; 0x3ea <LCD_set_cursor_blink+0x18>
    {
        device->displayControl |= LCD_CURSOR_BLINK;
    }
    else
    {
        device->displayControl &= ~LCD_CURSOR_BLINK;
 3da:	69 2f       	mov	r22, r25
 3dc:	6e 7f       	andi	r22, 0xFE	; 254
 3de:	65 83       	std	Z+5, r22	; 0x05
    }
    LCD_send_command(device, LCD_DISPLAYCONTROL | device->displayControl);
 3e0:	68 60       	ori	r22, 0x08	; 8
D7 D6 D5 D4 BL E RW RS
*/
void LCD_send_command(LiquidCrystalDevice_t *device, uint8_t command)
{
    // mode is 0 because when sending a command, RW is 0 and RS is 0.
    LCD_write_byte(device, command, 0);
 3e2:	40 e0       	ldi	r20, 0x00	; 0
 3e4:	cf 01       	movw	r24, r30
 3e6:	0c 94 75 01 	jmp	0x2ea	; 0x2ea <LCD_write_byte>
*/
void LCD_set_cursor_blink(LiquidCrystalDevice_t *device, uint8_t blink)
{
    if (blink == LCD_CURSOR_BLINK)
    {
        device->displayControl |= LCD_CURSOR_BLINK;
 3ea:	69 2f       	mov	r22, r25
 3ec:	61 60       	ori	r22, 0x01	; 1
 3ee:	65 83       	std	Z+5, r22	; 0x05
    }
    else
    {
        device->displayControl &= ~LCD_CURSOR_BLINK;
    }
    LCD_send_command(device, LCD_DISPLAYCONTROL | device->displayControl);
 3f0:	68 60       	ori	r22, 0x08	; 8
D7 D6 D5 D4 BL E RW RS
*/
void LCD_send_command(LiquidCrystalDevice_t *device, uint8_t command)
{
    // mode is 0 because when sending a command, RW is 0 and RS is 0.
    LCD_write_byte(device, command, 0);
 3f2:	40 e0       	ldi	r20, 0x00	; 0
 3f4:	cf 01       	movw	r24, r30
 3f6:	0c 94 75 01 	jmp	0x2ea	; 0x2ea <LCD_write_byte>

000003fa <LCD_scroll>:
function to scroll LCD left/right
direction is either LCD_SHIFT_LEFT or LCD_SHIFT_RIGHT.
*/
void LCD_scroll(LiquidCrystalDevice_t *device, uint8_t direction)
{
    LCD_send_command(device, LCD_CURSORSHIFT | LCD_DISPLAY_SHIFT | direction);
 3fa:	68 61       	ori	r22, 0x18	; 24
D7 D6 D5 D4 BL E RW RS
*/
void LCD_send_command(LiquidCrystalDevice_t *device, uint8_t command)
{
    // mode is 0 because when sending a command, RW is 0 and RS is 0.
    LCD_write_byte(device, command, 0);
 3fc:	40 e0       	ldi	r20, 0x00	; 0
 3fe:	0c 94 75 01 	jmp	0x2ea	; 0x2ea <LCD_write_byte>

00000402 <LCD_set_scroll_dir>:

/*
function to set LCD scroll direction to either LTR or RTL
*/
void LCD_set_scroll_dir(LiquidCrystalDevice_t *device, uint8_t direction)
{
 402:	fc 01       	movw	r30, r24
 404:	96 81       	ldd	r25, Z+6	; 0x06
    if (direction == LCD_ENTRY_LEFT)
 406:	62 30       	cpi	r22, 0x02	; 2
 408:	41 f0       	breq	.+16     	; 0x41a <LCD_set_scroll_dir+0x18>
    {
        device->displayMode |= LCD_ENTRY_LEFT;
    }
    else
    {
        device->displayMode &= ~LCD_ENTRY_LEFT;
 40a:	69 2f       	mov	r22, r25
 40c:	6d 7f       	andi	r22, 0xFD	; 253
 40e:	66 83       	std	Z+6, r22	; 0x06
    }
    LCD_send_command(device, LCD_ENTRYMODESET | device->displayMode);
 410:	64 60       	ori	r22, 0x04	; 4
D7 D6 D5 D4 BL E RW RS
*/
void LCD_send_command(LiquidCrystalDevice_t *device, uint8_t command)
{
    // mode is 0 because when sending a command, RW is 0 and RS is 0.
    LCD_write_byte(device, command, 0);
 412:	40 e0       	ldi	r20, 0x00	; 0
 414:	cf 01       	movw	r24, r30
 416:	0c 94 75 01 	jmp	0x2ea	; 0x2ea <LCD_write_byte>
*/
void LCD_set_scroll_dir(LiquidCrystalDevice_t *device, uint8_t direction)
{
    if (direction == LCD_ENTRY_LEFT)
    {
        device->displayMode |= LCD_ENTRY_LEFT;
 41a:	69 2f       	mov	r22, r25
 41c:	62 60       	ori	r22, 0x02	; 2
 41e:	66 83       	std	Z+6, r22	; 0x06
    }
    else
    {
        device->displayMode &= ~LCD_ENTRY_LEFT;
    }
    LCD_send_command(device, LCD_ENTRYMODESET | device->displayMode);
 420:	64 60       	ori	r22, 0x04	; 4
D7 D6 D5 D4 BL E RW RS
*/
void LCD_send_command(LiquidCrystalDevice_t *device, uint8_t command)
{
    // mode is 0 because when sending a command, RW is 0 and RS is 0.
    LCD_write_byte(device, command, 0);
 422:	40 e0       	ldi	r20, 0x00	; 0
 424:	cf 01       	movw	r24, r30
 426:	0c 94 75 01 	jmp	0x2ea	; 0x2ea <LCD_write_byte>

0000042a <LCD_set_autoscroll>:

/*
function to set LCD autoscroll on/off
*/
void LCD_set_autoscroll(LiquidCrystalDevice_t *device, uint8_t autoscroll)
{
 42a:	fc 01       	movw	r30, r24
 42c:	96 81       	ldd	r25, Z+6	; 0x06
    if (autoscroll == LCD_ENTRY_SHIFT_INCREMENT)
 42e:	61 30       	cpi	r22, 0x01	; 1
 430:	41 f0       	breq	.+16     	; 0x442 <LCD_set_autoscroll+0x18>
    {
        device->displayMode |= LCD_ENTRY_SHIFT_INCREMENT;
    }
    else
    {
        device->displayMode &= ~LCD_ENTRY_SHIFT_INCREMENT;
 432:	69 2f       	mov	r22, r25
 434:	6e 7f       	andi	r22, 0xFE	; 254
 436:	66 83       	std	Z+6, r22	; 0x06
    }
    LCD_send_command(device, LCD_ENTRYMODESET | device->displayMode);
 438:	64 60       	ori	r22, 0x04	; 4
D7 D6 D5 D4 BL E RW RS
*/
void LCD_send_command(LiquidCrystalDevice_t *device, uint8_t command)
{
    // mode is 0 because when sending a command, RW is 0 and RS is 0.
    LCD_write_byte(device, command, 0);
 43a:	40 e0       	ldi	r20, 0x00	; 0
 43c:	cf 01       	movw	r24, r30
 43e:	0c 94 75 01 	jmp	0x2ea	; 0x2ea <LCD_write_byte>
*/
void LCD_set_autoscroll(LiquidCrystalDevice_t *device, uint8_t autoscroll)
{
    if (autoscroll == LCD_ENTRY_SHIFT_INCREMENT)
    {
        device->displayMode |= LCD_ENTRY_SHIFT_INCREMENT;
 442:	69 2f       	mov	r22, r25
 444:	61 60       	ori	r22, 0x01	; 1
 446:	66 83       	std	Z+6, r22	; 0x06
    }
    else
    {
        device->displayMode &= ~LCD_ENTRY_SHIFT_INCREMENT;
    }
    LCD_send_command(device, LCD_ENTRYMODESET | device->displayMode);
 448:	64 60       	ori	r22, 0x04	; 4
D7 D6 D5 D4 BL E RW RS
*/
void LCD_send_command(LiquidCrystalDevice_t *device, uint8_t command)
{
    // mode is 0 because when sending a command, RW is 0 and RS is 0.
    LCD_write_byte(device, command, 0);
 44a:	40 e0       	ldi	r20, 0x00	; 0
 44c:	cf 01       	movw	r24, r30
 44e:	0c 94 75 01 	jmp	0x2ea	; 0x2ea <LCD_write_byte>

00000452 <LCD_create_custom_char>:
D7 D6 D5 D4 BL E RW RS
*/
void LCD_create_custom_char(LiquidCrystalDevice_t *device,
                            uint8_t slot,
                            uint8_t charmap[8])
{
 452:	ef 92       	push	r14
 454:	ff 92       	push	r15
 456:	0f 93       	push	r16
 458:	1f 93       	push	r17
 45a:	cf 93       	push	r28
 45c:	df 93       	push	r29
 45e:	8c 01       	movw	r16, r24
 460:	7a 01       	movw	r14, r20
    uint8_t i = 0;
    // only 8 locations for custom characters 0-7
    slot &= 0x7;
 462:	67 70       	andi	r22, 0x07	; 7
    LCD_send_command(device, LCD_SETCGRAMADDR | (slot << 3));
 464:	66 0f       	add	r22, r22
 466:	66 0f       	add	r22, r22
 468:	66 0f       	add	r22, r22
 46a:	60 64       	ori	r22, 0x40	; 64
D7 D6 D5 D4 BL E RW RS
*/
void LCD_send_command(LiquidCrystalDevice_t *device, uint8_t command)
{
    // mode is 0 because when sending a command, RW is 0 and RS is 0.
    LCD_write_byte(device, command, 0);
 46c:	40 e0       	ldi	r20, 0x00	; 0
 46e:	0e 94 75 01 	call	0x2ea	; 0x2ea <LCD_write_byte>
 472:	e7 01       	movw	r28, r14
 474:	88 e0       	ldi	r24, 0x08	; 8
 476:	e8 0e       	add	r14, r24
 478:	f1 1c       	adc	r15, r1
    slot &= 0x7;
    LCD_send_command(device, LCD_SETCGRAMADDR | (slot << 3));

    for (i = 0; i < 8; i++)
    {
        LCD_write_byte(device, charmap[i], LCD_RS_PCF8974);
 47a:	69 91       	ld	r22, Y+
 47c:	41 e0       	ldi	r20, 0x01	; 1
 47e:	c8 01       	movw	r24, r16
 480:	0e 94 75 01 	call	0x2ea	; 0x2ea <LCD_write_byte>
    uint8_t i = 0;
    // only 8 locations for custom characters 0-7
    slot &= 0x7;
    LCD_send_command(device, LCD_SETCGRAMADDR | (slot << 3));

    for (i = 0; i < 8; i++)
 484:	ce 15       	cp	r28, r14
 486:	df 05       	cpc	r29, r15
 488:	c1 f7       	brne	.-16     	; 0x47a <LCD_create_custom_char+0x28>
    {
        LCD_write_byte(device, charmap[i], LCD_RS_PCF8974);
    }
}
 48a:	df 91       	pop	r29
 48c:	cf 91       	pop	r28
 48e:	1f 91       	pop	r17
 490:	0f 91       	pop	r16
 492:	ff 90       	pop	r15
 494:	ef 90       	pop	r14
 496:	08 95       	ret

00000498 <LCD_print>:

/*
function to write string to LCD
*/
void LCD_print(LiquidCrystalDevice_t *device, char *s)
{
 498:	ef 92       	push	r14
 49a:	ff 92       	push	r15
 49c:	0f 93       	push	r16
 49e:	1f 93       	push	r17
 4a0:	cf 93       	push	r28
 4a2:	fb 01       	movw	r30, r22
    uint8_t i = 0;
    while (s[i] != 0x00)
 4a4:	60 81       	ld	r22, Z
 4a6:	66 23       	and	r22, r22
 4a8:	71 f0       	breq	.+28     	; 0x4c6 <LCD_print+0x2e>
 4aa:	8f 01       	movw	r16, r30
 4ac:	7c 01       	movw	r14, r24
/*
function to write string to LCD
*/
void LCD_print(LiquidCrystalDevice_t *device, char *s)
{
    uint8_t i = 0;
 4ae:	c0 e0       	ldi	r28, 0x00	; 0
    while (s[i] != 0x00)
    {
        LCD_write_byte(device, s[i], LCD_RS_PCF8974);
 4b0:	41 e0       	ldi	r20, 0x01	; 1
 4b2:	c7 01       	movw	r24, r14
 4b4:	0e 94 75 01 	call	0x2ea	; 0x2ea <LCD_write_byte>
        i++;
 4b8:	cf 5f       	subi	r28, 0xFF	; 255
function to write string to LCD
*/
void LCD_print(LiquidCrystalDevice_t *device, char *s)
{
    uint8_t i = 0;
    while (s[i] != 0x00)
 4ba:	f8 01       	movw	r30, r16
 4bc:	ec 0f       	add	r30, r28
 4be:	f1 1d       	adc	r31, r1
 4c0:	60 81       	ld	r22, Z
 4c2:	61 11       	cpse	r22, r1
 4c4:	f5 cf       	rjmp	.-22     	; 0x4b0 <LCD_print+0x18>
    {
        LCD_write_byte(device, s[i], LCD_RS_PCF8974);
        i++;
    }
}
 4c6:	cf 91       	pop	r28
 4c8:	1f 91       	pop	r17
 4ca:	0f 91       	pop	r16
 4cc:	ff 90       	pop	r15
 4ce:	ef 90       	pop	r14
 4d0:	08 95       	ret

000004d2 <LCD_init>:
*/
LiquidCrystalDevice_t LCD_init(uint8_t address,
                               uint8_t columns,
                               uint8_t rows,
                               uint8_t dotSize)
{
 4d2:	cf 93       	push	r28
 4d4:	df 93       	push	r29
 4d6:	cd b7       	in	r28, 0x3d	; 61
 4d8:	de b7       	in	r29, 0x3e	; 62
 4da:	2e 97       	sbiw	r28, 0x0e	; 14
 4dc:	0f b6       	in	r0, 0x3f	; 63
 4de:	f8 94       	cli
 4e0:	de bf       	out	0x3e, r29	; 62
 4e2:	0f be       	out	0x3f, r0	; 63
 4e4:	cd bf       	out	0x3d, r28	; 61
    LiquidCrystalDevice_t device;
    device.address = address;
 4e6:	88 87       	std	Y+8, r24	; 0x08
    device.columns = columns;
 4e8:	69 87       	std	Y+9, r22	; 0x09
    device.rows = rows;
 4ea:	4a 87       	std	Y+10, r20	; 0x0a
    // set display function to 4-bit mode, 1 line, and dotSize (either 5x8 or 5x10)
    device.displayFunction = LCD_DATA_LENGTH_4BITS | LCD_DISPLAY_1LINE | dotSize;
 4ec:	2c 87       	std	Y+12, r18	; 0x0c
    // set display control
    device.displayControl = LCD_DISPLAY_ON | LCD_CURSOR_ON | LCD_CURSOR_NOBLINK;
 4ee:	86 e0       	ldi	r24, 0x06	; 6
 4f0:	8d 87       	std	Y+13, r24	; 0x0d
    // set LCD display mode
    // set display mode to default text direction (for Roman languages)
    device.displayMode = LCD_ENTRY_SHIFT_DECREMENT | LCD_ENTRY_LEFT;
 4f2:	82 e0       	ldi	r24, 0x02	; 2
 4f4:	8e 87       	std	Y+14, r24	; 0x0e

    /*
    2 line display
    */
    if (rows > 1)
 4f6:	42 30       	cpi	r20, 0x02	; 2
 4f8:	08 f4       	brcc	.+2      	; 0x4fc <LCD_init+0x2a>
 4fa:	77 c0       	rjmp	.+238    	; 0x5ea <LCD_init+0x118>
    {
        device.displayFunction |= LCD_DISPLAY_2LINES;
 4fc:	28 60       	ori	r18, 0x08	; 8
 4fe:	2c 87       	std	Y+12, r18	; 0x0c
	#else
		//round up by default
		__ticks_dc = (uint32_t)(ceil(fabs(__tmp)));
	#endif

	__builtin_avr_delay_cycles(__ticks_dc);
 500:	83 ed       	ldi	r24, 0xD3	; 211
 502:	90 e3       	ldi	r25, 0x30	; 48
 504:	01 97       	sbiw	r24, 0x01	; 1
 506:	f1 f7       	brne	.-4      	; 0x504 <LCD_init+0x32>
 508:	00 c0       	rjmp	.+0      	; 0x50a <LCD_init+0x38>
 50a:	00 00       	nop

    /*
    commence initialization
    */
    _delay_ms(50);
    LCD_write_4bits(&device, 0x03 << 4);
 50c:	60 e3       	ldi	r22, 0x30	; 48
 50e:	ce 01       	movw	r24, r28
 510:	08 96       	adiw	r24, 0x08	; 8
 512:	0e 94 4b 01 	call	0x296	; 0x296 <LCD_write_4bits>
 516:	81 ee       	ldi	r24, 0xE1	; 225
 518:	94 e0       	ldi	r25, 0x04	; 4
 51a:	01 97       	sbiw	r24, 0x01	; 1
 51c:	f1 f7       	brne	.-4      	; 0x51a <LCD_init+0x48>
 51e:	00 c0       	rjmp	.+0      	; 0x520 <LCD_init+0x4e>
 520:	00 00       	nop
    _delay_ms(5);
    LCD_write_4bits(&device, 0x03 << 4);
 522:	60 e3       	ldi	r22, 0x30	; 48
 524:	ce 01       	movw	r24, r28
 526:	08 96       	adiw	r24, 0x08	; 8
 528:	0e 94 4b 01 	call	0x296	; 0x296 <LCD_write_4bits>
 52c:	81 ee       	ldi	r24, 0xE1	; 225
 52e:	94 e0       	ldi	r25, 0x04	; 4
 530:	01 97       	sbiw	r24, 0x01	; 1
 532:	f1 f7       	brne	.-4      	; 0x530 <LCD_init+0x5e>
 534:	00 c0       	rjmp	.+0      	; 0x536 <LCD_init+0x64>
 536:	00 00       	nop
    _delay_ms(5);
    LCD_write_4bits(&device, 0x03 << 4);
 538:	60 e3       	ldi	r22, 0x30	; 48
 53a:	ce 01       	movw	r24, r28
 53c:	08 96       	adiw	r24, 0x08	; 8
 53e:	0e 94 4b 01 	call	0x296	; 0x296 <LCD_write_4bits>
	#else
		//round up by default
		__ticks_dc = (uint32_t)(ceil(fabs(__tmp)));
	#endif

	__builtin_avr_delay_cycles(__ticks_dc);
 542:	92 e3       	ldi	r25, 0x32	; 50
 544:	9a 95       	dec	r25
 546:	f1 f7       	brne	.-4      	; 0x544 <LCD_init+0x72>
    _delay_us(150);

    LCD_write_4bits(&device, 0x02 << 4);
 548:	60 e2       	ldi	r22, 0x20	; 32
 54a:	ce 01       	movw	r24, r28
 54c:	08 96       	adiw	r24, 0x08	; 8
 54e:	0e 94 4b 01 	call	0x296	; 0x296 <LCD_write_4bits>
 552:	82 e3       	ldi	r24, 0x32	; 50
 554:	8a 95       	dec	r24
 556:	f1 f7       	brne	.-4      	; 0x554 <LCD_init+0x82>
    _delay_us(150);
    LCD_send_command(&device, LCD_FUNCTIONSET | device.displayFunction);
 558:	6c 85       	ldd	r22, Y+12	; 0x0c
 55a:	60 62       	ori	r22, 0x20	; 32
D7 D6 D5 D4 BL E RW RS
*/
void LCD_send_command(LiquidCrystalDevice_t *device, uint8_t command)
{
    // mode is 0 because when sending a command, RW is 0 and RS is 0.
    LCD_write_byte(device, command, 0);
 55c:	40 e0       	ldi	r20, 0x00	; 0
 55e:	ce 01       	movw	r24, r28
 560:	08 96       	adiw	r24, 0x08	; 8
 562:	0e 94 75 01 	call	0x2ea	; 0x2ea <LCD_write_byte>
    {
        device->displayControl |= LCD_DISPLAY_ON;
    }
    else
    {
        device->displayControl &= ~LCD_DISPLAY_ON;
 566:	6d 85       	ldd	r22, Y+13	; 0x0d
 568:	6b 7f       	andi	r22, 0xFB	; 251
 56a:	6d 87       	std	Y+13, r22	; 0x0d
    }
    LCD_send_command(device, LCD_DISPLAYCONTROL | device->displayControl);
 56c:	68 60       	ori	r22, 0x08	; 8
D7 D6 D5 D4 BL E RW RS
*/
void LCD_send_command(LiquidCrystalDevice_t *device, uint8_t command)
{
    // mode is 0 because when sending a command, RW is 0 and RS is 0.
    LCD_write_byte(device, command, 0);
 56e:	40 e0       	ldi	r20, 0x00	; 0
 570:	ce 01       	movw	r24, r28
 572:	08 96       	adiw	r24, 0x08	; 8
 574:	0e 94 75 01 	call	0x2ea	; 0x2ea <LCD_write_byte>
 578:	40 e0       	ldi	r20, 0x00	; 0
 57a:	61 e0       	ldi	r22, 0x01	; 1
 57c:	ce 01       	movw	r24, r28
 57e:	08 96       	adiw	r24, 0x08	; 8
 580:	0e 94 75 01 	call	0x2ea	; 0x2ea <LCD_write_byte>
 584:	83 ef       	ldi	r24, 0xF3	; 243
 586:	91 e0       	ldi	r25, 0x01	; 1
 588:	01 97       	sbiw	r24, 0x01	; 1
 58a:	f1 f7       	brne	.-4      	; 0x588 <LCD_init+0xb6>
 58c:	00 c0       	rjmp	.+0      	; 0x58e <LCD_init+0xbc>
 58e:	00 00       	nop
    _delay_us(150);
    LCD_send_command(&device, LCD_FUNCTIONSET | device.displayFunction);

    LCD_set_display_state(&device, LCD_DISPLAY_OFF);
    LCD_clear(&device);
    LCD_send_command(&device, LCD_ENTRYMODESET | device.displayMode);
 590:	6e 85       	ldd	r22, Y+14	; 0x0e
 592:	64 60       	ori	r22, 0x04	; 4
D7 D6 D5 D4 BL E RW RS
*/
void LCD_send_command(LiquidCrystalDevice_t *device, uint8_t command)
{
    // mode is 0 because when sending a command, RW is 0 and RS is 0.
    LCD_write_byte(device, command, 0);
 594:	40 e0       	ldi	r20, 0x00	; 0
 596:	ce 01       	movw	r24, r28
 598:	08 96       	adiw	r24, 0x08	; 8
 59a:	0e 94 75 01 	call	0x2ea	; 0x2ea <LCD_write_byte>
 59e:	40 e0       	ldi	r20, 0x00	; 0
 5a0:	62 e0       	ldi	r22, 0x02	; 2
 5a2:	ce 01       	movw	r24, r28
 5a4:	08 96       	adiw	r24, 0x08	; 8
 5a6:	0e 94 75 01 	call	0x2ea	; 0x2ea <LCD_write_byte>
 5aa:	83 ef       	ldi	r24, 0xF3	; 243
 5ac:	91 e0       	ldi	r25, 0x01	; 1
 5ae:	01 97       	sbiw	r24, 0x01	; 1
 5b0:	f1 f7       	brne	.-4      	; 0x5ae <LCD_init+0xdc>
 5b2:	00 c0       	rjmp	.+0      	; 0x5b4 <LCD_init+0xe2>
 5b4:	00 00       	nop

    LCD_set_display_state(&device, LCD_DISPLAY_OFF);
    LCD_clear(&device);
    LCD_send_command(&device, LCD_ENTRYMODESET | device.displayMode);
    LCD_return_home(&device);
    return device;
 5b6:	87 e0       	ldi	r24, 0x07	; 7
 5b8:	fe 01       	movw	r30, r28
 5ba:	38 96       	adiw	r30, 0x08	; 8
 5bc:	de 01       	movw	r26, r28
 5be:	11 96       	adiw	r26, 0x01	; 1
 5c0:	01 90       	ld	r0, Z+
 5c2:	0d 92       	st	X+, r0
 5c4:	8a 95       	dec	r24
 5c6:	e1 f7       	brne	.-8      	; 0x5c0 <LCD_init+0xee>
 5c8:	29 81       	ldd	r18, Y+1	; 0x01
 5ca:	3a 81       	ldd	r19, Y+2	; 0x02
 5cc:	4b 81       	ldd	r20, Y+3	; 0x03
 5ce:	5c 81       	ldd	r21, Y+4	; 0x04
 5d0:	6d 81       	ldd	r22, Y+5	; 0x05
 5d2:	7e 81       	ldd	r23, Y+6	; 0x06
}
 5d4:	8f 81       	ldd	r24, Y+7	; 0x07
 5d6:	90 e0       	ldi	r25, 0x00	; 0
 5d8:	2e 96       	adiw	r28, 0x0e	; 14
 5da:	0f b6       	in	r0, 0x3f	; 63
 5dc:	f8 94       	cli
 5de:	de bf       	out	0x3e, r29	; 62
 5e0:	0f be       	out	0x3f, r0	; 63
 5e2:	cd bf       	out	0x3d, r28	; 61
 5e4:	df 91       	pop	r29
 5e6:	cf 91       	pop	r28
 5e8:	08 95       	ret
    }

    /*
    5x10 character font
    */
    if (dotSize > LCD_CHARACTER_FONT_5X8 && rows == 1)
 5ea:	22 23       	and	r18, r18
 5ec:	09 f4       	brne	.+2      	; 0x5f0 <LCD_init+0x11e>
 5ee:	88 cf       	rjmp	.-240    	; 0x500 <LCD_init+0x2e>
 5f0:	41 30       	cpi	r20, 0x01	; 1
 5f2:	09 f0       	breq	.+2      	; 0x5f6 <LCD_init+0x124>
 5f4:	85 cf       	rjmp	.-246    	; 0x500 <LCD_init+0x2e>
    {
        device.displayFunction |= LCD_CHARACTER_FONT_5X10;
 5f6:	24 60       	ori	r18, 0x04	; 4
 5f8:	2c 87       	std	Y+12, r18	; 0x0c
 5fa:	82 cf       	rjmp	.-252    	; 0x500 <LCD_init+0x2e>

000005fc <LCD_transmitI2C>:
 5fc:	fc 01       	movw	r30, r24
 5fe:	23 81       	ldd	r18, Z+3	; 0x03
 600:	62 2b       	or	r22, r18
 602:	80 81       	ld	r24, Z
 604:	0c 94 ab 00 	jmp	0x156	; 0x156 <i2c_master_send_byte>

00000608 <main>:
// ----------------------------------------------------------------
// keypad functions
// ----------------------------------------------------------------

int main(void)
{
 608:	ff cf       	rjmp	.-2      	; 0x608 <main>

0000060a <_exit>:
 60a:	f8 94       	cli

0000060c <__stop_program>:
 60c:	ff cf       	rjmp	.-2      	; 0x60c <__stop_program>
