
demo.elf:     file format elf32-avr

Sections:
Idx Name          Size      VMA       LMA       File off  Algn
  0 .data         0000011c  00800100  000008a8  0000093c  2**0
                  CONTENTS, ALLOC, LOAD, DATA
  1 .text         000008a8  00000000  00000000  00000094  2**1
                  CONTENTS, ALLOC, LOAD, READONLY, CODE
  2 .bss          00000001  0080021c  0080021c  00000a58  2**0
                  ALLOC
  3 .stab         00002424  00000000  00000000  00000a58  2**2
                  CONTENTS, READONLY, DEBUGGING
  4 .stabstr      00001531  00000000  00000000  00002e7c  2**0
                  CONTENTS, READONLY, DEBUGGING
  5 .comment      00000011  00000000  00000000  000043ad  2**0
                  CONTENTS, READONLY
  6 .note.gnu.avr.deviceinfo 00000040  00000000  00000000  000043c0  2**2
                  CONTENTS, READONLY
  7 .debug_info   000005f4  00000000  00000000  00004400  2**0
                  CONTENTS, READONLY, DEBUGGING
  8 .debug_abbrev 000005a2  00000000  00000000  000049f4  2**0
                  CONTENTS, READONLY, DEBUGGING
  9 .debug_line   0000001a  00000000  00000000  00004f96  2**0
                  CONTENTS, READONLY, DEBUGGING
 10 .debug_str    00000208  00000000  00000000  00004fb0  2**0
                  CONTENTS, READONLY, DEBUGGING

Disassembly of section .text:

00000000 <__vectors>:
   0:	0c 94 34 00 	jmp	0x68	; 0x68 <__ctors_end>
   4:	0c 94 51 00 	jmp	0xa2	; 0xa2 <__bad_interrupt>
   8:	0c 94 51 00 	jmp	0xa2	; 0xa2 <__bad_interrupt>
   c:	0c 94 51 00 	jmp	0xa2	; 0xa2 <__bad_interrupt>
  10:	0c 94 51 00 	jmp	0xa2	; 0xa2 <__bad_interrupt>
  14:	0c 94 51 00 	jmp	0xa2	; 0xa2 <__bad_interrupt>
  18:	0c 94 51 00 	jmp	0xa2	; 0xa2 <__bad_interrupt>
  1c:	0c 94 51 00 	jmp	0xa2	; 0xa2 <__bad_interrupt>
  20:	0c 94 51 00 	jmp	0xa2	; 0xa2 <__bad_interrupt>
  24:	0c 94 51 00 	jmp	0xa2	; 0xa2 <__bad_interrupt>
  28:	0c 94 51 00 	jmp	0xa2	; 0xa2 <__bad_interrupt>
  2c:	0c 94 51 00 	jmp	0xa2	; 0xa2 <__bad_interrupt>
  30:	0c 94 51 00 	jmp	0xa2	; 0xa2 <__bad_interrupt>
  34:	0c 94 51 00 	jmp	0xa2	; 0xa2 <__bad_interrupt>
  38:	0c 94 51 00 	jmp	0xa2	; 0xa2 <__bad_interrupt>
  3c:	0c 94 51 00 	jmp	0xa2	; 0xa2 <__bad_interrupt>
  40:	0c 94 51 00 	jmp	0xa2	; 0xa2 <__bad_interrupt>
  44:	0c 94 51 00 	jmp	0xa2	; 0xa2 <__bad_interrupt>
  48:	0c 94 51 00 	jmp	0xa2	; 0xa2 <__bad_interrupt>
  4c:	0c 94 51 00 	jmp	0xa2	; 0xa2 <__bad_interrupt>
  50:	0c 94 51 00 	jmp	0xa2	; 0xa2 <__bad_interrupt>
  54:	0c 94 51 00 	jmp	0xa2	; 0xa2 <__bad_interrupt>
  58:	0c 94 51 00 	jmp	0xa2	; 0xa2 <__bad_interrupt>
  5c:	0c 94 51 00 	jmp	0xa2	; 0xa2 <__bad_interrupt>
  60:	0c 94 51 00 	jmp	0xa2	; 0xa2 <__bad_interrupt>
  64:	0c 94 51 00 	jmp	0xa2	; 0xa2 <__bad_interrupt>

00000068 <__ctors_end>:
  68:	11 24       	eor	r1, r1
  6a:	1f be       	out	0x3f, r1	; 63
  6c:	cf ef       	ldi	r28, 0xFF	; 255
  6e:	d8 e0       	ldi	r29, 0x08	; 8
  70:	de bf       	out	0x3e, r29	; 62
  72:	cd bf       	out	0x3d, r28	; 61

00000074 <__do_copy_data>:
  74:	12 e0       	ldi	r17, 0x02	; 2
  76:	a0 e0       	ldi	r26, 0x00	; 0
  78:	b1 e0       	ldi	r27, 0x01	; 1
  7a:	e8 ea       	ldi	r30, 0xA8	; 168
  7c:	f8 e0       	ldi	r31, 0x08	; 8
  7e:	02 c0       	rjmp	.+4      	; 0x84 <__do_copy_data+0x10>
  80:	05 90       	lpm	r0, Z+
  82:	0d 92       	st	X+, r0
  84:	ac 31       	cpi	r26, 0x1C	; 28
  86:	b1 07       	cpc	r27, r17
  88:	d9 f7       	brne	.-10     	; 0x80 <__do_copy_data+0xc>

0000008a <__do_clear_bss>:
  8a:	22 e0       	ldi	r18, 0x02	; 2
  8c:	ac e1       	ldi	r26, 0x1C	; 28
  8e:	b2 e0       	ldi	r27, 0x02	; 2
  90:	01 c0       	rjmp	.+2      	; 0x94 <.do_clear_bss_start>

00000092 <.do_clear_bss_loop>:
  92:	1d 92       	st	X+, r1

00000094 <.do_clear_bss_start>:
  94:	ad 31       	cpi	r26, 0x1D	; 29
  96:	b2 07       	cpc	r27, r18
  98:	e1 f7       	brne	.-8      	; 0x92 <.do_clear_bss_loop>
  9a:	0e 94 1a 03 	call	0x634	; 0x634 <main>
  9e:	0c 94 52 04 	jmp	0x8a4	; 0x8a4 <_exit>

000000a2 <__bad_interrupt>:
  a2:	0c 94 00 00 	jmp	0	; 0x0 <__vectors>

000000a6 <LCD_set_backlight>:
*/
void LCD_set_backlight(LiquidCrystalDevice_t *device, uint8_t bl)
{
    if (bl == LCD_BACKLIGHT_ON)
    {
        device->backlight = LCD_BACKLIGHT_ON;
  a6:	fc 01       	movw	r30, r24
/*
function to set backlight of LCD
*/
void LCD_set_backlight(LiquidCrystalDevice_t *device, uint8_t bl)
{
    if (bl == LCD_BACKLIGHT_ON)
  a8:	68 30       	cpi	r22, 0x08	; 8
  aa:	31 f0       	breq	.+12     	; 0xb8 <LCD_set_backlight+0x12>
    {
        device->backlight = LCD_BACKLIGHT_ON;
    }
    else
    {
        device->backlight = LCD_BACKLIGHT_OFF;
  ac:	13 82       	std	Z+3, r1	; 0x03
  ae:	60 e0       	ldi	r22, 0x00	; 0
function to transmit data to the LCD via i2c
*/
void LCD_transmitI2C(LiquidCrystalDevice_t *device, uint8_t value)
{
    // LCD backlight setting is preserved in the lowest function call.
    i2c_master_send_byte(device->address, value | device->backlight);
  b0:	fc 01       	movw	r30, r24
  b2:	80 81       	ld	r24, Z
  b4:	0c 94 88 02 	jmp	0x510	; 0x510 <i2c_master_send_byte>
*/
void LCD_set_backlight(LiquidCrystalDevice_t *device, uint8_t bl)
{
    if (bl == LCD_BACKLIGHT_ON)
    {
        device->backlight = LCD_BACKLIGHT_ON;
  b8:	63 83       	std	Z+3, r22	; 0x03
function to transmit data to the LCD via i2c
*/
void LCD_transmitI2C(LiquidCrystalDevice_t *device, uint8_t value)
{
    // LCD backlight setting is preserved in the lowest function call.
    i2c_master_send_byte(device->address, value | device->backlight);
  ba:	fc 01       	movw	r30, r24
  bc:	80 81       	ld	r24, Z
  be:	0c 94 88 02 	jmp	0x510	; 0x510 <i2c_master_send_byte>

000000c2 <LCD_write_4bits>:
/*
function to write 4 bits of data to the LCD
The LCD operates in 4-bit mode with the PCF8974.
*/
void LCD_write_4bits(LiquidCrystalDevice_t *device, uint8_t value)
{
  c2:	0f 93       	push	r16
  c4:	1f 93       	push	r17
  c6:	cf 93       	push	r28
  c8:	8c 01       	movw	r16, r24
  ca:	c6 2f       	mov	r28, r22
function to transmit data to the LCD via i2c
*/
void LCD_transmitI2C(LiquidCrystalDevice_t *device, uint8_t value)
{
    // LCD backlight setting is preserved in the lowest function call.
    i2c_master_send_byte(device->address, value | device->backlight);
  cc:	fc 01       	movw	r30, r24
  ce:	63 81       	ldd	r22, Z+3	; 0x03
  d0:	6c 2b       	or	r22, r28
  d2:	80 81       	ld	r24, Z
  d4:	0e 94 88 02 	call	0x510	; 0x510 <i2c_master_send_byte>
	#else
		//round up by default
		__ticks_dc = (uint32_t)(ceil(fabs(__tmp)));
	#endif

	__builtin_avr_delay_cycles(__ticks_dc);
  d8:	8f e1       	ldi	r24, 0x1F	; 31
  da:	93 e0       	ldi	r25, 0x03	; 3
  dc:	01 97       	sbiw	r24, 0x01	; 1
  de:	f1 f7       	brne	.-4      	; 0xdc <LCD_write_4bits+0x1a>
  e0:	00 c0       	rjmp	.+0      	; 0xe2 <LCD_write_4bits+0x20>
  e2:	00 00       	nop
*/
void LCD_write_4bits(LiquidCrystalDevice_t *device, uint8_t value)
{
    LCD_transmitI2C(device, value);
    _delay_us(200);
    LCD_transmitI2C(device, value | LCD_E_PCF8974);
  e4:	6c 2f       	mov	r22, r28
  e6:	64 60       	ori	r22, 0x04	; 4
function to transmit data to the LCD via i2c
*/
void LCD_transmitI2C(LiquidCrystalDevice_t *device, uint8_t value)
{
    // LCD backlight setting is preserved in the lowest function call.
    i2c_master_send_byte(device->address, value | device->backlight);
  e8:	f8 01       	movw	r30, r16
  ea:	83 81       	ldd	r24, Z+3	; 0x03
  ec:	68 2b       	or	r22, r24
  ee:	80 81       	ld	r24, Z
  f0:	0e 94 88 02 	call	0x510	; 0x510 <i2c_master_send_byte>
  f4:	8f e1       	ldi	r24, 0x1F	; 31
  f6:	93 e0       	ldi	r25, 0x03	; 3
  f8:	01 97       	sbiw	r24, 0x01	; 1
  fa:	f1 f7       	brne	.-4      	; 0xf8 <LCD_write_4bits+0x36>
  fc:	00 c0       	rjmp	.+0      	; 0xfe <LCD_write_4bits+0x3c>
  fe:	00 00       	nop
{
    LCD_transmitI2C(device, value);
    _delay_us(200);
    LCD_transmitI2C(device, value | LCD_E_PCF8974);
    _delay_us(200);
    LCD_transmitI2C(device, value & ~LCD_E_PCF8974);
 100:	cb 7f       	andi	r28, 0xFB	; 251
function to transmit data to the LCD via i2c
*/
void LCD_transmitI2C(LiquidCrystalDevice_t *device, uint8_t value)
{
    // LCD backlight setting is preserved in the lowest function call.
    i2c_master_send_byte(device->address, value | device->backlight);
 102:	f8 01       	movw	r30, r16
 104:	63 81       	ldd	r22, Z+3	; 0x03
 106:	6c 2b       	or	r22, r28
 108:	80 81       	ld	r24, Z
 10a:	0e 94 88 02 	call	0x510	; 0x510 <i2c_master_send_byte>
 10e:	8f e1       	ldi	r24, 0x1F	; 31
 110:	93 e0       	ldi	r25, 0x03	; 3
 112:	01 97       	sbiw	r24, 0x01	; 1
 114:	f1 f7       	brne	.-4      	; 0x112 <LCD_write_4bits+0x50>
 116:	00 c0       	rjmp	.+0      	; 0x118 <LCD_write_4bits+0x56>
 118:	00 00       	nop
    _delay_us(200);
    LCD_transmitI2C(device, value | LCD_E_PCF8974);
    _delay_us(200);
    LCD_transmitI2C(device, value & ~LCD_E_PCF8974);
    _delay_us(200);
}
 11a:	cf 91       	pop	r28
 11c:	1f 91       	pop	r17
 11e:	0f 91       	pop	r16
 120:	08 95       	ret

00000122 <LCD_write_byte>:
function to send byte to LCD
PCF8574 to LCD pinout
D7 D6 D5 D4 BL E RW RS
*/
void LCD_write_byte(LiquidCrystalDevice_t *device, uint8_t value, uint8_t mode)
{
 122:	0f 93       	push	r16
 124:	1f 93       	push	r17
 126:	cf 93       	push	r28
 128:	df 93       	push	r29
 12a:	8c 01       	movw	r16, r24
 12c:	d6 2f       	mov	r29, r22
 12e:	c4 2f       	mov	r28, r20
    uint8_t highnib = value & 0xf0;
 130:	60 7f       	andi	r22, 0xF0	; 240
    uint8_t lownib = (value << 4) & 0xf0;

    LCD_write_4bits(device, highnib | mode);
 132:	64 2b       	or	r22, r20
 134:	0e 94 61 00 	call	0xc2	; 0xc2 <LCD_write_4bits>
D7 D6 D5 D4 BL E RW RS
*/
void LCD_write_byte(LiquidCrystalDevice_t *device, uint8_t value, uint8_t mode)
{
    uint8_t highnib = value & 0xf0;
    uint8_t lownib = (value << 4) & 0xf0;
 138:	80 e1       	ldi	r24, 0x10	; 16
 13a:	d8 9f       	mul	r29, r24
 13c:	b0 01       	movw	r22, r0
 13e:	11 24       	eor	r1, r1

    LCD_write_4bits(device, highnib | mode);
    LCD_write_4bits(device, lownib | mode);
 140:	6c 2b       	or	r22, r28
 142:	c8 01       	movw	r24, r16
}
 144:	df 91       	pop	r29
 146:	cf 91       	pop	r28
 148:	1f 91       	pop	r17
 14a:	0f 91       	pop	r16
{
    uint8_t highnib = value & 0xf0;
    uint8_t lownib = (value << 4) & 0xf0;

    LCD_write_4bits(device, highnib | mode);
    LCD_write_4bits(device, lownib | mode);
 14c:	0c 94 61 00 	jmp	0xc2	; 0xc2 <LCD_write_4bits>

00000150 <LCD_send_command>:
D7 D6 D5 D4 BL E RW RS
*/
void LCD_send_command(LiquidCrystalDevice_t *device, uint8_t command)
{
    // mode is 0 because when sending a command, RW is 0 and RS is 0.
    LCD_write_byte(device, command, 0);
 150:	40 e0       	ldi	r20, 0x00	; 0
 152:	0c 94 91 00 	jmp	0x122	; 0x122 <LCD_write_byte>

00000156 <LCD_clear>:
 156:	40 e0       	ldi	r20, 0x00	; 0
 158:	61 e0       	ldi	r22, 0x01	; 1
 15a:	0e 94 91 00 	call	0x122	; 0x122 <LCD_write_byte>
 15e:	8f e3       	ldi	r24, 0x3F	; 63
 160:	9f e1       	ldi	r25, 0x1F	; 31
 162:	01 97       	sbiw	r24, 0x01	; 1
 164:	f1 f7       	brne	.-4      	; 0x162 <LCD_clear+0xc>
 166:	00 c0       	rjmp	.+0      	; 0x168 <LCD_clear+0x12>
 168:	00 00       	nop
*/
void LCD_clear(LiquidCrystalDevice_t *device)
{
    LCD_send_command(device, LCD_CLEAR_DISPLAY);
    _delay_us(2000);
}
 16a:	08 95       	ret

0000016c <LCD_set_cursor>:

/*
function to set LCD cursor
*/
void LCD_set_cursor(LiquidCrystalDevice_t *device, uint8_t row, uint8_t column)
{
 16c:	cf 93       	push	r28
 16e:	df 93       	push	r29
 170:	00 d0       	rcall	.+0      	; 0x172 <LCD_set_cursor+0x6>
 172:	00 d0       	rcall	.+0      	; 0x174 <LCD_set_cursor+0x8>
 174:	cd b7       	in	r28, 0x3d	; 61
 176:	de b7       	in	r29, 0x3e	; 62
    // addresses of the start of each row on the HD44780
    uint8_t row_offsets[] = {0x00, 0x40, 0x14, 0x54};
 178:	19 82       	std	Y+1, r1	; 0x01
 17a:	20 e4       	ldi	r18, 0x40	; 64
 17c:	2a 83       	std	Y+2, r18	; 0x02
 17e:	24 e1       	ldi	r18, 0x14	; 20
 180:	2b 83       	std	Y+3, r18	; 0x03
 182:	24 e5       	ldi	r18, 0x54	; 84
 184:	2c 83       	std	Y+4, r18	; 0x04
    LCD_send_command(device, LCD_SETDDRAMADDR | (row_offsets[row] + column));
 186:	fe 01       	movw	r30, r28
 188:	e6 0f       	add	r30, r22
 18a:	f1 1d       	adc	r31, r1
 18c:	61 81       	ldd	r22, Z+1	; 0x01
 18e:	64 0f       	add	r22, r20
 190:	60 68       	ori	r22, 0x80	; 128
D7 D6 D5 D4 BL E RW RS
*/
void LCD_send_command(LiquidCrystalDevice_t *device, uint8_t command)
{
    // mode is 0 because when sending a command, RW is 0 and RS is 0.
    LCD_write_byte(device, command, 0);
 192:	40 e0       	ldi	r20, 0x00	; 0
void LCD_set_cursor(LiquidCrystalDevice_t *device, uint8_t row, uint8_t column)
{
    // addresses of the start of each row on the HD44780
    uint8_t row_offsets[] = {0x00, 0x40, 0x14, 0x54};
    LCD_send_command(device, LCD_SETDDRAMADDR | (row_offsets[row] + column));
}
 194:	0f 90       	pop	r0
 196:	0f 90       	pop	r0
 198:	0f 90       	pop	r0
 19a:	0f 90       	pop	r0
 19c:	df 91       	pop	r29
 19e:	cf 91       	pop	r28
D7 D6 D5 D4 BL E RW RS
*/
void LCD_send_command(LiquidCrystalDevice_t *device, uint8_t command)
{
    // mode is 0 because when sending a command, RW is 0 and RS is 0.
    LCD_write_byte(device, command, 0);
 1a0:	0c 94 91 00 	jmp	0x122	; 0x122 <LCD_write_byte>

000001a4 <LCD_return_home>:
 1a4:	40 e0       	ldi	r20, 0x00	; 0
 1a6:	62 e0       	ldi	r22, 0x02	; 2
 1a8:	0e 94 91 00 	call	0x122	; 0x122 <LCD_write_byte>
 1ac:	8f e3       	ldi	r24, 0x3F	; 63
 1ae:	9f e1       	ldi	r25, 0x1F	; 31
 1b0:	01 97       	sbiw	r24, 0x01	; 1
 1b2:	f1 f7       	brne	.-4      	; 0x1b0 <LCD_return_home+0xc>
 1b4:	00 c0       	rjmp	.+0      	; 0x1b6 <LCD_return_home+0x12>
 1b6:	00 00       	nop
*/
void LCD_return_home(LiquidCrystalDevice_t *device)
{
    LCD_send_command(device, LCD_RETURN_HOME);
    _delay_us(2000);
}
 1b8:	08 95       	ret

000001ba <LCD_set_display_state>:

/*
function to set LCD display on/off
*/
void LCD_set_display_state(LiquidCrystalDevice_t *device, uint8_t displayState)
{
 1ba:	fc 01       	movw	r30, r24
 1bc:	95 81       	ldd	r25, Z+5	; 0x05
    if (displayState == LCD_DISPLAY_ON)
 1be:	64 30       	cpi	r22, 0x04	; 4
 1c0:	41 f0       	breq	.+16     	; 0x1d2 <LCD_set_display_state+0x18>
    {
        device->displayControl |= LCD_DISPLAY_ON;
    }
    else
    {
        device->displayControl &= ~LCD_DISPLAY_ON;
 1c2:	69 2f       	mov	r22, r25
 1c4:	6b 7f       	andi	r22, 0xFB	; 251
 1c6:	65 83       	std	Z+5, r22	; 0x05
    }
    LCD_send_command(device, LCD_DISPLAYCONTROL | device->displayControl);
 1c8:	68 60       	ori	r22, 0x08	; 8
D7 D6 D5 D4 BL E RW RS
*/
void LCD_send_command(LiquidCrystalDevice_t *device, uint8_t command)
{
    // mode is 0 because when sending a command, RW is 0 and RS is 0.
    LCD_write_byte(device, command, 0);
 1ca:	40 e0       	ldi	r20, 0x00	; 0
 1cc:	cf 01       	movw	r24, r30
 1ce:	0c 94 91 00 	jmp	0x122	; 0x122 <LCD_write_byte>
*/
void LCD_set_display_state(LiquidCrystalDevice_t *device, uint8_t displayState)
{
    if (displayState == LCD_DISPLAY_ON)
    {
        device->displayControl |= LCD_DISPLAY_ON;
 1d2:	69 2f       	mov	r22, r25
 1d4:	64 60       	ori	r22, 0x04	; 4
 1d6:	65 83       	std	Z+5, r22	; 0x05
    }
    else
    {
        device->displayControl &= ~LCD_DISPLAY_ON;
    }
    LCD_send_command(device, LCD_DISPLAYCONTROL | device->displayControl);
 1d8:	68 60       	ori	r22, 0x08	; 8
D7 D6 D5 D4 BL E RW RS
*/
void LCD_send_command(LiquidCrystalDevice_t *device, uint8_t command)
{
    // mode is 0 because when sending a command, RW is 0 and RS is 0.
    LCD_write_byte(device, command, 0);
 1da:	40 e0       	ldi	r20, 0x00	; 0
 1dc:	cf 01       	movw	r24, r30
 1de:	0c 94 91 00 	jmp	0x122	; 0x122 <LCD_write_byte>

000001e2 <LCD_set_cursor_state>:

/*
function to set LCD cursor on/off
*/
void LCD_set_cursor_state(LiquidCrystalDevice_t *device, uint8_t cursor)
{
 1e2:	fc 01       	movw	r30, r24
 1e4:	95 81       	ldd	r25, Z+5	; 0x05
    if (cursor == LCD_CURSOR_ON)
 1e6:	62 30       	cpi	r22, 0x02	; 2
 1e8:	41 f0       	breq	.+16     	; 0x1fa <LCD_set_cursor_state+0x18>
    {
        device->displayControl |= LCD_CURSOR_ON;
    }
    else
    {
        device->displayControl &= ~LCD_CURSOR_ON;
 1ea:	69 2f       	mov	r22, r25
 1ec:	6d 7f       	andi	r22, 0xFD	; 253
 1ee:	65 83       	std	Z+5, r22	; 0x05
    }
    LCD_send_command(device, LCD_DISPLAYCONTROL | device->displayControl);
 1f0:	68 60       	ori	r22, 0x08	; 8
D7 D6 D5 D4 BL E RW RS
*/
void LCD_send_command(LiquidCrystalDevice_t *device, uint8_t command)
{
    // mode is 0 because when sending a command, RW is 0 and RS is 0.
    LCD_write_byte(device, command, 0);
 1f2:	40 e0       	ldi	r20, 0x00	; 0
 1f4:	cf 01       	movw	r24, r30
 1f6:	0c 94 91 00 	jmp	0x122	; 0x122 <LCD_write_byte>
*/
void LCD_set_cursor_state(LiquidCrystalDevice_t *device, uint8_t cursor)
{
    if (cursor == LCD_CURSOR_ON)
    {
        device->displayControl |= LCD_CURSOR_ON;
 1fa:	69 2f       	mov	r22, r25
 1fc:	62 60       	ori	r22, 0x02	; 2
 1fe:	65 83       	std	Z+5, r22	; 0x05
    }
    else
    {
        device->displayControl &= ~LCD_CURSOR_ON;
    }
    LCD_send_command(device, LCD_DISPLAYCONTROL | device->displayControl);
 200:	68 60       	ori	r22, 0x08	; 8
D7 D6 D5 D4 BL E RW RS
*/
void LCD_send_command(LiquidCrystalDevice_t *device, uint8_t command)
{
    // mode is 0 because when sending a command, RW is 0 and RS is 0.
    LCD_write_byte(device, command, 0);
 202:	40 e0       	ldi	r20, 0x00	; 0
 204:	cf 01       	movw	r24, r30
 206:	0c 94 91 00 	jmp	0x122	; 0x122 <LCD_write_byte>

0000020a <LCD_set_cursor_blink>:

/*
function to set LCD cursor blink on/off
*/
void LCD_set_cursor_blink(LiquidCrystalDevice_t *device, uint8_t blink)
{
 20a:	fc 01       	movw	r30, r24
 20c:	95 81       	ldd	r25, Z+5	; 0x05
    if (blink == LCD_CURSOR_BLINK)
 20e:	61 30       	cpi	r22, 0x01	; 1
 210:	41 f0       	breq	.+16     	; 0x222 <LCD_set_cursor_blink+0x18>
    {
        device->displayControl |= LCD_CURSOR_BLINK;
    }
    else
    {
        device->displayControl &= ~LCD_CURSOR_BLINK;
 212:	69 2f       	mov	r22, r25
 214:	6e 7f       	andi	r22, 0xFE	; 254
 216:	65 83       	std	Z+5, r22	; 0x05
    }
    LCD_send_command(device, LCD_DISPLAYCONTROL | device->displayControl);
 218:	68 60       	ori	r22, 0x08	; 8
D7 D6 D5 D4 BL E RW RS
*/
void LCD_send_command(LiquidCrystalDevice_t *device, uint8_t command)
{
    // mode is 0 because when sending a command, RW is 0 and RS is 0.
    LCD_write_byte(device, command, 0);
 21a:	40 e0       	ldi	r20, 0x00	; 0
 21c:	cf 01       	movw	r24, r30
 21e:	0c 94 91 00 	jmp	0x122	; 0x122 <LCD_write_byte>
*/
void LCD_set_cursor_blink(LiquidCrystalDevice_t *device, uint8_t blink)
{
    if (blink == LCD_CURSOR_BLINK)
    {
        device->displayControl |= LCD_CURSOR_BLINK;
 222:	69 2f       	mov	r22, r25
 224:	61 60       	ori	r22, 0x01	; 1
 226:	65 83       	std	Z+5, r22	; 0x05
    }
    else
    {
        device->displayControl &= ~LCD_CURSOR_BLINK;
    }
    LCD_send_command(device, LCD_DISPLAYCONTROL | device->displayControl);
 228:	68 60       	ori	r22, 0x08	; 8
D7 D6 D5 D4 BL E RW RS
*/
void LCD_send_command(LiquidCrystalDevice_t *device, uint8_t command)
{
    // mode is 0 because when sending a command, RW is 0 and RS is 0.
    LCD_write_byte(device, command, 0);
 22a:	40 e0       	ldi	r20, 0x00	; 0
 22c:	cf 01       	movw	r24, r30
 22e:	0c 94 91 00 	jmp	0x122	; 0x122 <LCD_write_byte>

00000232 <LCD_scroll>:
function to scroll LCD left/right
direction is either LCD_SHIFT_LEFT or LCD_SHIFT_RIGHT.
*/
void LCD_scroll(LiquidCrystalDevice_t *device, uint8_t direction)
{
    LCD_send_command(device, LCD_CURSORSHIFT | LCD_DISPLAY_SHIFT | direction);
 232:	68 61       	ori	r22, 0x18	; 24
D7 D6 D5 D4 BL E RW RS
*/
void LCD_send_command(LiquidCrystalDevice_t *device, uint8_t command)
{
    // mode is 0 because when sending a command, RW is 0 and RS is 0.
    LCD_write_byte(device, command, 0);
 234:	40 e0       	ldi	r20, 0x00	; 0
 236:	0c 94 91 00 	jmp	0x122	; 0x122 <LCD_write_byte>

0000023a <LCD_set_scroll_dir>:

/*
function to set LCD scroll direction to either LTR or RTL
*/
void LCD_set_scroll_dir(LiquidCrystalDevice_t *device, uint8_t direction)
{
 23a:	fc 01       	movw	r30, r24
 23c:	96 81       	ldd	r25, Z+6	; 0x06
    if (direction == LCD_ENTRY_LEFT)
 23e:	62 30       	cpi	r22, 0x02	; 2
 240:	41 f0       	breq	.+16     	; 0x252 <LCD_set_scroll_dir+0x18>
    {
        device->displayMode |= LCD_ENTRY_LEFT;
    }
    else
    {
        device->displayMode &= ~LCD_ENTRY_LEFT;
 242:	69 2f       	mov	r22, r25
 244:	6d 7f       	andi	r22, 0xFD	; 253
 246:	66 83       	std	Z+6, r22	; 0x06
    }
    LCD_send_command(device, LCD_ENTRYMODESET | device->displayMode);
 248:	64 60       	ori	r22, 0x04	; 4
D7 D6 D5 D4 BL E RW RS
*/
void LCD_send_command(LiquidCrystalDevice_t *device, uint8_t command)
{
    // mode is 0 because when sending a command, RW is 0 and RS is 0.
    LCD_write_byte(device, command, 0);
 24a:	40 e0       	ldi	r20, 0x00	; 0
 24c:	cf 01       	movw	r24, r30
 24e:	0c 94 91 00 	jmp	0x122	; 0x122 <LCD_write_byte>
*/
void LCD_set_scroll_dir(LiquidCrystalDevice_t *device, uint8_t direction)
{
    if (direction == LCD_ENTRY_LEFT)
    {
        device->displayMode |= LCD_ENTRY_LEFT;
 252:	69 2f       	mov	r22, r25
 254:	62 60       	ori	r22, 0x02	; 2
 256:	66 83       	std	Z+6, r22	; 0x06
    }
    else
    {
        device->displayMode &= ~LCD_ENTRY_LEFT;
    }
    LCD_send_command(device, LCD_ENTRYMODESET | device->displayMode);
 258:	64 60       	ori	r22, 0x04	; 4
D7 D6 D5 D4 BL E RW RS
*/
void LCD_send_command(LiquidCrystalDevice_t *device, uint8_t command)
{
    // mode is 0 because when sending a command, RW is 0 and RS is 0.
    LCD_write_byte(device, command, 0);
 25a:	40 e0       	ldi	r20, 0x00	; 0
 25c:	cf 01       	movw	r24, r30
 25e:	0c 94 91 00 	jmp	0x122	; 0x122 <LCD_write_byte>

00000262 <LCD_set_autoscroll>:

/*
function to set LCD autoscroll on/off
*/
void LCD_set_autoscroll(LiquidCrystalDevice_t *device, uint8_t autoscroll)
{
 262:	fc 01       	movw	r30, r24
 264:	96 81       	ldd	r25, Z+6	; 0x06
    if (autoscroll == LCD_ENTRY_SHIFT_INCREMENT)
 266:	61 30       	cpi	r22, 0x01	; 1
 268:	41 f0       	breq	.+16     	; 0x27a <LCD_set_autoscroll+0x18>
    {
        device->displayMode |= LCD_ENTRY_SHIFT_INCREMENT;
    }
    else
    {
        device->displayMode &= ~LCD_ENTRY_SHIFT_INCREMENT;
 26a:	69 2f       	mov	r22, r25
 26c:	6e 7f       	andi	r22, 0xFE	; 254
 26e:	66 83       	std	Z+6, r22	; 0x06
    }
    LCD_send_command(device, LCD_ENTRYMODESET | device->displayMode);
 270:	64 60       	ori	r22, 0x04	; 4
D7 D6 D5 D4 BL E RW RS
*/
void LCD_send_command(LiquidCrystalDevice_t *device, uint8_t command)
{
    // mode is 0 because when sending a command, RW is 0 and RS is 0.
    LCD_write_byte(device, command, 0);
 272:	40 e0       	ldi	r20, 0x00	; 0
 274:	cf 01       	movw	r24, r30
 276:	0c 94 91 00 	jmp	0x122	; 0x122 <LCD_write_byte>
*/
void LCD_set_autoscroll(LiquidCrystalDevice_t *device, uint8_t autoscroll)
{
    if (autoscroll == LCD_ENTRY_SHIFT_INCREMENT)
    {
        device->displayMode |= LCD_ENTRY_SHIFT_INCREMENT;
 27a:	69 2f       	mov	r22, r25
 27c:	61 60       	ori	r22, 0x01	; 1
 27e:	66 83       	std	Z+6, r22	; 0x06
    }
    else
    {
        device->displayMode &= ~LCD_ENTRY_SHIFT_INCREMENT;
    }
    LCD_send_command(device, LCD_ENTRYMODESET | device->displayMode);
 280:	64 60       	ori	r22, 0x04	; 4
D7 D6 D5 D4 BL E RW RS
*/
void LCD_send_command(LiquidCrystalDevice_t *device, uint8_t command)
{
    // mode is 0 because when sending a command, RW is 0 and RS is 0.
    LCD_write_byte(device, command, 0);
 282:	40 e0       	ldi	r20, 0x00	; 0
 284:	cf 01       	movw	r24, r30
 286:	0c 94 91 00 	jmp	0x122	; 0x122 <LCD_write_byte>

0000028a <LCD_create_custom_char>:
D7 D6 D5 D4 BL E RW RS
*/
void LCD_create_custom_char(LiquidCrystalDevice_t *device,
                            uint8_t slot,
                            uint8_t charmap[8])
{
 28a:	ef 92       	push	r14
 28c:	ff 92       	push	r15
 28e:	0f 93       	push	r16
 290:	1f 93       	push	r17
 292:	cf 93       	push	r28
 294:	df 93       	push	r29
 296:	8c 01       	movw	r16, r24
 298:	7a 01       	movw	r14, r20
    uint8_t i = 0;
    // only 8 locations for custom characters 0-7
    slot &= 0x7;
 29a:	67 70       	andi	r22, 0x07	; 7
    LCD_send_command(device, LCD_SETCGRAMADDR | (slot << 3));
 29c:	66 0f       	add	r22, r22
 29e:	66 0f       	add	r22, r22
 2a0:	66 0f       	add	r22, r22
 2a2:	60 64       	ori	r22, 0x40	; 64
D7 D6 D5 D4 BL E RW RS
*/
void LCD_send_command(LiquidCrystalDevice_t *device, uint8_t command)
{
    // mode is 0 because when sending a command, RW is 0 and RS is 0.
    LCD_write_byte(device, command, 0);
 2a4:	40 e0       	ldi	r20, 0x00	; 0
 2a6:	0e 94 91 00 	call	0x122	; 0x122 <LCD_write_byte>
 2aa:	e7 01       	movw	r28, r14
 2ac:	88 e0       	ldi	r24, 0x08	; 8
 2ae:	e8 0e       	add	r14, r24
 2b0:	f1 1c       	adc	r15, r1
    slot &= 0x7;
    LCD_send_command(device, LCD_SETCGRAMADDR | (slot << 3));

    for (i = 0; i < 8; i++)
    {
        LCD_write_byte(device, charmap[i], LCD_RS_PCF8974);
 2b2:	69 91       	ld	r22, Y+
 2b4:	41 e0       	ldi	r20, 0x01	; 1
 2b6:	c8 01       	movw	r24, r16
 2b8:	0e 94 91 00 	call	0x122	; 0x122 <LCD_write_byte>
    uint8_t i = 0;
    // only 8 locations for custom characters 0-7
    slot &= 0x7;
    LCD_send_command(device, LCD_SETCGRAMADDR | (slot << 3));

    for (i = 0; i < 8; i++)
 2bc:	ce 15       	cp	r28, r14
 2be:	df 05       	cpc	r29, r15
 2c0:	c1 f7       	brne	.-16     	; 0x2b2 <LCD_create_custom_char+0x28>
    {
        LCD_write_byte(device, charmap[i], LCD_RS_PCF8974);
    }
}
 2c2:	df 91       	pop	r29
 2c4:	cf 91       	pop	r28
 2c6:	1f 91       	pop	r17
 2c8:	0f 91       	pop	r16
 2ca:	ff 90       	pop	r15
 2cc:	ef 90       	pop	r14
 2ce:	08 95       	ret

000002d0 <LCD_print>:

/*
function to write string to LCD
*/
void LCD_print(LiquidCrystalDevice_t *device, char *s)
{
 2d0:	ef 92       	push	r14
 2d2:	ff 92       	push	r15
 2d4:	0f 93       	push	r16
 2d6:	1f 93       	push	r17
 2d8:	cf 93       	push	r28
 2da:	fb 01       	movw	r30, r22
    uint8_t i = 0;
    while (s[i] != 0x00)
 2dc:	60 81       	ld	r22, Z
 2de:	66 23       	and	r22, r22
 2e0:	71 f0       	breq	.+28     	; 0x2fe <LCD_print+0x2e>
 2e2:	8f 01       	movw	r16, r30
 2e4:	7c 01       	movw	r14, r24
/*
function to write string to LCD
*/
void LCD_print(LiquidCrystalDevice_t *device, char *s)
{
    uint8_t i = 0;
 2e6:	c0 e0       	ldi	r28, 0x00	; 0
    while (s[i] != 0x00)
    {
        LCD_write_byte(device, s[i], LCD_RS_PCF8974);
 2e8:	41 e0       	ldi	r20, 0x01	; 1
 2ea:	c7 01       	movw	r24, r14
 2ec:	0e 94 91 00 	call	0x122	; 0x122 <LCD_write_byte>
        i++;
 2f0:	cf 5f       	subi	r28, 0xFF	; 255
function to write string to LCD
*/
void LCD_print(LiquidCrystalDevice_t *device, char *s)
{
    uint8_t i = 0;
    while (s[i] != 0x00)
 2f2:	f8 01       	movw	r30, r16
 2f4:	ec 0f       	add	r30, r28
 2f6:	f1 1d       	adc	r31, r1
 2f8:	60 81       	ld	r22, Z
 2fa:	61 11       	cpse	r22, r1
 2fc:	f5 cf       	rjmp	.-22     	; 0x2e8 <LCD_print+0x18>
    {
        LCD_write_byte(device, s[i], LCD_RS_PCF8974);
        i++;
    }
}
 2fe:	cf 91       	pop	r28
 300:	1f 91       	pop	r17
 302:	0f 91       	pop	r16
 304:	ff 90       	pop	r15
 306:	ef 90       	pop	r14
 308:	08 95       	ret

0000030a <LCD_init>:
*/
LiquidCrystalDevice_t LCD_init(uint8_t address,
                               uint8_t columns,
                               uint8_t rows,
                               uint8_t dotSize)
{
 30a:	cf 93       	push	r28
 30c:	df 93       	push	r29
 30e:	cd b7       	in	r28, 0x3d	; 61
 310:	de b7       	in	r29, 0x3e	; 62
 312:	2e 97       	sbiw	r28, 0x0e	; 14
 314:	0f b6       	in	r0, 0x3f	; 63
 316:	f8 94       	cli
 318:	de bf       	out	0x3e, r29	; 62
 31a:	0f be       	out	0x3f, r0	; 63
 31c:	cd bf       	out	0x3d, r28	; 61
    LiquidCrystalDevice_t device;
    device.address = address;
 31e:	88 87       	std	Y+8, r24	; 0x08
    device.columns = columns;
 320:	69 87       	std	Y+9, r22	; 0x09
    device.rows = rows;
 322:	4a 87       	std	Y+10, r20	; 0x0a
    // set display function to 4-bit mode, 1 line, and dotSize (either 5x8 or 5x10)
    device.displayFunction = LCD_DATA_LENGTH_4BITS | LCD_DISPLAY_1LINE | dotSize;
 324:	2c 87       	std	Y+12, r18	; 0x0c
    // set display control
    device.displayControl = LCD_DISPLAY_ON | LCD_CURSOR_ON | LCD_CURSOR_NOBLINK;
 326:	86 e0       	ldi	r24, 0x06	; 6
 328:	8d 87       	std	Y+13, r24	; 0x0d
    // set LCD display mode
    // set display mode to default text direction (for Roman languages)
    device.displayMode = LCD_ENTRY_SHIFT_DECREMENT | LCD_ENTRY_LEFT;
 32a:	82 e0       	ldi	r24, 0x02	; 2
 32c:	8e 87       	std	Y+14, r24	; 0x0e

    /*
    2 line display
    */
    if (rows > 1)
 32e:	42 30       	cpi	r20, 0x02	; 2
 330:	08 f4       	brcc	.+2      	; 0x334 <LCD_init+0x2a>
 332:	80 c0       	rjmp	.+256    	; 0x434 <__EEPROM_REGION_LENGTH__+0x34>
    {
        device.displayFunction |= LCD_DISPLAY_2LINES;
 334:	28 60       	ori	r18, 0x08	; 8
 336:	2c 87       	std	Y+12, r18	; 0x0c
	#else
		//round up by default
		__ticks_dc = (uint32_t)(ceil(fabs(__tmp)));
	#endif

	__builtin_avr_delay_cycles(__ticks_dc);
 338:	2f ef       	ldi	r18, 0xFF	; 255
 33a:	80 e7       	ldi	r24, 0x70	; 112
 33c:	92 e0       	ldi	r25, 0x02	; 2
 33e:	21 50       	subi	r18, 0x01	; 1
 340:	80 40       	sbci	r24, 0x00	; 0
 342:	90 40       	sbci	r25, 0x00	; 0
 344:	e1 f7       	brne	.-8      	; 0x33e <LCD_init+0x34>
 346:	00 c0       	rjmp	.+0      	; 0x348 <LCD_init+0x3e>
 348:	00 00       	nop

    /*
    commence initialization
    */
    _delay_ms(50);
    LCD_write_4bits(&device, 0x03 << 4);
 34a:	60 e3       	ldi	r22, 0x30	; 48
 34c:	ce 01       	movw	r24, r28
 34e:	08 96       	adiw	r24, 0x08	; 8
 350:	0e 94 61 00 	call	0xc2	; 0xc2 <LCD_write_4bits>
 354:	8f e1       	ldi	r24, 0x1F	; 31
 356:	9e e4       	ldi	r25, 0x4E	; 78
 358:	01 97       	sbiw	r24, 0x01	; 1
 35a:	f1 f7       	brne	.-4      	; 0x358 <LCD_init+0x4e>
 35c:	00 c0       	rjmp	.+0      	; 0x35e <LCD_init+0x54>
 35e:	00 00       	nop
    _delay_ms(5);
    LCD_write_4bits(&device, 0x03 << 4);
 360:	60 e3       	ldi	r22, 0x30	; 48
 362:	ce 01       	movw	r24, r28
 364:	08 96       	adiw	r24, 0x08	; 8
 366:	0e 94 61 00 	call	0xc2	; 0xc2 <LCD_write_4bits>
 36a:	8f e1       	ldi	r24, 0x1F	; 31
 36c:	9e e4       	ldi	r25, 0x4E	; 78
 36e:	01 97       	sbiw	r24, 0x01	; 1
 370:	f1 f7       	brne	.-4      	; 0x36e <LCD_init+0x64>
 372:	00 c0       	rjmp	.+0      	; 0x374 <LCD_init+0x6a>
 374:	00 00       	nop
    _delay_ms(5);
    LCD_write_4bits(&device, 0x03 << 4);
 376:	60 e3       	ldi	r22, 0x30	; 48
 378:	ce 01       	movw	r24, r28
 37a:	08 96       	adiw	r24, 0x08	; 8
 37c:	0e 94 61 00 	call	0xc2	; 0xc2 <LCD_write_4bits>
	#else
		//round up by default
		__ticks_dc = (uint32_t)(ceil(fabs(__tmp)));
	#endif

	__builtin_avr_delay_cycles(__ticks_dc);
 380:	87 e5       	ldi	r24, 0x57	; 87
 382:	92 e0       	ldi	r25, 0x02	; 2
 384:	01 97       	sbiw	r24, 0x01	; 1
 386:	f1 f7       	brne	.-4      	; 0x384 <LCD_init+0x7a>
 388:	00 c0       	rjmp	.+0      	; 0x38a <LCD_init+0x80>
 38a:	00 00       	nop
    _delay_us(150);

    LCD_write_4bits(&device, 0x02 << 4);
 38c:	60 e2       	ldi	r22, 0x20	; 32
 38e:	ce 01       	movw	r24, r28
 390:	08 96       	adiw	r24, 0x08	; 8
 392:	0e 94 61 00 	call	0xc2	; 0xc2 <LCD_write_4bits>
 396:	87 e5       	ldi	r24, 0x57	; 87
 398:	92 e0       	ldi	r25, 0x02	; 2
 39a:	01 97       	sbiw	r24, 0x01	; 1
 39c:	f1 f7       	brne	.-4      	; 0x39a <LCD_init+0x90>
 39e:	00 c0       	rjmp	.+0      	; 0x3a0 <LCD_init+0x96>
 3a0:	00 00       	nop
    _delay_us(150);
    LCD_send_command(&device, LCD_FUNCTIONSET | device.displayFunction);
 3a2:	6c 85       	ldd	r22, Y+12	; 0x0c
 3a4:	60 62       	ori	r22, 0x20	; 32
D7 D6 D5 D4 BL E RW RS
*/
void LCD_send_command(LiquidCrystalDevice_t *device, uint8_t command)
{
    // mode is 0 because when sending a command, RW is 0 and RS is 0.
    LCD_write_byte(device, command, 0);
 3a6:	40 e0       	ldi	r20, 0x00	; 0
 3a8:	ce 01       	movw	r24, r28
 3aa:	08 96       	adiw	r24, 0x08	; 8
 3ac:	0e 94 91 00 	call	0x122	; 0x122 <LCD_write_byte>
    {
        device->displayControl |= LCD_DISPLAY_ON;
    }
    else
    {
        device->displayControl &= ~LCD_DISPLAY_ON;
 3b0:	6d 85       	ldd	r22, Y+13	; 0x0d
 3b2:	6b 7f       	andi	r22, 0xFB	; 251
 3b4:	6d 87       	std	Y+13, r22	; 0x0d
    }
    LCD_send_command(device, LCD_DISPLAYCONTROL | device->displayControl);
 3b6:	68 60       	ori	r22, 0x08	; 8
D7 D6 D5 D4 BL E RW RS
*/
void LCD_send_command(LiquidCrystalDevice_t *device, uint8_t command)
{
    // mode is 0 because when sending a command, RW is 0 and RS is 0.
    LCD_write_byte(device, command, 0);
 3b8:	40 e0       	ldi	r20, 0x00	; 0
 3ba:	ce 01       	movw	r24, r28
 3bc:	08 96       	adiw	r24, 0x08	; 8
 3be:	0e 94 91 00 	call	0x122	; 0x122 <LCD_write_byte>
 3c2:	40 e0       	ldi	r20, 0x00	; 0
 3c4:	61 e0       	ldi	r22, 0x01	; 1
 3c6:	ce 01       	movw	r24, r28
 3c8:	08 96       	adiw	r24, 0x08	; 8
 3ca:	0e 94 91 00 	call	0x122	; 0x122 <LCD_write_byte>
 3ce:	8f e3       	ldi	r24, 0x3F	; 63
 3d0:	9f e1       	ldi	r25, 0x1F	; 31
 3d2:	01 97       	sbiw	r24, 0x01	; 1
 3d4:	f1 f7       	brne	.-4      	; 0x3d2 <LCD_init+0xc8>
 3d6:	00 c0       	rjmp	.+0      	; 0x3d8 <LCD_init+0xce>
 3d8:	00 00       	nop
    _delay_us(150);
    LCD_send_command(&device, LCD_FUNCTIONSET | device.displayFunction);

    LCD_set_display_state(&device, LCD_DISPLAY_OFF);
    LCD_clear(&device);
    LCD_send_command(&device, LCD_ENTRYMODESET | device.displayMode);
 3da:	6e 85       	ldd	r22, Y+14	; 0x0e
 3dc:	64 60       	ori	r22, 0x04	; 4
D7 D6 D5 D4 BL E RW RS
*/
void LCD_send_command(LiquidCrystalDevice_t *device, uint8_t command)
{
    // mode is 0 because when sending a command, RW is 0 and RS is 0.
    LCD_write_byte(device, command, 0);
 3de:	40 e0       	ldi	r20, 0x00	; 0
 3e0:	ce 01       	movw	r24, r28
 3e2:	08 96       	adiw	r24, 0x08	; 8
 3e4:	0e 94 91 00 	call	0x122	; 0x122 <LCD_write_byte>
 3e8:	40 e0       	ldi	r20, 0x00	; 0
 3ea:	62 e0       	ldi	r22, 0x02	; 2
 3ec:	ce 01       	movw	r24, r28
 3ee:	08 96       	adiw	r24, 0x08	; 8
 3f0:	0e 94 91 00 	call	0x122	; 0x122 <LCD_write_byte>
 3f4:	8f e3       	ldi	r24, 0x3F	; 63
 3f6:	9f e1       	ldi	r25, 0x1F	; 31
 3f8:	01 97       	sbiw	r24, 0x01	; 1
 3fa:	f1 f7       	brne	.-4      	; 0x3f8 <LCD_init+0xee>
 3fc:	00 c0       	rjmp	.+0      	; 0x3fe <LCD_init+0xf4>
 3fe:	00 00       	nop

    LCD_set_display_state(&device, LCD_DISPLAY_OFF);
    LCD_clear(&device);
    LCD_send_command(&device, LCD_ENTRYMODESET | device.displayMode);
    LCD_return_home(&device);
    return device;
 400:	87 e0       	ldi	r24, 0x07	; 7
 402:	fe 01       	movw	r30, r28
 404:	38 96       	adiw	r30, 0x08	; 8
 406:	de 01       	movw	r26, r28
 408:	11 96       	adiw	r26, 0x01	; 1
 40a:	01 90       	ld	r0, Z+
 40c:	0d 92       	st	X+, r0
 40e:	8a 95       	dec	r24
 410:	e1 f7       	brne	.-8      	; 0x40a <__EEPROM_REGION_LENGTH__+0xa>
 412:	29 81       	ldd	r18, Y+1	; 0x01
 414:	3a 81       	ldd	r19, Y+2	; 0x02
 416:	4b 81       	ldd	r20, Y+3	; 0x03
 418:	5c 81       	ldd	r21, Y+4	; 0x04
 41a:	6d 81       	ldd	r22, Y+5	; 0x05
 41c:	7e 81       	ldd	r23, Y+6	; 0x06
}
 41e:	8f 81       	ldd	r24, Y+7	; 0x07
 420:	90 e0       	ldi	r25, 0x00	; 0
 422:	2e 96       	adiw	r28, 0x0e	; 14
 424:	0f b6       	in	r0, 0x3f	; 63
 426:	f8 94       	cli
 428:	de bf       	out	0x3e, r29	; 62
 42a:	0f be       	out	0x3f, r0	; 63
 42c:	cd bf       	out	0x3d, r28	; 61
 42e:	df 91       	pop	r29
 430:	cf 91       	pop	r28
 432:	08 95       	ret
    }

    /*
    5x10 character font
    */
    if (dotSize > LCD_CHARACTER_FONT_5X8 && rows == 1)
 434:	22 23       	and	r18, r18
 436:	09 f4       	brne	.+2      	; 0x43a <__EEPROM_REGION_LENGTH__+0x3a>
 438:	7f cf       	rjmp	.-258    	; 0x338 <LCD_init+0x2e>
 43a:	41 30       	cpi	r20, 0x01	; 1
 43c:	09 f0       	breq	.+2      	; 0x440 <__EEPROM_REGION_LENGTH__+0x40>
 43e:	7c cf       	rjmp	.-264    	; 0x338 <LCD_init+0x2e>
    {
        device.displayFunction |= LCD_CHARACTER_FONT_5X10;
 440:	24 60       	ori	r18, 0x04	; 4
 442:	2c 87       	std	Y+12, r18	; 0x0c
 444:	79 cf       	rjmp	.-270    	; 0x338 <LCD_init+0x2e>

00000446 <LCD_transmitI2C>:
function to transmit data to the LCD via i2c
*/
void LCD_transmitI2C(LiquidCrystalDevice_t *device, uint8_t value)
{
    // LCD backlight setting is preserved in the lowest function call.
    i2c_master_send_byte(device->address, value | device->backlight);
 446:	fc 01       	movw	r30, r24
 448:	23 81       	ldd	r18, Z+3	; 0x03
 44a:	62 2b       	or	r22, r18
 44c:	80 81       	ld	r24, Z
 44e:	0c 94 88 02 	jmp	0x510	; 0x510 <i2c_master_send_byte>

00000452 <ioinit>:
}
// ----------------------------------------------------------------

void ioinit(void)
{
    ERROR_LED_DDR |= _BV(ERROR_LED_1_PIN);
 452:	54 9a       	sbi	0x0a, 4	; 10
    ERROR_LED_DDR |= _BV(ERROR_LED_2_PIN);
 454:	55 9a       	sbi	0x0a, 5	; 10
    ERROR_LED_DDR |= _BV(ERROR_LED_3_PIN);
 456:	56 9a       	sbi	0x0a, 6	; 10
    ERROR_LED_PORT &= ~_BV(ERROR_LED_1_PIN);
 458:	5c 98       	cbi	0x0b, 4	; 11
    ERROR_LED_PORT &= ~_BV(ERROR_LED_2_PIN);
 45a:	5d 98       	cbi	0x0b, 5	; 11
    ERROR_LED_PORT &= ~_BV(ERROR_LED_3_PIN);
 45c:	5e 98       	cbi	0x0b, 6	; 11
}
 45e:	08 95       	ret

00000460 <i2c_master_start>:
uint8_t i2c_master_start(uint8_t addr, uint8_t mode)
{
    uint8_t twst;

    // reset control register
    TWCR = 0;
 460:	10 92 bc 00 	sts	0x00BC, r1	; 0x8000bc <__TEXT_REGION_LENGTH__+0x7f80bc>

    // transmit start condition
    TWCR = _BV(TWINT) | _BV(TWSTA) | _BV(TWEN);
 464:	94 ea       	ldi	r25, 0xA4	; 164
 466:	90 93 bc 00 	sts	0x00BC, r25	; 0x8000bc <__TEXT_REGION_LENGTH__+0x7f80bc>

    // wait for start condition to be sent
    while (!(TWCR & _BV(TWINT)))
 46a:	90 91 bc 00 	lds	r25, 0x00BC	; 0x8000bc <__TEXT_REGION_LENGTH__+0x7f80bc>
 46e:	97 ff       	sbrs	r25, 7
 470:	fc cf       	rjmp	.-8      	; 0x46a <i2c_master_start+0xa>
        ;

    // check if the start condition was successfully transmitted
    // check value of TWI status register
    // #define TW_STATUS (TWSR & TW_STATUS_MASK)
    twst = TW_STATUS & I2C_PRESCALER_MASK;
 472:	90 91 b9 00 	lds	r25, 0x00B9	; 0x8000b9 <__TEXT_REGION_LENGTH__+0x7f80b9>
 476:	98 7f       	andi	r25, 0xF8	; 248
    if (twst != TW_START && twst != TW_REP_START)
 478:	98 30       	cpi	r25, 0x08	; 8
 47a:	11 f0       	breq	.+4      	; 0x480 <i2c_master_start+0x20>
 47c:	90 31       	cpi	r25, 0x10	; 16
 47e:	a1 f4       	brne	.+40     	; 0x4a8 <i2c_master_start+0x48>
    }

    // load slave address to TWDR with specified mode
    // mode is 1 for read, 0 for write
    // TWDR = (PCF8574_ADDR << 1) + TW_WRITE;
    TWDR = (addr << 1) | mode;
 480:	88 0f       	add	r24, r24
 482:	68 2b       	or	r22, r24
 484:	60 93 bb 00 	sts	0x00BB, r22	; 0x8000bb <__TEXT_REGION_LENGTH__+0x7f80bb>

    // start transmission of address
    // Clear TWINT bit in TWCR
    TWCR = _BV(TWINT) | _BV(TWEN);
 488:	84 e8       	ldi	r24, 0x84	; 132
 48a:	80 93 bc 00 	sts	0x00BC, r24	; 0x8000bc <__TEXT_REGION_LENGTH__+0x7f80bc>
    // wait for end of transmission
    // Wait for TWINT flag set. This
    // indicates that the SLA+W has
    // been transmitted, and
    // ACK/NACK has been received.
    while (!(TWCR & _BV(TWINT)))
 48e:	80 91 bc 00 	lds	r24, 0x00BC	; 0x8000bc <__TEXT_REGION_LENGTH__+0x7f80bc>
 492:	87 ff       	sbrs	r24, 7
 494:	fc cf       	rjmp	.-8      	; 0x48e <i2c_master_start+0x2e>

    // Check value of TWI status
    // register. Mask prescaler bits. If
    // status different from
    // MT_SLA_ACK go to ERROR
    twst = TW_STATUS & I2C_PRESCALER_MASK;
 496:	80 91 b9 00 	lds	r24, 0x00B9	; 0x8000b9 <__TEXT_REGION_LENGTH__+0x7f80b9>
 49a:	88 7f       	andi	r24, 0xF8	; 248
    if (twst != TW_MT_SLA_ACK && twst != TW_MR_SLA_ACK)
 49c:	88 31       	cpi	r24, 0x18	; 24
 49e:	11 f0       	breq	.+4      	; 0x4a4 <i2c_master_start+0x44>
 4a0:	80 34       	cpi	r24, 0x40	; 64
 4a2:	21 f4       	brne	.+8      	; 0x4ac <i2c_master_start+0x4c>
    {
        return I2C_STATUS_ERROR_WRITE_OR_READ_NOT_ACK;
    }

    return I2C_STATUS_SUCCESS;
 4a4:	80 e0       	ldi	r24, 0x00	; 0
}
 4a6:	08 95       	ret
    // check value of TWI status register
    // #define TW_STATUS (TWSR & TW_STATUS_MASK)
    twst = TW_STATUS & I2C_PRESCALER_MASK;
    if (twst != TW_START && twst != TW_REP_START)
    {
        return I2C_STATUS_ERROR_START_NOT_ACCEPTED;
 4a8:	8a e0       	ldi	r24, 0x0A	; 10
 4aa:	08 95       	ret
    // status different from
    // MT_SLA_ACK go to ERROR
    twst = TW_STATUS & I2C_PRESCALER_MASK;
    if (twst != TW_MT_SLA_ACK && twst != TW_MR_SLA_ACK)
    {
        return I2C_STATUS_ERROR_WRITE_OR_READ_NOT_ACK;
 4ac:	84 e1       	ldi	r24, 0x14	; 20
 4ae:	08 95       	ret

000004b0 <i2c_master_write>:
uint8_t i2c_master_write(uint8_t data)
{
    uint8_t twst;

    // Load DATA into TWDR register.
    TWDR = data;
 4b0:	80 93 bb 00 	sts	0x00BB, r24	; 0x8000bb <__TEXT_REGION_LENGTH__+0x7f80bb>

    // clear TWINT bit in TWCR to
    // start transmission of data
    TWCR = _BV(TWINT) | _BV(TWEN);
 4b4:	84 e8       	ldi	r24, 0x84	; 132
 4b6:	80 93 bc 00 	sts	0x00BC, r24	; 0x8000bc <__TEXT_REGION_LENGTH__+0x7f80bc>
    // wait for end of transmission
    // Wait for TWINT flag set. This
    // indicates that the DATA has
    // been transmitted, and
    // ACK/NACK has been received.
    while (!(TWCR & _BV(TWINT)))
 4ba:	80 91 bc 00 	lds	r24, 0x00BC	; 0x8000bc <__TEXT_REGION_LENGTH__+0x7f80bc>
 4be:	87 ff       	sbrs	r24, 7
 4c0:	fc cf       	rjmp	.-8      	; 0x4ba <i2c_master_write+0xa>

    // Check value of TWI status
    // register. Mask prescaler bits. If
    // status different from
    // MT_DATA_ACK go to ERROR
    twst = TW_STATUS & I2C_PRESCALER_MASK;
 4c2:	80 91 b9 00 	lds	r24, 0x00B9	; 0x8000b9 <__TEXT_REGION_LENGTH__+0x7f80b9>
 4c6:	88 7f       	andi	r24, 0xF8	; 248
    if (twst != TW_MT_DATA_ACK)
 4c8:	88 32       	cpi	r24, 0x28	; 40
 4ca:	11 f4       	brne	.+4      	; 0x4d0 <i2c_master_write+0x20>
    {
        return I2C_STATUS_ERROR_WRITE_NOT_ACK;
    }
    return I2C_STATUS_SUCCESS;
 4cc:	80 e0       	ldi	r24, 0x00	; 0
 4ce:	08 95       	ret
    // status different from
    // MT_DATA_ACK go to ERROR
    twst = TW_STATUS & I2C_PRESCALER_MASK;
    if (twst != TW_MT_DATA_ACK)
    {
        return I2C_STATUS_ERROR_WRITE_NOT_ACK;
 4d0:	85 e1       	ldi	r24, 0x15	; 21
    }
    return I2C_STATUS_SUCCESS;
}
 4d2:	08 95       	ret

000004d4 <i2c_master_read_ACK>:
{
    // setup i2c bus to read
    // TWINT - reset TWI
    // TWEN - enable TWI
    // TWEA - TWI enable ACK
    TWCR = _BV(TWINT) | _BV(TWEN) | _BV(TWEA);
 4d4:	84 ec       	ldi	r24, 0xC4	; 196
 4d6:	80 93 bc 00 	sts	0x00BC, r24	; 0x8000bc <__TEXT_REGION_LENGTH__+0x7f80bc>

    // wait for end of transmission
    while (!(TWCR & _BV(TWINT)))
 4da:	80 91 bc 00 	lds	r24, 0x00BC	; 0x8000bc <__TEXT_REGION_LENGTH__+0x7f80bc>
 4de:	87 ff       	sbrs	r24, 7
 4e0:	fc cf       	rjmp	.-8      	; 0x4da <i2c_master_read_ACK+0x6>
        ;

    return TWDR;
 4e2:	80 91 bb 00 	lds	r24, 0x00BB	; 0x8000bb <__TEXT_REGION_LENGTH__+0x7f80bb>
}
 4e6:	08 95       	ret

000004e8 <i2c_master_read_NACK>:
{
    // setup i2c bus to read
    // TWINT - reset TWI
    // TWEN - enable TWI
    // NACK
    TWCR = _BV(TWINT) | _BV(TWEN);
 4e8:	84 e8       	ldi	r24, 0x84	; 132
 4ea:	80 93 bc 00 	sts	0x00BC, r24	; 0x8000bc <__TEXT_REGION_LENGTH__+0x7f80bc>

    // wait for end of transmission
    while (!(TWCR & _BV(TWINT)))
 4ee:	80 91 bc 00 	lds	r24, 0x00BC	; 0x8000bc <__TEXT_REGION_LENGTH__+0x7f80bc>
 4f2:	87 ff       	sbrs	r24, 7
 4f4:	fc cf       	rjmp	.-8      	; 0x4ee <i2c_master_read_NACK+0x6>
        ;

    return TWDR;
 4f6:	80 91 bb 00 	lds	r24, 0x00BB	; 0x8000bb <__TEXT_REGION_LENGTH__+0x7f80bb>
}
 4fa:	08 95       	ret

000004fc <i2c_master_stop>:
function to send i2c stop
*/
void i2c_master_stop(void)
{
    // Transmit STOP condition
    TWCR = _BV(TWINT) | _BV(TWEN) | _BV(TWSTO);
 4fc:	84 e9       	ldi	r24, 0x94	; 148
 4fe:	80 93 bc 00 	sts	0x00BC, r24	; 0x8000bc <__TEXT_REGION_LENGTH__+0x7f80bc>
}
 502:	08 95       	ret

00000504 <i2c_master_init>:
function to initialize i2c
*/
void i2c_master_init(uint16_t frequency)
{
    // reset TWI status register
    TWSR = 0;
 504:	10 92 b9 00 	sts	0x00B9, r1	; 0x8000b9 <__TEXT_REGION_LENGTH__+0x7f80b9>
    scl = f_cpu / (16 + 2 * TWBR * prescaler)
    16 + 2 * TWBR * prescaler = f_cpu / scl
    2 * TWBR * prescaler = f_cpu / scl - 16
    TWBR = (f_cpu / scl - 16) / 2 / prescaler
    */
    TWBR = (F_CPU / frequency - 16) / 2 / I2C_SCL_FREQUENCY_PRESCALER;
 508:	88 ef       	ldi	r24, 0xF8	; 248
 50a:	80 93 b8 00 	sts	0x00B8, r24	; 0x8000b8 <__TEXT_REGION_LENGTH__+0x7f80b8>
}
 50e:	08 95       	ret

00000510 <i2c_master_send_byte>:

/*
function to send one byte via i2c
*/
uint8_t i2c_master_send_byte(uint8_t address, uint8_t data)
{
 510:	cf 93       	push	r28
 512:	c6 2f       	mov	r28, r22
    // send i2c start
    uint8_t status = i2c_master_start(address, I2C_WRITE);
 514:	60 e0       	ldi	r22, 0x00	; 0
 516:	0e 94 30 02 	call	0x460	; 0x460 <i2c_master_start>
    // check status for error
    if (status)
 51a:	81 11       	cpse	r24, r1
 51c:	11 c0       	rjmp	.+34     	; 0x540 <i2c_master_send_byte+0x30>
uint8_t i2c_master_write(uint8_t data)
{
    uint8_t twst;

    // Load DATA into TWDR register.
    TWDR = data;
 51e:	c0 93 bb 00 	sts	0x00BB, r28	; 0x8000bb <__TEXT_REGION_LENGTH__+0x7f80bb>

    // clear TWINT bit in TWCR to
    // start transmission of data
    TWCR = _BV(TWINT) | _BV(TWEN);
 522:	94 e8       	ldi	r25, 0x84	; 132
 524:	90 93 bc 00 	sts	0x00BC, r25	; 0x8000bc <__TEXT_REGION_LENGTH__+0x7f80bc>
    // wait for end of transmission
    // Wait for TWINT flag set. This
    // indicates that the DATA has
    // been transmitted, and
    // ACK/NACK has been received.
    while (!(TWCR & _BV(TWINT)))
 528:	90 91 bc 00 	lds	r25, 0x00BC	; 0x8000bc <__TEXT_REGION_LENGTH__+0x7f80bc>
 52c:	97 ff       	sbrs	r25, 7
 52e:	fc cf       	rjmp	.-8      	; 0x528 <i2c_master_send_byte+0x18>

    // Check value of TWI status
    // register. Mask prescaler bits. If
    // status different from
    // MT_DATA_ACK go to ERROR
    twst = TW_STATUS & I2C_PRESCALER_MASK;
 530:	90 91 b9 00 	lds	r25, 0x00B9	; 0x8000b9 <__TEXT_REGION_LENGTH__+0x7f80b9>
 534:	98 7f       	andi	r25, 0xF8	; 248
    if (twst != TW_MT_DATA_ACK)
 536:	98 32       	cpi	r25, 0x28	; 40
 538:	29 f4       	brne	.+10     	; 0x544 <i2c_master_send_byte+0x34>
function to send i2c stop
*/
void i2c_master_stop(void)
{
    // Transmit STOP condition
    TWCR = _BV(TWINT) | _BV(TWEN) | _BV(TWSTO);
 53a:	94 e9       	ldi	r25, 0x94	; 148
 53c:	90 93 bc 00 	sts	0x00BC, r25	; 0x8000bc <__TEXT_REGION_LENGTH__+0x7f80bc>
    if (status)
        return status;
    // send i2c stop
    i2c_master_stop();
    return I2C_STATUS_SUCCESS;
}
 540:	cf 91       	pop	r28
 542:	08 95       	ret
    // status different from
    // MT_DATA_ACK go to ERROR
    twst = TW_STATUS & I2C_PRESCALER_MASK;
    if (twst != TW_MT_DATA_ACK)
    {
        return I2C_STATUS_ERROR_WRITE_NOT_ACK;
 544:	85 e1       	ldi	r24, 0x15	; 21
    if (status)
        return status;
    // send i2c stop
    i2c_master_stop();
    return I2C_STATUS_SUCCESS;
}
 546:	cf 91       	pop	r28
 548:	08 95       	ret

0000054a <i2c_master_send>:

/*
function to send n bytes via i2c
*/
uint8_t i2c_master_send(uint8_t address, uint8_t *data, uint16_t length)
{
 54a:	0f 93       	push	r16
 54c:	1f 93       	push	r17
 54e:	cf 93       	push	r28
 550:	df 93       	push	r29
 552:	8b 01       	movw	r16, r22
 554:	ea 01       	movw	r28, r20
    // send i2c start
    uint8_t status = i2c_master_start(address, I2C_WRITE);
 556:	60 e0       	ldi	r22, 0x00	; 0
 558:	0e 94 30 02 	call	0x460	; 0x460 <i2c_master_start>
    // check status for error
    if (status)
 55c:	81 11       	cpse	r24, r1
 55e:	1a c0       	rjmp	.+52     	; 0x594 <i2c_master_send+0x4a>
        return status;
    // send bytes
    for (uint16_t i = 0; i < length; i++)
 560:	20 97       	sbiw	r28, 0x00	; 0
 562:	a9 f0       	breq	.+42     	; 0x58e <i2c_master_send+0x44>
 564:	f8 01       	movw	r30, r16
 566:	c0 0f       	add	r28, r16
 568:	d1 1f       	adc	r29, r17
    // Load DATA into TWDR register.
    TWDR = data;

    // clear TWINT bit in TWCR to
    // start transmission of data
    TWCR = _BV(TWINT) | _BV(TWEN);
 56a:	24 e8       	ldi	r18, 0x84	; 132
        return status;
    // send bytes
    for (uint16_t i = 0; i < length; i++)
    {
        // write byte to i2c slave
        status = i2c_master_write(data[i]);
 56c:	91 91       	ld	r25, Z+
uint8_t i2c_master_write(uint8_t data)
{
    uint8_t twst;

    // Load DATA into TWDR register.
    TWDR = data;
 56e:	90 93 bb 00 	sts	0x00BB, r25	; 0x8000bb <__TEXT_REGION_LENGTH__+0x7f80bb>

    // clear TWINT bit in TWCR to
    // start transmission of data
    TWCR = _BV(TWINT) | _BV(TWEN);
 572:	20 93 bc 00 	sts	0x00BC, r18	; 0x8000bc <__TEXT_REGION_LENGTH__+0x7f80bc>
    // wait for end of transmission
    // Wait for TWINT flag set. This
    // indicates that the DATA has
    // been transmitted, and
    // ACK/NACK has been received.
    while (!(TWCR & _BV(TWINT)))
 576:	90 91 bc 00 	lds	r25, 0x00BC	; 0x8000bc <__TEXT_REGION_LENGTH__+0x7f80bc>
 57a:	97 ff       	sbrs	r25, 7
 57c:	fc cf       	rjmp	.-8      	; 0x576 <i2c_master_send+0x2c>

    // Check value of TWI status
    // register. Mask prescaler bits. If
    // status different from
    // MT_DATA_ACK go to ERROR
    twst = TW_STATUS & I2C_PRESCALER_MASK;
 57e:	90 91 b9 00 	lds	r25, 0x00B9	; 0x8000b9 <__TEXT_REGION_LENGTH__+0x7f80b9>
 582:	98 7f       	andi	r25, 0xF8	; 248
    if (twst != TW_MT_DATA_ACK)
 584:	98 32       	cpi	r25, 0x28	; 40
 586:	59 f4       	brne	.+22     	; 0x59e <i2c_master_send+0x54>
    uint8_t status = i2c_master_start(address, I2C_WRITE);
    // check status for error
    if (status)
        return status;
    // send bytes
    for (uint16_t i = 0; i < length; i++)
 588:	ec 17       	cp	r30, r28
 58a:	fd 07       	cpc	r31, r29
 58c:	79 f7       	brne	.-34     	; 0x56c <i2c_master_send+0x22>
function to send i2c stop
*/
void i2c_master_stop(void)
{
    // Transmit STOP condition
    TWCR = _BV(TWINT) | _BV(TWEN) | _BV(TWSTO);
 58e:	94 e9       	ldi	r25, 0x94	; 148
 590:	90 93 bc 00 	sts	0x00BC, r25	; 0x8000bc <__TEXT_REGION_LENGTH__+0x7f80bc>
        if (status)
            return status;
    } // send i2c stop
    i2c_master_stop();
    return I2C_STATUS_SUCCESS;
}
 594:	df 91       	pop	r29
 596:	cf 91       	pop	r28
 598:	1f 91       	pop	r17
 59a:	0f 91       	pop	r16
 59c:	08 95       	ret
    // status different from
    // MT_DATA_ACK go to ERROR
    twst = TW_STATUS & I2C_PRESCALER_MASK;
    if (twst != TW_MT_DATA_ACK)
    {
        return I2C_STATUS_ERROR_WRITE_NOT_ACK;
 59e:	85 e1       	ldi	r24, 0x15	; 21
        if (status)
            return status;
    } // send i2c stop
    i2c_master_stop();
    return I2C_STATUS_SUCCESS;
}
 5a0:	df 91       	pop	r29
 5a2:	cf 91       	pop	r28
 5a4:	1f 91       	pop	r17
 5a6:	0f 91       	pop	r16
 5a8:	08 95       	ret

000005aa <i2c_master_receive>:

/*
function to receive n bytes via i2c
*/
uint8_t i2c_master_receive(uint8_t address, uint8_t *data, uint16_t length)
{
 5aa:	0f 93       	push	r16
 5ac:	1f 93       	push	r17
 5ae:	cf 93       	push	r28
 5b0:	df 93       	push	r29
 5b2:	8b 01       	movw	r16, r22
 5b4:	ea 01       	movw	r28, r20
    // send i2c start
    uint8_t status = i2c_master_start(address, I2C_READ);
 5b6:	61 e0       	ldi	r22, 0x01	; 1
 5b8:	0e 94 30 02 	call	0x460	; 0x460 <i2c_master_start>
    // check status for error
    if (status)
 5bc:	81 11       	cpse	r24, r1
 5be:	27 c0       	rjmp	.+78     	; 0x60e <i2c_master_receive+0x64>
        return status;
    // send bytes
    for (uint16_t i = 0; i < (length - 1); i++)
 5c0:	be 01       	movw	r22, r28
 5c2:	61 50       	subi	r22, 0x01	; 1
 5c4:	71 09       	sbc	r23, r1
 5c6:	a9 f0       	breq	.+42     	; 0x5f2 <i2c_master_receive+0x48>
 5c8:	f8 01       	movw	r30, r16
 5ca:	a8 01       	movw	r20, r16
 5cc:	4c 0f       	add	r20, r28
 5ce:	5d 1f       	adc	r21, r29
 5d0:	41 50       	subi	r20, 0x01	; 1
 5d2:	51 09       	sbc	r21, r1
{
    // setup i2c bus to read
    // TWINT - reset TWI
    // TWEN - enable TWI
    // TWEA - TWI enable ACK
    TWCR = _BV(TWINT) | _BV(TWEN) | _BV(TWEA);
 5d4:	24 ec       	ldi	r18, 0xC4	; 196
 5d6:	20 93 bc 00 	sts	0x00BC, r18	; 0x8000bc <__TEXT_REGION_LENGTH__+0x7f80bc>

    // wait for end of transmission
    while (!(TWCR & _BV(TWINT)))
 5da:	90 91 bc 00 	lds	r25, 0x00BC	; 0x8000bc <__TEXT_REGION_LENGTH__+0x7f80bc>
 5de:	97 ff       	sbrs	r25, 7
 5e0:	fc cf       	rjmp	.-8      	; 0x5da <i2c_master_receive+0x30>
        ;

    return TWDR;
 5e2:	90 91 bb 00 	lds	r25, 0x00BB	; 0x8000bb <__TEXT_REGION_LENGTH__+0x7f80bb>
        return status;
    // send bytes
    for (uint16_t i = 0; i < (length - 1); i++)
    {
        // read byte from i2c slave
        data[i] = i2c_master_read_ACK();
 5e6:	91 93       	st	Z+, r25
    uint8_t status = i2c_master_start(address, I2C_READ);
    // check status for error
    if (status)
        return status;
    // send bytes
    for (uint16_t i = 0; i < (length - 1); i++)
 5e8:	e4 17       	cp	r30, r20
 5ea:	f5 07       	cpc	r31, r21
 5ec:	a1 f7       	brne	.-24     	; 0x5d6 <i2c_master_receive+0x2c>
 5ee:	06 0f       	add	r16, r22
 5f0:	17 1f       	adc	r17, r23
{
    // setup i2c bus to read
    // TWINT - reset TWI
    // TWEN - enable TWI
    // NACK
    TWCR = _BV(TWINT) | _BV(TWEN);
 5f2:	94 e8       	ldi	r25, 0x84	; 132
 5f4:	90 93 bc 00 	sts	0x00BC, r25	; 0x8000bc <__TEXT_REGION_LENGTH__+0x7f80bc>

    // wait for end of transmission
    while (!(TWCR & _BV(TWINT)))
 5f8:	90 91 bc 00 	lds	r25, 0x00BC	; 0x8000bc <__TEXT_REGION_LENGTH__+0x7f80bc>
 5fc:	97 ff       	sbrs	r25, 7
 5fe:	fc cf       	rjmp	.-8      	; 0x5f8 <i2c_master_receive+0x4e>
        ;

    return TWDR;
 600:	90 91 bb 00 	lds	r25, 0x00BB	; 0x8000bb <__TEXT_REGION_LENGTH__+0x7f80bb>
    {
        // read byte from i2c slave
        data[i] = i2c_master_read_ACK();
    }
    // read the last byte then return NACK to slave
    data[length - 1] = i2c_master_read_NACK();
 604:	f8 01       	movw	r30, r16
 606:	90 83       	st	Z, r25
function to send i2c stop
*/
void i2c_master_stop(void)
{
    // Transmit STOP condition
    TWCR = _BV(TWINT) | _BV(TWEN) | _BV(TWSTO);
 608:	94 e9       	ldi	r25, 0x94	; 148
 60a:	90 93 bc 00 	sts	0x00BC, r25	; 0x8000bc <__TEXT_REGION_LENGTH__+0x7f80bc>
    // read the last byte then return NACK to slave
    data[length - 1] = i2c_master_read_NACK();
    // send i2c stop
    i2c_master_stop();
    return I2C_STATUS_SUCCESS;
}
 60e:	df 91       	pop	r29
 610:	cf 91       	pop	r28
 612:	1f 91       	pop	r17
 614:	0f 91       	pop	r16
 616:	08 95       	ret

00000618 <i2c_master_get_error_message>:
 618:	87 31       	cpi	r24, 0x17	; 23
 61a:	48 f4       	brcc	.+18     	; 0x62e <i2c_master_get_error_message+0x16>
 61c:	e8 2f       	mov	r30, r24
 61e:	f0 e0       	ldi	r31, 0x00	; 0
 620:	ee 0f       	add	r30, r30
 622:	ff 1f       	adc	r31, r31
 624:	e0 50       	subi	r30, 0x00	; 0
 626:	ff 4f       	sbci	r31, 0xFF	; 255
 628:	80 81       	ld	r24, Z
 62a:	91 81       	ldd	r25, Z+1	; 0x01
 62c:	08 95       	ret
 62e:	80 e5       	ldi	r24, 0x50	; 80
 630:	91 e0       	ldi	r25, 0x01	; 1
 632:	08 95       	ret

00000634 <main>:
 634:	cf 93       	push	r28
 636:	df 93       	push	r29
 638:	cd b7       	in	r28, 0x3d	; 61
 63a:	de b7       	in	r29, 0x3e	; 62
 63c:	67 97       	sbiw	r28, 0x17	; 23
 63e:	0f b6       	in	r0, 0x3f	; 63
 640:	f8 94       	cli
 642:	de bf       	out	0x3e, r29	; 62
 644:	0f be       	out	0x3f, r0	; 63
 646:	cd bf       	out	0x3d, r28	; 61
 648:	0e 94 29 02 	call	0x452	; 0x452 <ioinit>
 64c:	80 e8       	ldi	r24, 0x80	; 128
 64e:	9a e1       	ldi	r25, 0x1A	; 26
 650:	0e 94 82 02 	call	0x504	; 0x504 <i2c_master_init>
 654:	20 e0       	ldi	r18, 0x00	; 0
 656:	42 e0       	ldi	r20, 0x02	; 2
 658:	60 e1       	ldi	r22, 0x10	; 16
 65a:	8f e3       	ldi	r24, 0x3F	; 63
 65c:	0e 94 85 01 	call	0x30a	; 0x30a <LCD_init>
 660:	29 8b       	std	Y+17, r18	; 0x11
 662:	3a 8b       	std	Y+18, r19	; 0x12
 664:	4b 8b       	std	Y+19, r20	; 0x13
 666:	5c 8b       	std	Y+20, r21	; 0x14
 668:	6d 8b       	std	Y+21, r22	; 0x15
 66a:	7e 8b       	std	Y+22, r23	; 0x16
 66c:	8f 8b       	std	Y+23, r24	; 0x17
 66e:	2f ef       	ldi	r18, 0xFF	; 255
 670:	83 ed       	ldi	r24, 0xD3	; 211
 672:	90 e3       	ldi	r25, 0x30	; 48
 674:	21 50       	subi	r18, 0x01	; 1
 676:	80 40       	sbci	r24, 0x00	; 0
 678:	90 40       	sbci	r25, 0x00	; 0
 67a:	e1 f7       	brne	.-8      	; 0x674 <main+0x40>
 67c:	00 c0       	rjmp	.+0      	; 0x67e <main+0x4a>
 67e:	00 00       	nop
 680:	40 e0       	ldi	r20, 0x00	; 0
 682:	61 e0       	ldi	r22, 0x01	; 1
 684:	ce 01       	movw	r24, r28
 686:	41 96       	adiw	r24, 0x11	; 17
 688:	0e 94 91 00 	call	0x122	; 0x122 <LCD_write_byte>
 68c:	8f e3       	ldi	r24, 0x3F	; 63
 68e:	9f e1       	ldi	r25, 0x1F	; 31
 690:	01 97       	sbiw	r24, 0x01	; 1
 692:	f1 f7       	brne	.-4      	; 0x690 <main+0x5c>
 694:	00 c0       	rjmp	.+0      	; 0x696 <main+0x62>
 696:	00 00       	nop
 698:	9f ef       	ldi	r25, 0xFF	; 255
 69a:	29 e6       	ldi	r18, 0x69	; 105
 69c:	88 e1       	ldi	r24, 0x18	; 24
 69e:	91 50       	subi	r25, 0x01	; 1
 6a0:	20 40       	sbci	r18, 0x00	; 0
 6a2:	80 40       	sbci	r24, 0x00	; 0
 6a4:	e1 f7       	brne	.-8      	; 0x69e <main+0x6a>
 6a6:	00 c0       	rjmp	.+0      	; 0x6a8 <main+0x74>
 6a8:	00 00       	nop
 6aa:	1c 8a       	std	Y+20, r1	; 0x14
 6ac:	60 e0       	ldi	r22, 0x00	; 0
 6ae:	89 89       	ldd	r24, Y+17	; 0x11
 6b0:	0e 94 88 02 	call	0x510	; 0x510 <i2c_master_send_byte>
 6b4:	9f ef       	ldi	r25, 0xFF	; 255
 6b6:	29 e6       	ldi	r18, 0x69	; 105
 6b8:	88 e1       	ldi	r24, 0x18	; 24
 6ba:	91 50       	subi	r25, 0x01	; 1
 6bc:	20 40       	sbci	r18, 0x00	; 0
 6be:	80 40       	sbci	r24, 0x00	; 0
 6c0:	e1 f7       	brne	.-8      	; 0x6ba <main+0x86>
 6c2:	00 c0       	rjmp	.+0      	; 0x6c4 <main+0x90>
 6c4:	00 00       	nop
 6c6:	88 e0       	ldi	r24, 0x08	; 8
 6c8:	8c 8b       	std	Y+20, r24	; 0x14
 6ca:	68 e0       	ldi	r22, 0x08	; 8
 6cc:	89 89       	ldd	r24, Y+17	; 0x11
 6ce:	0e 94 88 02 	call	0x510	; 0x510 <i2c_master_send_byte>
 6d2:	9f ef       	ldi	r25, 0xFF	; 255
 6d4:	29 e6       	ldi	r18, 0x69	; 105
 6d6:	88 e1       	ldi	r24, 0x18	; 24
 6d8:	91 50       	subi	r25, 0x01	; 1
 6da:	20 40       	sbci	r18, 0x00	; 0
 6dc:	80 40       	sbci	r24, 0x00	; 0
 6de:	e1 f7       	brne	.-8      	; 0x6d8 <main+0xa4>
 6e0:	00 c0       	rjmp	.+0      	; 0x6e2 <main+0xae>
 6e2:	00 00       	nop
 6e4:	6e 89       	ldd	r22, Y+22	; 0x16
 6e6:	96 2f       	mov	r25, r22
 6e8:	94 60       	ori	r25, 0x04	; 4
 6ea:	9e 8b       	std	Y+22, r25	; 0x16
 6ec:	6c 60       	ori	r22, 0x0C	; 12
 6ee:	40 e0       	ldi	r20, 0x00	; 0
 6f0:	ce 01       	movw	r24, r28
 6f2:	41 96       	adiw	r24, 0x11	; 17
 6f4:	0e 94 91 00 	call	0x122	; 0x122 <LCD_write_byte>
 6f8:	40 e0       	ldi	r20, 0x00	; 0
 6fa:	62 e0       	ldi	r22, 0x02	; 2
 6fc:	ce 01       	movw	r24, r28
 6fe:	41 96       	adiw	r24, 0x11	; 17
 700:	0e 94 91 00 	call	0x122	; 0x122 <LCD_write_byte>
 704:	8f e3       	ldi	r24, 0x3F	; 63
 706:	9f e1       	ldi	r25, 0x1F	; 31
 708:	01 97       	sbiw	r24, 0x01	; 1
 70a:	f1 f7       	brne	.-4      	; 0x708 <main+0xd4>
 70c:	00 c0       	rjmp	.+0      	; 0x70e <main+0xda>
 70e:	00 00       	nop
 710:	6e 89       	ldd	r22, Y+22	; 0x16
 712:	96 2f       	mov	r25, r22
 714:	92 60       	ori	r25, 0x02	; 2
 716:	9e 8b       	std	Y+22, r25	; 0x16
 718:	6a 60       	ori	r22, 0x0A	; 10
 71a:	40 e0       	ldi	r20, 0x00	; 0
 71c:	ce 01       	movw	r24, r28
 71e:	41 96       	adiw	r24, 0x11	; 17
 720:	0e 94 91 00 	call	0x122	; 0x122 <LCD_write_byte>
 724:	6e 89       	ldd	r22, Y+22	; 0x16
 726:	96 2f       	mov	r25, r22
 728:	91 60       	ori	r25, 0x01	; 1
 72a:	9e 8b       	std	Y+22, r25	; 0x16
 72c:	69 60       	ori	r22, 0x09	; 9
 72e:	40 e0       	ldi	r20, 0x00	; 0
 730:	ce 01       	movw	r24, r28
 732:	41 96       	adiw	r24, 0x11	; 17
 734:	0e 94 91 00 	call	0x122	; 0x122 <LCD_write_byte>
 738:	9f ef       	ldi	r25, 0xFF	; 255
 73a:	29 e6       	ldi	r18, 0x69	; 105
 73c:	88 e1       	ldi	r24, 0x18	; 24
 73e:	91 50       	subi	r25, 0x01	; 1
 740:	20 40       	sbci	r18, 0x00	; 0
 742:	80 40       	sbci	r24, 0x00	; 0
 744:	e1 f7       	brne	.-8      	; 0x73e <main+0x10a>
 746:	00 c0       	rjmp	.+0      	; 0x748 <main+0x114>
 748:	00 00       	nop
 74a:	80 e1       	ldi	r24, 0x10	; 16
 74c:	ee e2       	ldi	r30, 0x2E	; 46
 74e:	f1 e0       	ldi	r31, 0x01	; 1
 750:	de 01       	movw	r26, r28
 752:	11 96       	adiw	r26, 0x01	; 1
 754:	01 90       	ld	r0, Z+
 756:	0d 92       	st	X+, r0
 758:	8a 95       	dec	r24
 75a:	e1 f7       	brne	.-8      	; 0x754 <main+0x120>
 75c:	69 81       	ldd	r22, Y+1	; 0x01
 75e:	66 23       	and	r22, r22
 760:	81 f0       	breq	.+32     	; 0x782 <main+0x14e>
 762:	10 e0       	ldi	r17, 0x00	; 0
 764:	41 e0       	ldi	r20, 0x01	; 1
 766:	ce 01       	movw	r24, r28
 768:	41 96       	adiw	r24, 0x11	; 17
 76a:	0e 94 91 00 	call	0x122	; 0x122 <LCD_write_byte>
 76e:	1f 5f       	subi	r17, 0xFF	; 255
 770:	e1 e0       	ldi	r30, 0x01	; 1
 772:	f0 e0       	ldi	r31, 0x00	; 0
 774:	ec 0f       	add	r30, r28
 776:	fd 1f       	adc	r31, r29
 778:	e1 0f       	add	r30, r17
 77a:	f1 1d       	adc	r31, r1
 77c:	60 81       	ld	r22, Z
 77e:	61 11       	cpse	r22, r1
 780:	f1 cf       	rjmp	.-30     	; 0x764 <main+0x130>
 782:	9f ef       	ldi	r25, 0xFF	; 255
 784:	29 e6       	ldi	r18, 0x69	; 105
 786:	88 e1       	ldi	r24, 0x18	; 24
 788:	91 50       	subi	r25, 0x01	; 1
 78a:	20 40       	sbci	r18, 0x00	; 0
 78c:	80 40       	sbci	r24, 0x00	; 0
 78e:	e1 f7       	brne	.-8      	; 0x788 <main+0x154>
 790:	00 c0       	rjmp	.+0      	; 0x792 <main+0x15e>
 792:	00 00       	nop
 794:	40 e0       	ldi	r20, 0x00	; 0
 796:	60 ec       	ldi	r22, 0xC0	; 192
 798:	ce 01       	movw	r24, r28
 79a:	41 96       	adiw	r24, 0x11	; 17
 79c:	0e 94 91 00 	call	0x122	; 0x122 <LCD_write_byte>
 7a0:	80 e1       	ldi	r24, 0x10	; 16
 7a2:	ef e3       	ldi	r30, 0x3F	; 63
 7a4:	f1 e0       	ldi	r31, 0x01	; 1
 7a6:	de 01       	movw	r26, r28
 7a8:	11 96       	adiw	r26, 0x01	; 1
 7aa:	01 90       	ld	r0, Z+
 7ac:	0d 92       	st	X+, r0
 7ae:	8a 95       	dec	r24
 7b0:	e1 f7       	brne	.-8      	; 0x7aa <main+0x176>
 7b2:	69 81       	ldd	r22, Y+1	; 0x01
 7b4:	66 23       	and	r22, r22
 7b6:	81 f0       	breq	.+32     	; 0x7d8 <main+0x1a4>
 7b8:	10 e0       	ldi	r17, 0x00	; 0
 7ba:	41 e0       	ldi	r20, 0x01	; 1
 7bc:	ce 01       	movw	r24, r28
 7be:	41 96       	adiw	r24, 0x11	; 17
 7c0:	0e 94 91 00 	call	0x122	; 0x122 <LCD_write_byte>
 7c4:	1f 5f       	subi	r17, 0xFF	; 255
 7c6:	e1 e0       	ldi	r30, 0x01	; 1
 7c8:	f0 e0       	ldi	r31, 0x00	; 0
 7ca:	ec 0f       	add	r30, r28
 7cc:	fd 1f       	adc	r31, r29
 7ce:	e1 0f       	add	r30, r17
 7d0:	f1 1d       	adc	r31, r1
 7d2:	60 81       	ld	r22, Z
 7d4:	61 11       	cpse	r22, r1
 7d6:	f1 cf       	rjmp	.-30     	; 0x7ba <main+0x186>
 7d8:	80 e1       	ldi	r24, 0x10	; 16
 7da:	ee e2       	ldi	r30, 0x2E	; 46
 7dc:	f1 e0       	ldi	r31, 0x01	; 1
 7de:	de 01       	movw	r26, r28
 7e0:	11 96       	adiw	r26, 0x01	; 1
 7e2:	01 90       	ld	r0, Z+
 7e4:	0d 92       	st	X+, r0
 7e6:	8a 95       	dec	r24
 7e8:	e1 f7       	brne	.-8      	; 0x7e2 <main+0x1ae>
 7ea:	69 81       	ldd	r22, Y+1	; 0x01
 7ec:	66 23       	and	r22, r22
 7ee:	81 f0       	breq	.+32     	; 0x810 <__DATA_REGION_LENGTH__+0x10>
 7f0:	10 e0       	ldi	r17, 0x00	; 0
 7f2:	41 e0       	ldi	r20, 0x01	; 1
 7f4:	ce 01       	movw	r24, r28
 7f6:	41 96       	adiw	r24, 0x11	; 17
 7f8:	0e 94 91 00 	call	0x122	; 0x122 <LCD_write_byte>
 7fc:	1f 5f       	subi	r17, 0xFF	; 255
 7fe:	e1 e0       	ldi	r30, 0x01	; 1
 800:	f0 e0       	ldi	r31, 0x00	; 0
 802:	ec 0f       	add	r30, r28
 804:	fd 1f       	adc	r31, r29
 806:	e1 0f       	add	r30, r17
 808:	f1 1d       	adc	r31, r1
 80a:	60 81       	ld	r22, Z
 80c:	61 11       	cpse	r22, r1
 80e:	f1 cf       	rjmp	.-30     	; 0x7f2 <main+0x1be>
 810:	9f ef       	ldi	r25, 0xFF	; 255
 812:	23 ed       	ldi	r18, 0xD3	; 211
 814:	80 e3       	ldi	r24, 0x30	; 48
 816:	91 50       	subi	r25, 0x01	; 1
 818:	20 40       	sbci	r18, 0x00	; 0
 81a:	80 40       	sbci	r24, 0x00	; 0
 81c:	e1 f7       	brne	.-8      	; 0x816 <__DATA_REGION_LENGTH__+0x16>
 81e:	00 c0       	rjmp	.+0      	; 0x820 <__DATA_REGION_LENGTH__+0x20>
 820:	00 00       	nop
 822:	40 e0       	ldi	r20, 0x00	; 0
 824:	60 ec       	ldi	r22, 0xC0	; 192
 826:	ce 01       	movw	r24, r28
 828:	41 96       	adiw	r24, 0x11	; 17
 82a:	0e 94 91 00 	call	0x122	; 0x122 <LCD_write_byte>
 82e:	80 e1       	ldi	r24, 0x10	; 16
 830:	ef e3       	ldi	r30, 0x3F	; 63
 832:	f1 e0       	ldi	r31, 0x01	; 1
 834:	de 01       	movw	r26, r28
 836:	11 96       	adiw	r26, 0x01	; 1
 838:	01 90       	ld	r0, Z+
 83a:	0d 92       	st	X+, r0
 83c:	8a 95       	dec	r24
 83e:	e1 f7       	brne	.-8      	; 0x838 <__DATA_REGION_LENGTH__+0x38>
 840:	69 81       	ldd	r22, Y+1	; 0x01
 842:	66 23       	and	r22, r22
 844:	81 f0       	breq	.+32     	; 0x866 <__DATA_REGION_LENGTH__+0x66>
 846:	10 e0       	ldi	r17, 0x00	; 0
 848:	41 e0       	ldi	r20, 0x01	; 1
 84a:	ce 01       	movw	r24, r28
 84c:	41 96       	adiw	r24, 0x11	; 17
 84e:	0e 94 91 00 	call	0x122	; 0x122 <LCD_write_byte>
 852:	1f 5f       	subi	r17, 0xFF	; 255
 854:	e1 e0       	ldi	r30, 0x01	; 1
 856:	f0 e0       	ldi	r31, 0x00	; 0
 858:	ec 0f       	add	r30, r28
 85a:	fd 1f       	adc	r31, r29
 85c:	e1 0f       	add	r30, r17
 85e:	f1 1d       	adc	r31, r1
 860:	60 81       	ld	r22, Z
 862:	61 11       	cpse	r22, r1
 864:	f1 cf       	rjmp	.-30     	; 0x848 <__DATA_REGION_LENGTH__+0x48>
 866:	9f ef       	ldi	r25, 0xFF	; 255
 868:	23 ed       	ldi	r18, 0xD3	; 211
 86a:	80 e3       	ldi	r24, 0x30	; 48
 86c:	91 50       	subi	r25, 0x01	; 1
 86e:	20 40       	sbci	r18, 0x00	; 0
 870:	80 40       	sbci	r24, 0x00	; 0
 872:	e1 f7       	brne	.-8      	; 0x86c <__DATA_REGION_LENGTH__+0x6c>
 874:	00 c0       	rjmp	.+0      	; 0x876 <__DATA_REGION_LENGTH__+0x76>
 876:	00 00       	nop
 878:	40 e0       	ldi	r20, 0x00	; 0
 87a:	61 e0       	ldi	r22, 0x01	; 1
 87c:	ce 01       	movw	r24, r28
 87e:	41 96       	adiw	r24, 0x11	; 17
 880:	0e 94 91 00 	call	0x122	; 0x122 <LCD_write_byte>
 884:	8f e3       	ldi	r24, 0x3F	; 63
 886:	9f e1       	ldi	r25, 0x1F	; 31
 888:	01 97       	sbiw	r24, 0x01	; 1
 88a:	f1 f7       	brne	.-4      	; 0x888 <__DATA_REGION_LENGTH__+0x88>
 88c:	00 c0       	rjmp	.+0      	; 0x88e <__DATA_REGION_LENGTH__+0x8e>
 88e:	00 00       	nop
 890:	9f ef       	ldi	r25, 0xFF	; 255
 892:	23 ed       	ldi	r18, 0xD3	; 211
 894:	80 e3       	ldi	r24, 0x30	; 48
 896:	91 50       	subi	r25, 0x01	; 1
 898:	20 40       	sbci	r18, 0x00	; 0
 89a:	80 40       	sbci	r24, 0x00	; 0
 89c:	e1 f7       	brne	.-8      	; 0x896 <__DATA_REGION_LENGTH__+0x96>
 89e:	00 c0       	rjmp	.+0      	; 0x8a0 <__DATA_REGION_LENGTH__+0xa0>
 8a0:	00 00       	nop
 8a2:	9a cf       	rjmp	.-204    	; 0x7d8 <main+0x1a4>

000008a4 <_exit>:
 8a4:	f8 94       	cli

000008a6 <__stop_program>:
 8a6:	ff cf       	rjmp	.-2      	; 0x8a6 <__stop_program>
