
demo.elf:     file format elf32-avr

Sections:
Idx Name          Size      VMA       LMA       File off  Algn
  0 .data         00000126  00800100  000007f6  0000088a  2**0
                  CONTENTS, ALLOC, LOAD, DATA
  1 .text         000007f6  00000000  00000000  00000094  2**1
                  CONTENTS, ALLOC, LOAD, READONLY, CODE
  2 .bss          00000001  00800226  00800226  000009b0  2**0
                  ALLOC
  3 .stab         000022bc  00000000  00000000  000009b0  2**2
                  CONTENTS, READONLY, DEBUGGING
  4 .stabstr      00001562  00000000  00000000  00002c6c  2**0
                  CONTENTS, READONLY, DEBUGGING
  5 .comment      00000011  00000000  00000000  000041ce  2**0
                  CONTENTS, READONLY
  6 .note.gnu.avr.deviceinfo 00000040  00000000  00000000  000041e0  2**2
                  CONTENTS, READONLY
  7 .debug_info   000005f4  00000000  00000000  00004220  2**0
                  CONTENTS, READONLY, DEBUGGING
  8 .debug_abbrev 000005a2  00000000  00000000  00004814  2**0
                  CONTENTS, READONLY, DEBUGGING
  9 .debug_line   0000001a  00000000  00000000  00004db6  2**0
                  CONTENTS, READONLY, DEBUGGING
 10 .debug_str    00000208  00000000  00000000  00004dd0  2**0
                  CONTENTS, READONLY, DEBUGGING

Disassembly of section .text:

00000000 <__vectors>:
   0:	0c 94 34 00 	jmp	0x68	; 0x68 <__ctors_end>
   4:	0c 94 51 00 	jmp	0xa2	; 0xa2 <__bad_interrupt>
   8:	0c 94 51 00 	jmp	0xa2	; 0xa2 <__bad_interrupt>
   c:	0c 94 51 00 	jmp	0xa2	; 0xa2 <__bad_interrupt>
  10:	0c 94 51 00 	jmp	0xa2	; 0xa2 <__bad_interrupt>
  14:	0c 94 51 00 	jmp	0xa2	; 0xa2 <__bad_interrupt>
  18:	0c 94 51 00 	jmp	0xa2	; 0xa2 <__bad_interrupt>
  1c:	0c 94 51 00 	jmp	0xa2	; 0xa2 <__bad_interrupt>
  20:	0c 94 51 00 	jmp	0xa2	; 0xa2 <__bad_interrupt>
  24:	0c 94 51 00 	jmp	0xa2	; 0xa2 <__bad_interrupt>
  28:	0c 94 51 00 	jmp	0xa2	; 0xa2 <__bad_interrupt>
  2c:	0c 94 51 00 	jmp	0xa2	; 0xa2 <__bad_interrupt>
  30:	0c 94 51 00 	jmp	0xa2	; 0xa2 <__bad_interrupt>
  34:	0c 94 51 00 	jmp	0xa2	; 0xa2 <__bad_interrupt>
  38:	0c 94 51 00 	jmp	0xa2	; 0xa2 <__bad_interrupt>
  3c:	0c 94 51 00 	jmp	0xa2	; 0xa2 <__bad_interrupt>
  40:	0c 94 51 00 	jmp	0xa2	; 0xa2 <__bad_interrupt>
  44:	0c 94 51 00 	jmp	0xa2	; 0xa2 <__bad_interrupt>
  48:	0c 94 51 00 	jmp	0xa2	; 0xa2 <__bad_interrupt>
  4c:	0c 94 51 00 	jmp	0xa2	; 0xa2 <__bad_interrupt>
  50:	0c 94 51 00 	jmp	0xa2	; 0xa2 <__bad_interrupt>
  54:	0c 94 51 00 	jmp	0xa2	; 0xa2 <__bad_interrupt>
  58:	0c 94 51 00 	jmp	0xa2	; 0xa2 <__bad_interrupt>
  5c:	0c 94 51 00 	jmp	0xa2	; 0xa2 <__bad_interrupt>
  60:	0c 94 51 00 	jmp	0xa2	; 0xa2 <__bad_interrupt>
  64:	0c 94 51 00 	jmp	0xa2	; 0xa2 <__bad_interrupt>

00000068 <__ctors_end>:
  68:	11 24       	eor	r1, r1
  6a:	1f be       	out	0x3f, r1	; 63
  6c:	cf ef       	ldi	r28, 0xFF	; 255
  6e:	d8 e0       	ldi	r29, 0x08	; 8
  70:	de bf       	out	0x3e, r29	; 62
  72:	cd bf       	out	0x3d, r28	; 61

00000074 <__do_copy_data>:
  74:	12 e0       	ldi	r17, 0x02	; 2
  76:	a0 e0       	ldi	r26, 0x00	; 0
  78:	b1 e0       	ldi	r27, 0x01	; 1
  7a:	e6 ef       	ldi	r30, 0xF6	; 246
  7c:	f7 e0       	ldi	r31, 0x07	; 7
  7e:	02 c0       	rjmp	.+4      	; 0x84 <__do_copy_data+0x10>
  80:	05 90       	lpm	r0, Z+
  82:	0d 92       	st	X+, r0
  84:	a6 32       	cpi	r26, 0x26	; 38
  86:	b1 07       	cpc	r27, r17
  88:	d9 f7       	brne	.-10     	; 0x80 <__do_copy_data+0xc>

0000008a <__do_clear_bss>:
  8a:	22 e0       	ldi	r18, 0x02	; 2
  8c:	a6 e2       	ldi	r26, 0x26	; 38
  8e:	b2 e0       	ldi	r27, 0x02	; 2
  90:	01 c0       	rjmp	.+2      	; 0x94 <.do_clear_bss_start>

00000092 <.do_clear_bss_loop>:
  92:	1d 92       	st	X+, r1

00000094 <.do_clear_bss_start>:
  94:	a7 32       	cpi	r26, 0x27	; 39
  96:	b2 07       	cpc	r27, r18
  98:	e1 f7       	brne	.-8      	; 0x92 <.do_clear_bss_loop>
  9a:	0e 94 0b 03 	call	0x616	; 0x616 <main>
  9e:	0c 94 f9 03 	jmp	0x7f2	; 0x7f2 <_exit>

000000a2 <__bad_interrupt>:
  a2:	0c 94 00 00 	jmp	0	; 0x0 <__vectors>

000000a6 <ioinit>:
#define ERROR_LED_PORT PORTD
#define ERROR_LED_DDR DDRD

void ioinit(void)
{
    ERROR_LED_DDR |= _BV(ERROR_LED_1_PIN);
  a6:	54 9a       	sbi	0x0a, 4	; 10
    ERROR_LED_DDR |= _BV(ERROR_LED_2_PIN);
  a8:	55 9a       	sbi	0x0a, 5	; 10
    ERROR_LED_DDR |= _BV(ERROR_LED_3_PIN);
  aa:	56 9a       	sbi	0x0a, 6	; 10
    ERROR_LED_PORT &= ~_BV(ERROR_LED_1_PIN);
  ac:	5c 98       	cbi	0x0b, 4	; 11
    ERROR_LED_PORT &= ~_BV(ERROR_LED_2_PIN);
  ae:	5d 98       	cbi	0x0b, 5	; 11
    ERROR_LED_PORT &= ~_BV(ERROR_LED_3_PIN);
  b0:	5e 98       	cbi	0x0b, 6	; 11
}
  b2:	08 95       	ret

000000b4 <i2c_master_start>:
uint8_t i2c_master_start(uint8_t addr, uint8_t mode)
{
    uint8_t twst;

    // reset control register
    TWCR = 0;
  b4:	10 92 bc 00 	sts	0x00BC, r1	; 0x8000bc <__TEXT_REGION_LENGTH__+0x7f80bc>

    // transmit start condition
    TWCR = _BV(TWINT) | _BV(TWSTA) | _BV(TWEN);
  b8:	94 ea       	ldi	r25, 0xA4	; 164
  ba:	90 93 bc 00 	sts	0x00BC, r25	; 0x8000bc <__TEXT_REGION_LENGTH__+0x7f80bc>

    // wait for start condition to be sent
    while (!(TWCR & _BV(TWINT)))
  be:	90 91 bc 00 	lds	r25, 0x00BC	; 0x8000bc <__TEXT_REGION_LENGTH__+0x7f80bc>
  c2:	97 ff       	sbrs	r25, 7
  c4:	fc cf       	rjmp	.-8      	; 0xbe <i2c_master_start+0xa>
        ;

    // check if the start condition was successfully transmitted
    // check value of TWI status register
    // #define TW_STATUS (TWSR & TW_STATUS_MASK)
    twst = TW_STATUS & I2C_PRESCALER_MASK;
  c6:	90 91 b9 00 	lds	r25, 0x00B9	; 0x8000b9 <__TEXT_REGION_LENGTH__+0x7f80b9>
  ca:	98 7f       	andi	r25, 0xF8	; 248
    if (twst != TW_START && twst != TW_REP_START)
  cc:	98 30       	cpi	r25, 0x08	; 8
  ce:	11 f0       	breq	.+4      	; 0xd4 <i2c_master_start+0x20>
  d0:	90 31       	cpi	r25, 0x10	; 16
  d2:	a1 f4       	brne	.+40     	; 0xfc <i2c_master_start+0x48>
    }

    // load slave address to TWDR with specified mode
    // mode is 1 for read, 0 for write
    // TWDR = (PCF8574_ADDR << 1) + TW_WRITE;
    TWDR = (addr << 1) | mode;
  d4:	88 0f       	add	r24, r24
  d6:	68 2b       	or	r22, r24
  d8:	60 93 bb 00 	sts	0x00BB, r22	; 0x8000bb <__TEXT_REGION_LENGTH__+0x7f80bb>

    // start transmission of address
    // Clear TWINT bit in TWCR
    TWCR = _BV(TWINT) | _BV(TWEN);
  dc:	84 e8       	ldi	r24, 0x84	; 132
  de:	80 93 bc 00 	sts	0x00BC, r24	; 0x8000bc <__TEXT_REGION_LENGTH__+0x7f80bc>
    // wait for end of transmission
    // Wait for TWINT flag set. This
    // indicates that the SLA+W has
    // been transmitted, and
    // ACK/NACK has been received.
    while (!(TWCR & _BV(TWINT)))
  e2:	80 91 bc 00 	lds	r24, 0x00BC	; 0x8000bc <__TEXT_REGION_LENGTH__+0x7f80bc>
  e6:	87 ff       	sbrs	r24, 7
  e8:	fc cf       	rjmp	.-8      	; 0xe2 <i2c_master_start+0x2e>

    // Check value of TWI status
    // register. Mask prescaler bits. If
    // status different from
    // MT_SLA_ACK go to ERROR
    twst = TW_STATUS & I2C_PRESCALER_MASK;
  ea:	80 91 b9 00 	lds	r24, 0x00B9	; 0x8000b9 <__TEXT_REGION_LENGTH__+0x7f80b9>
  ee:	88 7f       	andi	r24, 0xF8	; 248
    if (twst != TW_MT_SLA_ACK && twst != TW_MR_SLA_ACK)
  f0:	88 31       	cpi	r24, 0x18	; 24
  f2:	11 f0       	breq	.+4      	; 0xf8 <i2c_master_start+0x44>
  f4:	80 34       	cpi	r24, 0x40	; 64
  f6:	21 f4       	brne	.+8      	; 0x100 <i2c_master_start+0x4c>
    {
        return I2C_STATUS_ERROR_WRITE_OR_READ_NOT_ACK;
    }

    return I2C_STATUS_SUCCESS;
  f8:	80 e0       	ldi	r24, 0x00	; 0
}
  fa:	08 95       	ret
    // check value of TWI status register
    // #define TW_STATUS (TWSR & TW_STATUS_MASK)
    twst = TW_STATUS & I2C_PRESCALER_MASK;
    if (twst != TW_START && twst != TW_REP_START)
    {
        return I2C_STATUS_ERROR_START_NOT_ACCEPTED;
  fc:	8a e0       	ldi	r24, 0x0A	; 10
  fe:	08 95       	ret
    // status different from
    // MT_SLA_ACK go to ERROR
    twst = TW_STATUS & I2C_PRESCALER_MASK;
    if (twst != TW_MT_SLA_ACK && twst != TW_MR_SLA_ACK)
    {
        return I2C_STATUS_ERROR_WRITE_OR_READ_NOT_ACK;
 100:	84 e1       	ldi	r24, 0x14	; 20
 102:	08 95       	ret

00000104 <i2c_master_write>:
uint8_t i2c_master_write(uint8_t data)
{
    uint8_t twst;

    // Load DATA into TWDR register.
    TWDR = data;
 104:	80 93 bb 00 	sts	0x00BB, r24	; 0x8000bb <__TEXT_REGION_LENGTH__+0x7f80bb>

    // clear TWINT bit in TWCR to
    // start transmission of data
    TWCR = _BV(TWINT) | _BV(TWEN);
 108:	84 e8       	ldi	r24, 0x84	; 132
 10a:	80 93 bc 00 	sts	0x00BC, r24	; 0x8000bc <__TEXT_REGION_LENGTH__+0x7f80bc>
    // wait for end of transmission
    // Wait for TWINT flag set. This
    // indicates that the DATA has
    // been transmitted, and
    // ACK/NACK has been received.
    while (!(TWCR & _BV(TWINT)))
 10e:	80 91 bc 00 	lds	r24, 0x00BC	; 0x8000bc <__TEXT_REGION_LENGTH__+0x7f80bc>
 112:	87 ff       	sbrs	r24, 7
 114:	fc cf       	rjmp	.-8      	; 0x10e <i2c_master_write+0xa>

    // Check value of TWI status
    // register. Mask prescaler bits. If
    // status different from
    // MT_DATA_ACK go to ERROR
    twst = TW_STATUS & I2C_PRESCALER_MASK;
 116:	80 91 b9 00 	lds	r24, 0x00B9	; 0x8000b9 <__TEXT_REGION_LENGTH__+0x7f80b9>
 11a:	88 7f       	andi	r24, 0xF8	; 248
    if (twst != TW_MT_DATA_ACK)
 11c:	88 32       	cpi	r24, 0x28	; 40
 11e:	11 f4       	brne	.+4      	; 0x124 <i2c_master_write+0x20>
    {
        return I2C_STATUS_ERROR_WRITE_NOT_ACK;
    }
    return I2C_STATUS_SUCCESS;
 120:	80 e0       	ldi	r24, 0x00	; 0
 122:	08 95       	ret
    // status different from
    // MT_DATA_ACK go to ERROR
    twst = TW_STATUS & I2C_PRESCALER_MASK;
    if (twst != TW_MT_DATA_ACK)
    {
        return I2C_STATUS_ERROR_WRITE_NOT_ACK;
 124:	85 e1       	ldi	r24, 0x15	; 21
    }
    return I2C_STATUS_SUCCESS;
}
 126:	08 95       	ret

00000128 <i2c_master_read_ACK>:
{
    // setup i2c bus to read
    // TWINT - reset TWI
    // TWEN - enable TWI
    // TWEA - TWI enable ACK
    TWCR = _BV(TWINT) | _BV(TWEN) | _BV(TWEA);
 128:	84 ec       	ldi	r24, 0xC4	; 196
 12a:	80 93 bc 00 	sts	0x00BC, r24	; 0x8000bc <__TEXT_REGION_LENGTH__+0x7f80bc>

    // wait for end of transmission
    while (!(TWCR & _BV(TWINT)))
 12e:	80 91 bc 00 	lds	r24, 0x00BC	; 0x8000bc <__TEXT_REGION_LENGTH__+0x7f80bc>
 132:	87 ff       	sbrs	r24, 7
 134:	fc cf       	rjmp	.-8      	; 0x12e <i2c_master_read_ACK+0x6>
        ;

    return TWDR;
 136:	80 91 bb 00 	lds	r24, 0x00BB	; 0x8000bb <__TEXT_REGION_LENGTH__+0x7f80bb>
}
 13a:	08 95       	ret

0000013c <i2c_master_read_NACK>:
{
    // setup i2c bus to read
    // TWINT - reset TWI
    // TWEN - enable TWI
    // NACK
    TWCR = _BV(TWINT) | _BV(TWEN);
 13c:	84 e8       	ldi	r24, 0x84	; 132
 13e:	80 93 bc 00 	sts	0x00BC, r24	; 0x8000bc <__TEXT_REGION_LENGTH__+0x7f80bc>

    // wait for end of transmission
    while (!(TWCR & _BV(TWINT)))
 142:	80 91 bc 00 	lds	r24, 0x00BC	; 0x8000bc <__TEXT_REGION_LENGTH__+0x7f80bc>
 146:	87 ff       	sbrs	r24, 7
 148:	fc cf       	rjmp	.-8      	; 0x142 <i2c_master_read_NACK+0x6>
        ;

    return TWDR;
 14a:	80 91 bb 00 	lds	r24, 0x00BB	; 0x8000bb <__TEXT_REGION_LENGTH__+0x7f80bb>
}
 14e:	08 95       	ret

00000150 <i2c_master_stop>:
function to send i2c stop
*/
void i2c_master_stop(void)
{
    // Transmit STOP condition
    TWCR = _BV(TWINT) | _BV(TWEN) | _BV(TWSTO);
 150:	84 e9       	ldi	r24, 0x94	; 148
 152:	80 93 bc 00 	sts	0x00BC, r24	; 0x8000bc <__TEXT_REGION_LENGTH__+0x7f80bc>
}
 156:	08 95       	ret

00000158 <i2c_master_init>:
function to initialize i2c
*/
void i2c_master_init(uint16_t frequency)
{
    // reset TWI status register
    TWSR = 0;
 158:	10 92 b9 00 	sts	0x00B9, r1	; 0x8000b9 <__TEXT_REGION_LENGTH__+0x7f80b9>
    scl = f_cpu / (16 + 2 * TWBR * prescaler)
    16 + 2 * TWBR * prescaler = f_cpu / scl
    2 * TWBR * prescaler = f_cpu / scl - 16
    TWBR = (f_cpu / scl - 16) / 2 / prescaler
    */
    TWBR = (F_CPU / frequency - 16) / 2 / I2C_SCL_FREQUENCY_PRESCALER;
 15c:	88 ef       	ldi	r24, 0xF8	; 248
 15e:	80 93 b8 00 	sts	0x00B8, r24	; 0x8000b8 <__TEXT_REGION_LENGTH__+0x7f80b8>
}
 162:	08 95       	ret

00000164 <i2c_master_send_byte>:

/*
function to send one byte via i2c
*/
uint8_t i2c_master_send_byte(uint8_t address, uint8_t data)
{
 164:	cf 93       	push	r28
 166:	c6 2f       	mov	r28, r22
    // send i2c start
    uint8_t status = i2c_master_start(address, I2C_WRITE);
 168:	60 e0       	ldi	r22, 0x00	; 0
 16a:	0e 94 5a 00 	call	0xb4	; 0xb4 <i2c_master_start>
    // check status for error
    if (status)
 16e:	81 11       	cpse	r24, r1
 170:	11 c0       	rjmp	.+34     	; 0x194 <i2c_master_send_byte+0x30>
uint8_t i2c_master_write(uint8_t data)
{
    uint8_t twst;

    // Load DATA into TWDR register.
    TWDR = data;
 172:	c0 93 bb 00 	sts	0x00BB, r28	; 0x8000bb <__TEXT_REGION_LENGTH__+0x7f80bb>

    // clear TWINT bit in TWCR to
    // start transmission of data
    TWCR = _BV(TWINT) | _BV(TWEN);
 176:	94 e8       	ldi	r25, 0x84	; 132
 178:	90 93 bc 00 	sts	0x00BC, r25	; 0x8000bc <__TEXT_REGION_LENGTH__+0x7f80bc>
    // wait for end of transmission
    // Wait for TWINT flag set. This
    // indicates that the DATA has
    // been transmitted, and
    // ACK/NACK has been received.
    while (!(TWCR & _BV(TWINT)))
 17c:	90 91 bc 00 	lds	r25, 0x00BC	; 0x8000bc <__TEXT_REGION_LENGTH__+0x7f80bc>
 180:	97 ff       	sbrs	r25, 7
 182:	fc cf       	rjmp	.-8      	; 0x17c <i2c_master_send_byte+0x18>

    // Check value of TWI status
    // register. Mask prescaler bits. If
    // status different from
    // MT_DATA_ACK go to ERROR
    twst = TW_STATUS & I2C_PRESCALER_MASK;
 184:	90 91 b9 00 	lds	r25, 0x00B9	; 0x8000b9 <__TEXT_REGION_LENGTH__+0x7f80b9>
 188:	98 7f       	andi	r25, 0xF8	; 248
    if (twst != TW_MT_DATA_ACK)
 18a:	98 32       	cpi	r25, 0x28	; 40
 18c:	29 f4       	brne	.+10     	; 0x198 <i2c_master_send_byte+0x34>
function to send i2c stop
*/
void i2c_master_stop(void)
{
    // Transmit STOP condition
    TWCR = _BV(TWINT) | _BV(TWEN) | _BV(TWSTO);
 18e:	94 e9       	ldi	r25, 0x94	; 148
 190:	90 93 bc 00 	sts	0x00BC, r25	; 0x8000bc <__TEXT_REGION_LENGTH__+0x7f80bc>
    if (status)
        return status;
    // send i2c stop
    i2c_master_stop();
    return I2C_STATUS_SUCCESS;
}
 194:	cf 91       	pop	r28
 196:	08 95       	ret
    // status different from
    // MT_DATA_ACK go to ERROR
    twst = TW_STATUS & I2C_PRESCALER_MASK;
    if (twst != TW_MT_DATA_ACK)
    {
        return I2C_STATUS_ERROR_WRITE_NOT_ACK;
 198:	85 e1       	ldi	r24, 0x15	; 21
    if (status)
        return status;
    // send i2c stop
    i2c_master_stop();
    return I2C_STATUS_SUCCESS;
}
 19a:	cf 91       	pop	r28
 19c:	08 95       	ret

0000019e <i2c_master_send>:

/*
function to send n bytes via i2c
*/
uint8_t i2c_master_send(uint8_t address, uint8_t *data, uint16_t length)
{
 19e:	0f 93       	push	r16
 1a0:	1f 93       	push	r17
 1a2:	cf 93       	push	r28
 1a4:	df 93       	push	r29
 1a6:	8b 01       	movw	r16, r22
 1a8:	ea 01       	movw	r28, r20
    // send i2c start
    uint8_t status = i2c_master_start(address, I2C_WRITE);
 1aa:	60 e0       	ldi	r22, 0x00	; 0
 1ac:	0e 94 5a 00 	call	0xb4	; 0xb4 <i2c_master_start>
    // check status for error
    if (status)
 1b0:	81 11       	cpse	r24, r1
 1b2:	1a c0       	rjmp	.+52     	; 0x1e8 <i2c_master_send+0x4a>
        return status;
    // send bytes
    for (uint16_t i = 0; i < length; i++)
 1b4:	20 97       	sbiw	r28, 0x00	; 0
 1b6:	a9 f0       	breq	.+42     	; 0x1e2 <i2c_master_send+0x44>
 1b8:	f8 01       	movw	r30, r16
 1ba:	c0 0f       	add	r28, r16
 1bc:	d1 1f       	adc	r29, r17
    // Load DATA into TWDR register.
    TWDR = data;

    // clear TWINT bit in TWCR to
    // start transmission of data
    TWCR = _BV(TWINT) | _BV(TWEN);
 1be:	24 e8       	ldi	r18, 0x84	; 132
        return status;
    // send bytes
    for (uint16_t i = 0; i < length; i++)
    {
        // write byte to i2c slave
        status = i2c_master_write(data[i]);
 1c0:	91 91       	ld	r25, Z+
uint8_t i2c_master_write(uint8_t data)
{
    uint8_t twst;

    // Load DATA into TWDR register.
    TWDR = data;
 1c2:	90 93 bb 00 	sts	0x00BB, r25	; 0x8000bb <__TEXT_REGION_LENGTH__+0x7f80bb>

    // clear TWINT bit in TWCR to
    // start transmission of data
    TWCR = _BV(TWINT) | _BV(TWEN);
 1c6:	20 93 bc 00 	sts	0x00BC, r18	; 0x8000bc <__TEXT_REGION_LENGTH__+0x7f80bc>
    // wait for end of transmission
    // Wait for TWINT flag set. This
    // indicates that the DATA has
    // been transmitted, and
    // ACK/NACK has been received.
    while (!(TWCR & _BV(TWINT)))
 1ca:	90 91 bc 00 	lds	r25, 0x00BC	; 0x8000bc <__TEXT_REGION_LENGTH__+0x7f80bc>
 1ce:	97 ff       	sbrs	r25, 7
 1d0:	fc cf       	rjmp	.-8      	; 0x1ca <i2c_master_send+0x2c>

    // Check value of TWI status
    // register. Mask prescaler bits. If
    // status different from
    // MT_DATA_ACK go to ERROR
    twst = TW_STATUS & I2C_PRESCALER_MASK;
 1d2:	90 91 b9 00 	lds	r25, 0x00B9	; 0x8000b9 <__TEXT_REGION_LENGTH__+0x7f80b9>
 1d6:	98 7f       	andi	r25, 0xF8	; 248
    if (twst != TW_MT_DATA_ACK)
 1d8:	98 32       	cpi	r25, 0x28	; 40
 1da:	59 f4       	brne	.+22     	; 0x1f2 <i2c_master_send+0x54>
    uint8_t status = i2c_master_start(address, I2C_WRITE);
    // check status for error
    if (status)
        return status;
    // send bytes
    for (uint16_t i = 0; i < length; i++)
 1dc:	ec 17       	cp	r30, r28
 1de:	fd 07       	cpc	r31, r29
 1e0:	79 f7       	brne	.-34     	; 0x1c0 <i2c_master_send+0x22>
function to send i2c stop
*/
void i2c_master_stop(void)
{
    // Transmit STOP condition
    TWCR = _BV(TWINT) | _BV(TWEN) | _BV(TWSTO);
 1e2:	94 e9       	ldi	r25, 0x94	; 148
 1e4:	90 93 bc 00 	sts	0x00BC, r25	; 0x8000bc <__TEXT_REGION_LENGTH__+0x7f80bc>
        if (status)
            return status;
    } // send i2c stop
    i2c_master_stop();
    return I2C_STATUS_SUCCESS;
}
 1e8:	df 91       	pop	r29
 1ea:	cf 91       	pop	r28
 1ec:	1f 91       	pop	r17
 1ee:	0f 91       	pop	r16
 1f0:	08 95       	ret
    // status different from
    // MT_DATA_ACK go to ERROR
    twst = TW_STATUS & I2C_PRESCALER_MASK;
    if (twst != TW_MT_DATA_ACK)
    {
        return I2C_STATUS_ERROR_WRITE_NOT_ACK;
 1f2:	85 e1       	ldi	r24, 0x15	; 21
        if (status)
            return status;
    } // send i2c stop
    i2c_master_stop();
    return I2C_STATUS_SUCCESS;
}
 1f4:	df 91       	pop	r29
 1f6:	cf 91       	pop	r28
 1f8:	1f 91       	pop	r17
 1fa:	0f 91       	pop	r16
 1fc:	08 95       	ret

000001fe <i2c_master_receive>:

/*
function to receive n bytes via i2c
*/
uint8_t i2c_master_receive(uint8_t address, uint8_t *data, uint16_t length)
{
 1fe:	0f 93       	push	r16
 200:	1f 93       	push	r17
 202:	cf 93       	push	r28
 204:	df 93       	push	r29
 206:	8b 01       	movw	r16, r22
 208:	ea 01       	movw	r28, r20
    // send i2c start
    uint8_t status = i2c_master_start(address, I2C_READ);
 20a:	61 e0       	ldi	r22, 0x01	; 1
 20c:	0e 94 5a 00 	call	0xb4	; 0xb4 <i2c_master_start>
    // check status for error
    if (status)
 210:	81 11       	cpse	r24, r1
 212:	27 c0       	rjmp	.+78     	; 0x262 <i2c_master_receive+0x64>
        return status;
    // send bytes
    for (uint16_t i = 0; i < (length - 1); i++)
 214:	be 01       	movw	r22, r28
 216:	61 50       	subi	r22, 0x01	; 1
 218:	71 09       	sbc	r23, r1
 21a:	a9 f0       	breq	.+42     	; 0x246 <i2c_master_receive+0x48>
 21c:	f8 01       	movw	r30, r16
 21e:	a8 01       	movw	r20, r16
 220:	4c 0f       	add	r20, r28
 222:	5d 1f       	adc	r21, r29
 224:	41 50       	subi	r20, 0x01	; 1
 226:	51 09       	sbc	r21, r1
{
    // setup i2c bus to read
    // TWINT - reset TWI
    // TWEN - enable TWI
    // TWEA - TWI enable ACK
    TWCR = _BV(TWINT) | _BV(TWEN) | _BV(TWEA);
 228:	24 ec       	ldi	r18, 0xC4	; 196
 22a:	20 93 bc 00 	sts	0x00BC, r18	; 0x8000bc <__TEXT_REGION_LENGTH__+0x7f80bc>

    // wait for end of transmission
    while (!(TWCR & _BV(TWINT)))
 22e:	90 91 bc 00 	lds	r25, 0x00BC	; 0x8000bc <__TEXT_REGION_LENGTH__+0x7f80bc>
 232:	97 ff       	sbrs	r25, 7
 234:	fc cf       	rjmp	.-8      	; 0x22e <i2c_master_receive+0x30>
        ;

    return TWDR;
 236:	90 91 bb 00 	lds	r25, 0x00BB	; 0x8000bb <__TEXT_REGION_LENGTH__+0x7f80bb>
        return status;
    // send bytes
    for (uint16_t i = 0; i < (length - 1); i++)
    {
        // read byte from i2c slave
        data[i] = i2c_master_read_ACK();
 23a:	91 93       	st	Z+, r25
    uint8_t status = i2c_master_start(address, I2C_READ);
    // check status for error
    if (status)
        return status;
    // send bytes
    for (uint16_t i = 0; i < (length - 1); i++)
 23c:	e4 17       	cp	r30, r20
 23e:	f5 07       	cpc	r31, r21
 240:	a1 f7       	brne	.-24     	; 0x22a <i2c_master_receive+0x2c>
 242:	06 0f       	add	r16, r22
 244:	17 1f       	adc	r17, r23
{
    // setup i2c bus to read
    // TWINT - reset TWI
    // TWEN - enable TWI
    // NACK
    TWCR = _BV(TWINT) | _BV(TWEN);
 246:	94 e8       	ldi	r25, 0x84	; 132
 248:	90 93 bc 00 	sts	0x00BC, r25	; 0x8000bc <__TEXT_REGION_LENGTH__+0x7f80bc>

    // wait for end of transmission
    while (!(TWCR & _BV(TWINT)))
 24c:	90 91 bc 00 	lds	r25, 0x00BC	; 0x8000bc <__TEXT_REGION_LENGTH__+0x7f80bc>
 250:	97 ff       	sbrs	r25, 7
 252:	fc cf       	rjmp	.-8      	; 0x24c <i2c_master_receive+0x4e>
        ;

    return TWDR;
 254:	90 91 bb 00 	lds	r25, 0x00BB	; 0x8000bb <__TEXT_REGION_LENGTH__+0x7f80bb>
    {
        // read byte from i2c slave
        data[i] = i2c_master_read_ACK();
    }
    // read the last byte then return NACK to slave
    data[length - 1] = i2c_master_read_NACK();
 258:	f8 01       	movw	r30, r16
 25a:	90 83       	st	Z, r25
function to send i2c stop
*/
void i2c_master_stop(void)
{
    // Transmit STOP condition
    TWCR = _BV(TWINT) | _BV(TWEN) | _BV(TWSTO);
 25c:	94 e9       	ldi	r25, 0x94	; 148
 25e:	90 93 bc 00 	sts	0x00BC, r25	; 0x8000bc <__TEXT_REGION_LENGTH__+0x7f80bc>
    // read the last byte then return NACK to slave
    data[length - 1] = i2c_master_read_NACK();
    // send i2c stop
    i2c_master_stop();
    return I2C_STATUS_SUCCESS;
}
 262:	df 91       	pop	r29
 264:	cf 91       	pop	r28
 266:	1f 91       	pop	r17
 268:	0f 91       	pop	r16
 26a:	08 95       	ret

0000026c <i2c_master_get_error_message>:

/*
function to get status code (error codes) of the i2c bus
*/
const char *i2c_master_get_error_message(uint8_t errorCode)
{
 26c:	87 31       	cpi	r24, 0x17	; 23
 26e:	48 f4       	brcc	.+18     	; 0x282 <i2c_master_get_error_message+0x16>
 270:	e8 2f       	mov	r30, r24
 272:	f0 e0       	ldi	r31, 0x00	; 0
 274:	ee 0f       	add	r30, r30
 276:	ff 1f       	adc	r31, r31
 278:	e0 50       	subi	r30, 0x00	; 0
 27a:	ff 4f       	sbci	r31, 0xFF	; 255
 27c:	80 81       	ld	r24, Z
 27e:	91 81       	ldd	r25, Z+1	; 0x01
 280:	08 95       	ret
 282:	89 e5       	ldi	r24, 0x59	; 89
 284:	91 e0       	ldi	r25, 0x01	; 1
    case I2C_STATUS_SUCCESS:
        return "i2c ok.";
    default:
        return "Unknown i2c error code.";
    }
}
 286:	08 95       	ret

00000288 <LCD_set_backlight>:
*/
void LCD_set_backlight(LiquidCrystalDevice_t *device, uint8_t bl)
{
    if (bl == LCD_BACKLIGHT_ON)
    {
        device->backlight = LCD_BACKLIGHT_ON;
 288:	fc 01       	movw	r30, r24
/*
function to set backlight of LCD
*/
void LCD_set_backlight(LiquidCrystalDevice_t *device, uint8_t bl)
{
    if (bl == LCD_BACKLIGHT_ON)
 28a:	68 30       	cpi	r22, 0x08	; 8
 28c:	31 f0       	breq	.+12     	; 0x29a <LCD_set_backlight+0x12>
    {
        device->backlight = LCD_BACKLIGHT_ON;
    }
    else
    {
        device->backlight = LCD_BACKLIGHT_OFF;
 28e:	13 82       	std	Z+3, r1	; 0x03
 290:	60 e0       	ldi	r22, 0x00	; 0
function to transmit data to the LCD via i2c
*/
void LCD_transmitI2C(LiquidCrystalDevice_t *device, uint8_t value)
{
    // LCD backlight setting is preserved in the lowest function call.
    i2c_master_send_byte(device->address, value | device->backlight);
 292:	fc 01       	movw	r30, r24
 294:	80 81       	ld	r24, Z
 296:	0c 94 b2 00 	jmp	0x164	; 0x164 <i2c_master_send_byte>
*/
void LCD_set_backlight(LiquidCrystalDevice_t *device, uint8_t bl)
{
    if (bl == LCD_BACKLIGHT_ON)
    {
        device->backlight = LCD_BACKLIGHT_ON;
 29a:	63 83       	std	Z+3, r22	; 0x03
function to transmit data to the LCD via i2c
*/
void LCD_transmitI2C(LiquidCrystalDevice_t *device, uint8_t value)
{
    // LCD backlight setting is preserved in the lowest function call.
    i2c_master_send_byte(device->address, value | device->backlight);
 29c:	fc 01       	movw	r30, r24
 29e:	80 81       	ld	r24, Z
 2a0:	0c 94 b2 00 	jmp	0x164	; 0x164 <i2c_master_send_byte>

000002a4 <LCD_write_4bits>:
/*
function to write 4 bits of data to the LCD
The LCD operates in 4-bit mode with the PCF8974.
*/
void LCD_write_4bits(LiquidCrystalDevice_t *device, uint8_t value)
{
 2a4:	0f 93       	push	r16
 2a6:	1f 93       	push	r17
 2a8:	cf 93       	push	r28
 2aa:	8c 01       	movw	r16, r24
 2ac:	c6 2f       	mov	r28, r22
function to transmit data to the LCD via i2c
*/
void LCD_transmitI2C(LiquidCrystalDevice_t *device, uint8_t value)
{
    // LCD backlight setting is preserved in the lowest function call.
    i2c_master_send_byte(device->address, value | device->backlight);
 2ae:	fc 01       	movw	r30, r24
 2b0:	63 81       	ldd	r22, Z+3	; 0x03
 2b2:	6c 2b       	or	r22, r28
 2b4:	80 81       	ld	r24, Z
 2b6:	0e 94 b2 00 	call	0x164	; 0x164 <i2c_master_send_byte>
	#else
		//round up by default
		__ticks_dc = (uint32_t)(ceil(fabs(__tmp)));
	#endif

	__builtin_avr_delay_cycles(__ticks_dc);
 2ba:	f2 e4       	ldi	r31, 0x42	; 66
 2bc:	fa 95       	dec	r31
 2be:	f1 f7       	brne	.-4      	; 0x2bc <LCD_write_4bits+0x18>
 2c0:	00 c0       	rjmp	.+0      	; 0x2c2 <LCD_write_4bits+0x1e>
*/
void LCD_write_4bits(LiquidCrystalDevice_t *device, uint8_t value)
{
    LCD_transmitI2C(device, value);
    _delay_us(200);
    LCD_transmitI2C(device, value | LCD_E_PCF8974);
 2c2:	6c 2f       	mov	r22, r28
 2c4:	64 60       	ori	r22, 0x04	; 4
function to transmit data to the LCD via i2c
*/
void LCD_transmitI2C(LiquidCrystalDevice_t *device, uint8_t value)
{
    // LCD backlight setting is preserved in the lowest function call.
    i2c_master_send_byte(device->address, value | device->backlight);
 2c6:	f8 01       	movw	r30, r16
 2c8:	83 81       	ldd	r24, Z+3	; 0x03
 2ca:	68 2b       	or	r22, r24
 2cc:	80 81       	ld	r24, Z
 2ce:	0e 94 b2 00 	call	0x164	; 0x164 <i2c_master_send_byte>
 2d2:	f2 e4       	ldi	r31, 0x42	; 66
 2d4:	fa 95       	dec	r31
 2d6:	f1 f7       	brne	.-4      	; 0x2d4 <LCD_write_4bits+0x30>
 2d8:	00 c0       	rjmp	.+0      	; 0x2da <LCD_write_4bits+0x36>
{
    LCD_transmitI2C(device, value);
    _delay_us(200);
    LCD_transmitI2C(device, value | LCD_E_PCF8974);
    _delay_us(200);
    LCD_transmitI2C(device, value & ~LCD_E_PCF8974);
 2da:	cb 7f       	andi	r28, 0xFB	; 251
function to transmit data to the LCD via i2c
*/
void LCD_transmitI2C(LiquidCrystalDevice_t *device, uint8_t value)
{
    // LCD backlight setting is preserved in the lowest function call.
    i2c_master_send_byte(device->address, value | device->backlight);
 2dc:	f8 01       	movw	r30, r16
 2de:	63 81       	ldd	r22, Z+3	; 0x03
 2e0:	6c 2b       	or	r22, r28
 2e2:	80 81       	ld	r24, Z
 2e4:	0e 94 b2 00 	call	0x164	; 0x164 <i2c_master_send_byte>
 2e8:	f2 e4       	ldi	r31, 0x42	; 66
 2ea:	fa 95       	dec	r31
 2ec:	f1 f7       	brne	.-4      	; 0x2ea <LCD_write_4bits+0x46>
 2ee:	00 c0       	rjmp	.+0      	; 0x2f0 <LCD_write_4bits+0x4c>
    _delay_us(200);
    LCD_transmitI2C(device, value | LCD_E_PCF8974);
    _delay_us(200);
    LCD_transmitI2C(device, value & ~LCD_E_PCF8974);
    _delay_us(200);
}
 2f0:	cf 91       	pop	r28
 2f2:	1f 91       	pop	r17
 2f4:	0f 91       	pop	r16
 2f6:	08 95       	ret

000002f8 <LCD_write_byte>:
function to send byte to LCD
PCF8574 to LCD pinout
D7 D6 D5 D4 BL E RW RS
*/
void LCD_write_byte(LiquidCrystalDevice_t *device, uint8_t value, uint8_t mode)
{
 2f8:	0f 93       	push	r16
 2fa:	1f 93       	push	r17
 2fc:	cf 93       	push	r28
 2fe:	df 93       	push	r29
 300:	8c 01       	movw	r16, r24
 302:	d6 2f       	mov	r29, r22
 304:	c4 2f       	mov	r28, r20
    uint8_t highnib = value & 0xf0;
 306:	60 7f       	andi	r22, 0xF0	; 240
    uint8_t lownib = (value << 4) & 0xf0;

    LCD_write_4bits(device, highnib | mode);
 308:	64 2b       	or	r22, r20
 30a:	0e 94 52 01 	call	0x2a4	; 0x2a4 <LCD_write_4bits>
D7 D6 D5 D4 BL E RW RS
*/
void LCD_write_byte(LiquidCrystalDevice_t *device, uint8_t value, uint8_t mode)
{
    uint8_t highnib = value & 0xf0;
    uint8_t lownib = (value << 4) & 0xf0;
 30e:	80 e1       	ldi	r24, 0x10	; 16
 310:	d8 9f       	mul	r29, r24
 312:	b0 01       	movw	r22, r0
 314:	11 24       	eor	r1, r1

    LCD_write_4bits(device, highnib | mode);
    LCD_write_4bits(device, lownib | mode);
 316:	6c 2b       	or	r22, r28
 318:	c8 01       	movw	r24, r16
}
 31a:	df 91       	pop	r29
 31c:	cf 91       	pop	r28
 31e:	1f 91       	pop	r17
 320:	0f 91       	pop	r16
{
    uint8_t highnib = value & 0xf0;
    uint8_t lownib = (value << 4) & 0xf0;

    LCD_write_4bits(device, highnib | mode);
    LCD_write_4bits(device, lownib | mode);
 322:	0c 94 52 01 	jmp	0x2a4	; 0x2a4 <LCD_write_4bits>

00000326 <LCD_send_command>:
D7 D6 D5 D4 BL E RW RS
*/
void LCD_send_command(LiquidCrystalDevice_t *device, uint8_t command)
{
    // mode is 0 because when sending a command, RW is 0 and RS is 0.
    LCD_write_byte(device, command, 0);
 326:	40 e0       	ldi	r20, 0x00	; 0
 328:	0c 94 7c 01 	jmp	0x2f8	; 0x2f8 <LCD_write_byte>

0000032c <LCD_clear>:
 32c:	40 e0       	ldi	r20, 0x00	; 0
 32e:	61 e0       	ldi	r22, 0x01	; 1
 330:	0e 94 7c 01 	call	0x2f8	; 0x2f8 <LCD_write_byte>
 334:	83 ef       	ldi	r24, 0xF3	; 243
 336:	91 e0       	ldi	r25, 0x01	; 1
 338:	01 97       	sbiw	r24, 0x01	; 1
 33a:	f1 f7       	brne	.-4      	; 0x338 <LCD_clear+0xc>
 33c:	00 c0       	rjmp	.+0      	; 0x33e <LCD_clear+0x12>
 33e:	00 00       	nop
*/
void LCD_clear(LiquidCrystalDevice_t *device)
{
    LCD_send_command(device, LCD_CLEAR_DISPLAY);
    _delay_us(2000);
}
 340:	08 95       	ret

00000342 <LCD_set_cursor>:

/*
function to set LCD cursor
*/
void LCD_set_cursor(LiquidCrystalDevice_t *device, uint8_t row, uint8_t column)
{
 342:	cf 93       	push	r28
 344:	df 93       	push	r29
 346:	00 d0       	rcall	.+0      	; 0x348 <LCD_set_cursor+0x6>
 348:	00 d0       	rcall	.+0      	; 0x34a <LCD_set_cursor+0x8>
 34a:	cd b7       	in	r28, 0x3d	; 61
 34c:	de b7       	in	r29, 0x3e	; 62
    // addresses of the start of each row on the HD44780
    uint8_t row_offsets[] = {0x00, 0x40, 0x14, 0x54};
 34e:	19 82       	std	Y+1, r1	; 0x01
 350:	20 e4       	ldi	r18, 0x40	; 64
 352:	2a 83       	std	Y+2, r18	; 0x02
 354:	24 e1       	ldi	r18, 0x14	; 20
 356:	2b 83       	std	Y+3, r18	; 0x03
 358:	24 e5       	ldi	r18, 0x54	; 84
 35a:	2c 83       	std	Y+4, r18	; 0x04
    LCD_send_command(device, LCD_SETDDRAMADDR | (row_offsets[row] + column));
 35c:	fe 01       	movw	r30, r28
 35e:	e6 0f       	add	r30, r22
 360:	f1 1d       	adc	r31, r1
 362:	61 81       	ldd	r22, Z+1	; 0x01
 364:	64 0f       	add	r22, r20
 366:	60 68       	ori	r22, 0x80	; 128
D7 D6 D5 D4 BL E RW RS
*/
void LCD_send_command(LiquidCrystalDevice_t *device, uint8_t command)
{
    // mode is 0 because when sending a command, RW is 0 and RS is 0.
    LCD_write_byte(device, command, 0);
 368:	40 e0       	ldi	r20, 0x00	; 0
void LCD_set_cursor(LiquidCrystalDevice_t *device, uint8_t row, uint8_t column)
{
    // addresses of the start of each row on the HD44780
    uint8_t row_offsets[] = {0x00, 0x40, 0x14, 0x54};
    LCD_send_command(device, LCD_SETDDRAMADDR | (row_offsets[row] + column));
}
 36a:	0f 90       	pop	r0
 36c:	0f 90       	pop	r0
 36e:	0f 90       	pop	r0
 370:	0f 90       	pop	r0
 372:	df 91       	pop	r29
 374:	cf 91       	pop	r28
D7 D6 D5 D4 BL E RW RS
*/
void LCD_send_command(LiquidCrystalDevice_t *device, uint8_t command)
{
    // mode is 0 because when sending a command, RW is 0 and RS is 0.
    LCD_write_byte(device, command, 0);
 376:	0c 94 7c 01 	jmp	0x2f8	; 0x2f8 <LCD_write_byte>

0000037a <LCD_return_home>:
 37a:	40 e0       	ldi	r20, 0x00	; 0
 37c:	62 e0       	ldi	r22, 0x02	; 2
 37e:	0e 94 7c 01 	call	0x2f8	; 0x2f8 <LCD_write_byte>
 382:	83 ef       	ldi	r24, 0xF3	; 243
 384:	91 e0       	ldi	r25, 0x01	; 1
 386:	01 97       	sbiw	r24, 0x01	; 1
 388:	f1 f7       	brne	.-4      	; 0x386 <LCD_return_home+0xc>
 38a:	00 c0       	rjmp	.+0      	; 0x38c <LCD_return_home+0x12>
 38c:	00 00       	nop
*/
void LCD_return_home(LiquidCrystalDevice_t *device)
{
    LCD_send_command(device, LCD_RETURN_HOME);
    _delay_us(2000);
}
 38e:	08 95       	ret

00000390 <LCD_set_display_state>:

/*
function to set LCD display on/off
*/
void LCD_set_display_state(LiquidCrystalDevice_t *device, uint8_t displayState)
{
 390:	fc 01       	movw	r30, r24
 392:	95 81       	ldd	r25, Z+5	; 0x05
    if (displayState == LCD_DISPLAY_ON)
 394:	64 30       	cpi	r22, 0x04	; 4
 396:	41 f0       	breq	.+16     	; 0x3a8 <LCD_set_display_state+0x18>
    {
        device->displayControl |= LCD_DISPLAY_ON;
    }
    else
    {
        device->displayControl &= ~LCD_DISPLAY_ON;
 398:	69 2f       	mov	r22, r25
 39a:	6b 7f       	andi	r22, 0xFB	; 251
 39c:	65 83       	std	Z+5, r22	; 0x05
    }
    LCD_send_command(device, LCD_DISPLAYCONTROL | device->displayControl);
 39e:	68 60       	ori	r22, 0x08	; 8
D7 D6 D5 D4 BL E RW RS
*/
void LCD_send_command(LiquidCrystalDevice_t *device, uint8_t command)
{
    // mode is 0 because when sending a command, RW is 0 and RS is 0.
    LCD_write_byte(device, command, 0);
 3a0:	40 e0       	ldi	r20, 0x00	; 0
 3a2:	cf 01       	movw	r24, r30
 3a4:	0c 94 7c 01 	jmp	0x2f8	; 0x2f8 <LCD_write_byte>
*/
void LCD_set_display_state(LiquidCrystalDevice_t *device, uint8_t displayState)
{
    if (displayState == LCD_DISPLAY_ON)
    {
        device->displayControl |= LCD_DISPLAY_ON;
 3a8:	69 2f       	mov	r22, r25
 3aa:	64 60       	ori	r22, 0x04	; 4
 3ac:	65 83       	std	Z+5, r22	; 0x05
    }
    else
    {
        device->displayControl &= ~LCD_DISPLAY_ON;
    }
    LCD_send_command(device, LCD_DISPLAYCONTROL | device->displayControl);
 3ae:	68 60       	ori	r22, 0x08	; 8
D7 D6 D5 D4 BL E RW RS
*/
void LCD_send_command(LiquidCrystalDevice_t *device, uint8_t command)
{
    // mode is 0 because when sending a command, RW is 0 and RS is 0.
    LCD_write_byte(device, command, 0);
 3b0:	40 e0       	ldi	r20, 0x00	; 0
 3b2:	cf 01       	movw	r24, r30
 3b4:	0c 94 7c 01 	jmp	0x2f8	; 0x2f8 <LCD_write_byte>

000003b8 <LCD_set_cursor_state>:

/*
function to set LCD cursor on/off
*/
void LCD_set_cursor_state(LiquidCrystalDevice_t *device, uint8_t cursor)
{
 3b8:	fc 01       	movw	r30, r24
 3ba:	95 81       	ldd	r25, Z+5	; 0x05
    if (cursor == LCD_CURSOR_ON)
 3bc:	62 30       	cpi	r22, 0x02	; 2
 3be:	41 f0       	breq	.+16     	; 0x3d0 <LCD_set_cursor_state+0x18>
    {
        device->displayControl |= LCD_CURSOR_ON;
    }
    else
    {
        device->displayControl &= ~LCD_CURSOR_ON;
 3c0:	69 2f       	mov	r22, r25
 3c2:	6d 7f       	andi	r22, 0xFD	; 253
 3c4:	65 83       	std	Z+5, r22	; 0x05
    }
    LCD_send_command(device, LCD_DISPLAYCONTROL | device->displayControl);
 3c6:	68 60       	ori	r22, 0x08	; 8
D7 D6 D5 D4 BL E RW RS
*/
void LCD_send_command(LiquidCrystalDevice_t *device, uint8_t command)
{
    // mode is 0 because when sending a command, RW is 0 and RS is 0.
    LCD_write_byte(device, command, 0);
 3c8:	40 e0       	ldi	r20, 0x00	; 0
 3ca:	cf 01       	movw	r24, r30
 3cc:	0c 94 7c 01 	jmp	0x2f8	; 0x2f8 <LCD_write_byte>
*/
void LCD_set_cursor_state(LiquidCrystalDevice_t *device, uint8_t cursor)
{
    if (cursor == LCD_CURSOR_ON)
    {
        device->displayControl |= LCD_CURSOR_ON;
 3d0:	69 2f       	mov	r22, r25
 3d2:	62 60       	ori	r22, 0x02	; 2
 3d4:	65 83       	std	Z+5, r22	; 0x05
    }
    else
    {
        device->displayControl &= ~LCD_CURSOR_ON;
    }
    LCD_send_command(device, LCD_DISPLAYCONTROL | device->displayControl);
 3d6:	68 60       	ori	r22, 0x08	; 8
D7 D6 D5 D4 BL E RW RS
*/
void LCD_send_command(LiquidCrystalDevice_t *device, uint8_t command)
{
    // mode is 0 because when sending a command, RW is 0 and RS is 0.
    LCD_write_byte(device, command, 0);
 3d8:	40 e0       	ldi	r20, 0x00	; 0
 3da:	cf 01       	movw	r24, r30
 3dc:	0c 94 7c 01 	jmp	0x2f8	; 0x2f8 <LCD_write_byte>

000003e0 <LCD_set_cursor_blink>:

/*
function to set LCD cursor blink on/off
*/
void LCD_set_cursor_blink(LiquidCrystalDevice_t *device, uint8_t blink)
{
 3e0:	fc 01       	movw	r30, r24
 3e2:	95 81       	ldd	r25, Z+5	; 0x05
    if (blink == LCD_CURSOR_BLINK)
 3e4:	61 30       	cpi	r22, 0x01	; 1
 3e6:	41 f0       	breq	.+16     	; 0x3f8 <LCD_set_cursor_blink+0x18>
    {
        device->displayControl |= LCD_CURSOR_BLINK;
    }
    else
    {
        device->displayControl &= ~LCD_CURSOR_BLINK;
 3e8:	69 2f       	mov	r22, r25
 3ea:	6e 7f       	andi	r22, 0xFE	; 254
 3ec:	65 83       	std	Z+5, r22	; 0x05
    }
    LCD_send_command(device, LCD_DISPLAYCONTROL | device->displayControl);
 3ee:	68 60       	ori	r22, 0x08	; 8
D7 D6 D5 D4 BL E RW RS
*/
void LCD_send_command(LiquidCrystalDevice_t *device, uint8_t command)
{
    // mode is 0 because when sending a command, RW is 0 and RS is 0.
    LCD_write_byte(device, command, 0);
 3f0:	40 e0       	ldi	r20, 0x00	; 0
 3f2:	cf 01       	movw	r24, r30
 3f4:	0c 94 7c 01 	jmp	0x2f8	; 0x2f8 <LCD_write_byte>
*/
void LCD_set_cursor_blink(LiquidCrystalDevice_t *device, uint8_t blink)
{
    if (blink == LCD_CURSOR_BLINK)
    {
        device->displayControl |= LCD_CURSOR_BLINK;
 3f8:	69 2f       	mov	r22, r25
 3fa:	61 60       	ori	r22, 0x01	; 1
 3fc:	65 83       	std	Z+5, r22	; 0x05
    }
    else
    {
        device->displayControl &= ~LCD_CURSOR_BLINK;
    }
    LCD_send_command(device, LCD_DISPLAYCONTROL | device->displayControl);
 3fe:	68 60       	ori	r22, 0x08	; 8
D7 D6 D5 D4 BL E RW RS
*/
void LCD_send_command(LiquidCrystalDevice_t *device, uint8_t command)
{
    // mode is 0 because when sending a command, RW is 0 and RS is 0.
    LCD_write_byte(device, command, 0);
 400:	40 e0       	ldi	r20, 0x00	; 0
 402:	cf 01       	movw	r24, r30
 404:	0c 94 7c 01 	jmp	0x2f8	; 0x2f8 <LCD_write_byte>

00000408 <LCD_scroll>:
function to scroll LCD left/right
direction is either LCD_SHIFT_LEFT or LCD_SHIFT_RIGHT.
*/
void LCD_scroll(LiquidCrystalDevice_t *device, uint8_t direction)
{
    LCD_send_command(device, LCD_CURSORSHIFT | LCD_DISPLAY_SHIFT | direction);
 408:	68 61       	ori	r22, 0x18	; 24
D7 D6 D5 D4 BL E RW RS
*/
void LCD_send_command(LiquidCrystalDevice_t *device, uint8_t command)
{
    // mode is 0 because when sending a command, RW is 0 and RS is 0.
    LCD_write_byte(device, command, 0);
 40a:	40 e0       	ldi	r20, 0x00	; 0
 40c:	0c 94 7c 01 	jmp	0x2f8	; 0x2f8 <LCD_write_byte>

00000410 <LCD_set_scroll_dir>:

/*
function to set LCD scroll direction to either LTR or RTL
*/
void LCD_set_scroll_dir(LiquidCrystalDevice_t *device, uint8_t direction)
{
 410:	fc 01       	movw	r30, r24
 412:	96 81       	ldd	r25, Z+6	; 0x06
    if (direction == LCD_ENTRY_LEFT)
 414:	62 30       	cpi	r22, 0x02	; 2
 416:	41 f0       	breq	.+16     	; 0x428 <LCD_set_scroll_dir+0x18>
    {
        device->displayMode |= LCD_ENTRY_LEFT;
    }
    else
    {
        device->displayMode &= ~LCD_ENTRY_LEFT;
 418:	69 2f       	mov	r22, r25
 41a:	6d 7f       	andi	r22, 0xFD	; 253
 41c:	66 83       	std	Z+6, r22	; 0x06
    }
    LCD_send_command(device, LCD_ENTRYMODESET | device->displayMode);
 41e:	64 60       	ori	r22, 0x04	; 4
D7 D6 D5 D4 BL E RW RS
*/
void LCD_send_command(LiquidCrystalDevice_t *device, uint8_t command)
{
    // mode is 0 because when sending a command, RW is 0 and RS is 0.
    LCD_write_byte(device, command, 0);
 420:	40 e0       	ldi	r20, 0x00	; 0
 422:	cf 01       	movw	r24, r30
 424:	0c 94 7c 01 	jmp	0x2f8	; 0x2f8 <LCD_write_byte>
*/
void LCD_set_scroll_dir(LiquidCrystalDevice_t *device, uint8_t direction)
{
    if (direction == LCD_ENTRY_LEFT)
    {
        device->displayMode |= LCD_ENTRY_LEFT;
 428:	69 2f       	mov	r22, r25
 42a:	62 60       	ori	r22, 0x02	; 2
 42c:	66 83       	std	Z+6, r22	; 0x06
    }
    else
    {
        device->displayMode &= ~LCD_ENTRY_LEFT;
    }
    LCD_send_command(device, LCD_ENTRYMODESET | device->displayMode);
 42e:	64 60       	ori	r22, 0x04	; 4
D7 D6 D5 D4 BL E RW RS
*/
void LCD_send_command(LiquidCrystalDevice_t *device, uint8_t command)
{
    // mode is 0 because when sending a command, RW is 0 and RS is 0.
    LCD_write_byte(device, command, 0);
 430:	40 e0       	ldi	r20, 0x00	; 0
 432:	cf 01       	movw	r24, r30
 434:	0c 94 7c 01 	jmp	0x2f8	; 0x2f8 <LCD_write_byte>

00000438 <LCD_set_autoscroll>:

/*
function to set LCD autoscroll on/off
*/
void LCD_set_autoscroll(LiquidCrystalDevice_t *device, uint8_t autoscroll)
{
 438:	fc 01       	movw	r30, r24
 43a:	96 81       	ldd	r25, Z+6	; 0x06
    if (autoscroll == LCD_ENTRY_SHIFT_INCREMENT)
 43c:	61 30       	cpi	r22, 0x01	; 1
 43e:	41 f0       	breq	.+16     	; 0x450 <LCD_set_autoscroll+0x18>
    {
        device->displayMode |= LCD_ENTRY_SHIFT_INCREMENT;
    }
    else
    {
        device->displayMode &= ~LCD_ENTRY_SHIFT_INCREMENT;
 440:	69 2f       	mov	r22, r25
 442:	6e 7f       	andi	r22, 0xFE	; 254
 444:	66 83       	std	Z+6, r22	; 0x06
    }
    LCD_send_command(device, LCD_ENTRYMODESET | device->displayMode);
 446:	64 60       	ori	r22, 0x04	; 4
D7 D6 D5 D4 BL E RW RS
*/
void LCD_send_command(LiquidCrystalDevice_t *device, uint8_t command)
{
    // mode is 0 because when sending a command, RW is 0 and RS is 0.
    LCD_write_byte(device, command, 0);
 448:	40 e0       	ldi	r20, 0x00	; 0
 44a:	cf 01       	movw	r24, r30
 44c:	0c 94 7c 01 	jmp	0x2f8	; 0x2f8 <LCD_write_byte>
*/
void LCD_set_autoscroll(LiquidCrystalDevice_t *device, uint8_t autoscroll)
{
    if (autoscroll == LCD_ENTRY_SHIFT_INCREMENT)
    {
        device->displayMode |= LCD_ENTRY_SHIFT_INCREMENT;
 450:	69 2f       	mov	r22, r25
 452:	61 60       	ori	r22, 0x01	; 1
 454:	66 83       	std	Z+6, r22	; 0x06
    }
    else
    {
        device->displayMode &= ~LCD_ENTRY_SHIFT_INCREMENT;
    }
    LCD_send_command(device, LCD_ENTRYMODESET | device->displayMode);
 456:	64 60       	ori	r22, 0x04	; 4
D7 D6 D5 D4 BL E RW RS
*/
void LCD_send_command(LiquidCrystalDevice_t *device, uint8_t command)
{
    // mode is 0 because when sending a command, RW is 0 and RS is 0.
    LCD_write_byte(device, command, 0);
 458:	40 e0       	ldi	r20, 0x00	; 0
 45a:	cf 01       	movw	r24, r30
 45c:	0c 94 7c 01 	jmp	0x2f8	; 0x2f8 <LCD_write_byte>

00000460 <LCD_create_custom_char>:
D7 D6 D5 D4 BL E RW RS
*/
void LCD_create_custom_char(LiquidCrystalDevice_t *device,
                            uint8_t slot,
                            uint8_t charmap[8])
{
 460:	ef 92       	push	r14
 462:	ff 92       	push	r15
 464:	0f 93       	push	r16
 466:	1f 93       	push	r17
 468:	cf 93       	push	r28
 46a:	df 93       	push	r29
 46c:	8c 01       	movw	r16, r24
 46e:	7a 01       	movw	r14, r20
    uint8_t i = 0;
    // only 8 locations for custom characters 0-7
    slot &= 0x7;
 470:	67 70       	andi	r22, 0x07	; 7
    LCD_send_command(device, LCD_SETCGRAMADDR | (slot << 3));
 472:	66 0f       	add	r22, r22
 474:	66 0f       	add	r22, r22
 476:	66 0f       	add	r22, r22
 478:	60 64       	ori	r22, 0x40	; 64
D7 D6 D5 D4 BL E RW RS
*/
void LCD_send_command(LiquidCrystalDevice_t *device, uint8_t command)
{
    // mode is 0 because when sending a command, RW is 0 and RS is 0.
    LCD_write_byte(device, command, 0);
 47a:	40 e0       	ldi	r20, 0x00	; 0
 47c:	0e 94 7c 01 	call	0x2f8	; 0x2f8 <LCD_write_byte>
 480:	e7 01       	movw	r28, r14
 482:	88 e0       	ldi	r24, 0x08	; 8
 484:	e8 0e       	add	r14, r24
 486:	f1 1c       	adc	r15, r1
    slot &= 0x7;
    LCD_send_command(device, LCD_SETCGRAMADDR | (slot << 3));

    for (i = 0; i < 8; i++)
    {
        LCD_write_byte(device, charmap[i], LCD_RS_PCF8974);
 488:	69 91       	ld	r22, Y+
 48a:	41 e0       	ldi	r20, 0x01	; 1
 48c:	c8 01       	movw	r24, r16
 48e:	0e 94 7c 01 	call	0x2f8	; 0x2f8 <LCD_write_byte>
    uint8_t i = 0;
    // only 8 locations for custom characters 0-7
    slot &= 0x7;
    LCD_send_command(device, LCD_SETCGRAMADDR | (slot << 3));

    for (i = 0; i < 8; i++)
 492:	ce 15       	cp	r28, r14
 494:	df 05       	cpc	r29, r15
 496:	c1 f7       	brne	.-16     	; 0x488 <LCD_create_custom_char+0x28>
    {
        LCD_write_byte(device, charmap[i], LCD_RS_PCF8974);
    }
}
 498:	df 91       	pop	r29
 49a:	cf 91       	pop	r28
 49c:	1f 91       	pop	r17
 49e:	0f 91       	pop	r16
 4a0:	ff 90       	pop	r15
 4a2:	ef 90       	pop	r14
 4a4:	08 95       	ret

000004a6 <LCD_print>:

/*
function to write string to LCD
*/
void LCD_print(LiquidCrystalDevice_t *device, char *s)
{
 4a6:	ef 92       	push	r14
 4a8:	ff 92       	push	r15
 4aa:	0f 93       	push	r16
 4ac:	1f 93       	push	r17
 4ae:	cf 93       	push	r28
 4b0:	fb 01       	movw	r30, r22
    uint8_t i = 0;
    while (s[i] != 0x00)
 4b2:	60 81       	ld	r22, Z
 4b4:	66 23       	and	r22, r22
 4b6:	71 f0       	breq	.+28     	; 0x4d4 <LCD_print+0x2e>
 4b8:	8f 01       	movw	r16, r30
 4ba:	7c 01       	movw	r14, r24
/*
function to write string to LCD
*/
void LCD_print(LiquidCrystalDevice_t *device, char *s)
{
    uint8_t i = 0;
 4bc:	c0 e0       	ldi	r28, 0x00	; 0
    while (s[i] != 0x00)
    {
        LCD_write_byte(device, s[i], LCD_RS_PCF8974);
 4be:	41 e0       	ldi	r20, 0x01	; 1
 4c0:	c7 01       	movw	r24, r14
 4c2:	0e 94 7c 01 	call	0x2f8	; 0x2f8 <LCD_write_byte>
        i++;
 4c6:	cf 5f       	subi	r28, 0xFF	; 255
function to write string to LCD
*/
void LCD_print(LiquidCrystalDevice_t *device, char *s)
{
    uint8_t i = 0;
    while (s[i] != 0x00)
 4c8:	f8 01       	movw	r30, r16
 4ca:	ec 0f       	add	r30, r28
 4cc:	f1 1d       	adc	r31, r1
 4ce:	60 81       	ld	r22, Z
 4d0:	61 11       	cpse	r22, r1
 4d2:	f5 cf       	rjmp	.-22     	; 0x4be <LCD_print+0x18>
    {
        LCD_write_byte(device, s[i], LCD_RS_PCF8974);
        i++;
    }
}
 4d4:	cf 91       	pop	r28
 4d6:	1f 91       	pop	r17
 4d8:	0f 91       	pop	r16
 4da:	ff 90       	pop	r15
 4dc:	ef 90       	pop	r14
 4de:	08 95       	ret

000004e0 <LCD_init>:
*/
LiquidCrystalDevice_t LCD_init(uint8_t address,
                               uint8_t columns,
                               uint8_t rows,
                               uint8_t dotSize)
{
 4e0:	cf 93       	push	r28
 4e2:	df 93       	push	r29
 4e4:	cd b7       	in	r28, 0x3d	; 61
 4e6:	de b7       	in	r29, 0x3e	; 62
 4e8:	2e 97       	sbiw	r28, 0x0e	; 14
 4ea:	0f b6       	in	r0, 0x3f	; 63
 4ec:	f8 94       	cli
 4ee:	de bf       	out	0x3e, r29	; 62
 4f0:	0f be       	out	0x3f, r0	; 63
 4f2:	cd bf       	out	0x3d, r28	; 61
    LiquidCrystalDevice_t device;
    device.address = address;
 4f4:	88 87       	std	Y+8, r24	; 0x08
    device.columns = columns;
 4f6:	69 87       	std	Y+9, r22	; 0x09
    device.rows = rows;
 4f8:	4a 87       	std	Y+10, r20	; 0x0a
    // set display function to 4-bit mode, 1 line, and dotSize (either 5x8 or 5x10)
    device.displayFunction = LCD_DATA_LENGTH_4BITS | LCD_DISPLAY_1LINE | dotSize;
 4fa:	2c 87       	std	Y+12, r18	; 0x0c
    // set display control
    device.displayControl = LCD_DISPLAY_ON | LCD_CURSOR_ON | LCD_CURSOR_NOBLINK;
 4fc:	86 e0       	ldi	r24, 0x06	; 6
 4fe:	8d 87       	std	Y+13, r24	; 0x0d
    // set LCD display mode
    // set display mode to default text direction (for Roman languages)
    device.displayMode = LCD_ENTRY_SHIFT_DECREMENT | LCD_ENTRY_LEFT;
 500:	82 e0       	ldi	r24, 0x02	; 2
 502:	8e 87       	std	Y+14, r24	; 0x0e

    /*
    2 line display
    */
    if (rows > 1)
 504:	42 30       	cpi	r20, 0x02	; 2
 506:	08 f4       	brcc	.+2      	; 0x50a <LCD_init+0x2a>
 508:	77 c0       	rjmp	.+238    	; 0x5f8 <LCD_init+0x118>
    {
        device.displayFunction |= LCD_DISPLAY_2LINES;
 50a:	28 60       	ori	r18, 0x08	; 8
 50c:	2c 87       	std	Y+12, r18	; 0x0c
	#else
		//round up by default
		__ticks_dc = (uint32_t)(ceil(fabs(__tmp)));
	#endif

	__builtin_avr_delay_cycles(__ticks_dc);
 50e:	83 ed       	ldi	r24, 0xD3	; 211
 510:	90 e3       	ldi	r25, 0x30	; 48
 512:	01 97       	sbiw	r24, 0x01	; 1
 514:	f1 f7       	brne	.-4      	; 0x512 <LCD_init+0x32>
 516:	00 c0       	rjmp	.+0      	; 0x518 <LCD_init+0x38>
 518:	00 00       	nop

    /*
    commence initialization
    */
    _delay_ms(50);
    LCD_write_4bits(&device, 0x03 << 4);
 51a:	60 e3       	ldi	r22, 0x30	; 48
 51c:	ce 01       	movw	r24, r28
 51e:	08 96       	adiw	r24, 0x08	; 8
 520:	0e 94 52 01 	call	0x2a4	; 0x2a4 <LCD_write_4bits>
 524:	81 ee       	ldi	r24, 0xE1	; 225
 526:	94 e0       	ldi	r25, 0x04	; 4
 528:	01 97       	sbiw	r24, 0x01	; 1
 52a:	f1 f7       	brne	.-4      	; 0x528 <LCD_init+0x48>
 52c:	00 c0       	rjmp	.+0      	; 0x52e <LCD_init+0x4e>
 52e:	00 00       	nop
    _delay_ms(5);
    LCD_write_4bits(&device, 0x03 << 4);
 530:	60 e3       	ldi	r22, 0x30	; 48
 532:	ce 01       	movw	r24, r28
 534:	08 96       	adiw	r24, 0x08	; 8
 536:	0e 94 52 01 	call	0x2a4	; 0x2a4 <LCD_write_4bits>
 53a:	81 ee       	ldi	r24, 0xE1	; 225
 53c:	94 e0       	ldi	r25, 0x04	; 4
 53e:	01 97       	sbiw	r24, 0x01	; 1
 540:	f1 f7       	brne	.-4      	; 0x53e <LCD_init+0x5e>
 542:	00 c0       	rjmp	.+0      	; 0x544 <LCD_init+0x64>
 544:	00 00       	nop
    _delay_ms(5);
    LCD_write_4bits(&device, 0x03 << 4);
 546:	60 e3       	ldi	r22, 0x30	; 48
 548:	ce 01       	movw	r24, r28
 54a:	08 96       	adiw	r24, 0x08	; 8
 54c:	0e 94 52 01 	call	0x2a4	; 0x2a4 <LCD_write_4bits>
	#else
		//round up by default
		__ticks_dc = (uint32_t)(ceil(fabs(__tmp)));
	#endif

	__builtin_avr_delay_cycles(__ticks_dc);
 550:	92 e3       	ldi	r25, 0x32	; 50
 552:	9a 95       	dec	r25
 554:	f1 f7       	brne	.-4      	; 0x552 <LCD_init+0x72>
    _delay_us(150);

    LCD_write_4bits(&device, 0x02 << 4);
 556:	60 e2       	ldi	r22, 0x20	; 32
 558:	ce 01       	movw	r24, r28
 55a:	08 96       	adiw	r24, 0x08	; 8
 55c:	0e 94 52 01 	call	0x2a4	; 0x2a4 <LCD_write_4bits>
 560:	82 e3       	ldi	r24, 0x32	; 50
 562:	8a 95       	dec	r24
 564:	f1 f7       	brne	.-4      	; 0x562 <LCD_init+0x82>
    _delay_us(150);
    LCD_send_command(&device, LCD_FUNCTIONSET | device.displayFunction);
 566:	6c 85       	ldd	r22, Y+12	; 0x0c
 568:	60 62       	ori	r22, 0x20	; 32
D7 D6 D5 D4 BL E RW RS
*/
void LCD_send_command(LiquidCrystalDevice_t *device, uint8_t command)
{
    // mode is 0 because when sending a command, RW is 0 and RS is 0.
    LCD_write_byte(device, command, 0);
 56a:	40 e0       	ldi	r20, 0x00	; 0
 56c:	ce 01       	movw	r24, r28
 56e:	08 96       	adiw	r24, 0x08	; 8
 570:	0e 94 7c 01 	call	0x2f8	; 0x2f8 <LCD_write_byte>
    {
        device->displayControl |= LCD_DISPLAY_ON;
    }
    else
    {
        device->displayControl &= ~LCD_DISPLAY_ON;
 574:	6d 85       	ldd	r22, Y+13	; 0x0d
 576:	6b 7f       	andi	r22, 0xFB	; 251
 578:	6d 87       	std	Y+13, r22	; 0x0d
    }
    LCD_send_command(device, LCD_DISPLAYCONTROL | device->displayControl);
 57a:	68 60       	ori	r22, 0x08	; 8
D7 D6 D5 D4 BL E RW RS
*/
void LCD_send_command(LiquidCrystalDevice_t *device, uint8_t command)
{
    // mode is 0 because when sending a command, RW is 0 and RS is 0.
    LCD_write_byte(device, command, 0);
 57c:	40 e0       	ldi	r20, 0x00	; 0
 57e:	ce 01       	movw	r24, r28
 580:	08 96       	adiw	r24, 0x08	; 8
 582:	0e 94 7c 01 	call	0x2f8	; 0x2f8 <LCD_write_byte>
 586:	40 e0       	ldi	r20, 0x00	; 0
 588:	61 e0       	ldi	r22, 0x01	; 1
 58a:	ce 01       	movw	r24, r28
 58c:	08 96       	adiw	r24, 0x08	; 8
 58e:	0e 94 7c 01 	call	0x2f8	; 0x2f8 <LCD_write_byte>
 592:	83 ef       	ldi	r24, 0xF3	; 243
 594:	91 e0       	ldi	r25, 0x01	; 1
 596:	01 97       	sbiw	r24, 0x01	; 1
 598:	f1 f7       	brne	.-4      	; 0x596 <LCD_init+0xb6>
 59a:	00 c0       	rjmp	.+0      	; 0x59c <LCD_init+0xbc>
 59c:	00 00       	nop
    _delay_us(150);
    LCD_send_command(&device, LCD_FUNCTIONSET | device.displayFunction);

    LCD_set_display_state(&device, LCD_DISPLAY_OFF);
    LCD_clear(&device);
    LCD_send_command(&device, LCD_ENTRYMODESET | device.displayMode);
 59e:	6e 85       	ldd	r22, Y+14	; 0x0e
 5a0:	64 60       	ori	r22, 0x04	; 4
D7 D6 D5 D4 BL E RW RS
*/
void LCD_send_command(LiquidCrystalDevice_t *device, uint8_t command)
{
    // mode is 0 because when sending a command, RW is 0 and RS is 0.
    LCD_write_byte(device, command, 0);
 5a2:	40 e0       	ldi	r20, 0x00	; 0
 5a4:	ce 01       	movw	r24, r28
 5a6:	08 96       	adiw	r24, 0x08	; 8
 5a8:	0e 94 7c 01 	call	0x2f8	; 0x2f8 <LCD_write_byte>
 5ac:	40 e0       	ldi	r20, 0x00	; 0
 5ae:	62 e0       	ldi	r22, 0x02	; 2
 5b0:	ce 01       	movw	r24, r28
 5b2:	08 96       	adiw	r24, 0x08	; 8
 5b4:	0e 94 7c 01 	call	0x2f8	; 0x2f8 <LCD_write_byte>
 5b8:	83 ef       	ldi	r24, 0xF3	; 243
 5ba:	91 e0       	ldi	r25, 0x01	; 1
 5bc:	01 97       	sbiw	r24, 0x01	; 1
 5be:	f1 f7       	brne	.-4      	; 0x5bc <LCD_init+0xdc>
 5c0:	00 c0       	rjmp	.+0      	; 0x5c2 <LCD_init+0xe2>
 5c2:	00 00       	nop

    LCD_set_display_state(&device, LCD_DISPLAY_OFF);
    LCD_clear(&device);
    LCD_send_command(&device, LCD_ENTRYMODESET | device.displayMode);
    LCD_return_home(&device);
    return device;
 5c4:	87 e0       	ldi	r24, 0x07	; 7
 5c6:	fe 01       	movw	r30, r28
 5c8:	38 96       	adiw	r30, 0x08	; 8
 5ca:	de 01       	movw	r26, r28
 5cc:	11 96       	adiw	r26, 0x01	; 1
 5ce:	01 90       	ld	r0, Z+
 5d0:	0d 92       	st	X+, r0
 5d2:	8a 95       	dec	r24
 5d4:	e1 f7       	brne	.-8      	; 0x5ce <LCD_init+0xee>
 5d6:	29 81       	ldd	r18, Y+1	; 0x01
 5d8:	3a 81       	ldd	r19, Y+2	; 0x02
 5da:	4b 81       	ldd	r20, Y+3	; 0x03
 5dc:	5c 81       	ldd	r21, Y+4	; 0x04
 5de:	6d 81       	ldd	r22, Y+5	; 0x05
 5e0:	7e 81       	ldd	r23, Y+6	; 0x06
}
 5e2:	8f 81       	ldd	r24, Y+7	; 0x07
 5e4:	90 e0       	ldi	r25, 0x00	; 0
 5e6:	2e 96       	adiw	r28, 0x0e	; 14
 5e8:	0f b6       	in	r0, 0x3f	; 63
 5ea:	f8 94       	cli
 5ec:	de bf       	out	0x3e, r29	; 62
 5ee:	0f be       	out	0x3f, r0	; 63
 5f0:	cd bf       	out	0x3d, r28	; 61
 5f2:	df 91       	pop	r29
 5f4:	cf 91       	pop	r28
 5f6:	08 95       	ret
    }

    /*
    5x10 character font
    */
    if (dotSize > LCD_CHARACTER_FONT_5X8 && rows == 1)
 5f8:	22 23       	and	r18, r18
 5fa:	09 f4       	brne	.+2      	; 0x5fe <LCD_init+0x11e>
 5fc:	88 cf       	rjmp	.-240    	; 0x50e <LCD_init+0x2e>
 5fe:	41 30       	cpi	r20, 0x01	; 1
 600:	09 f0       	breq	.+2      	; 0x604 <LCD_init+0x124>
 602:	85 cf       	rjmp	.-246    	; 0x50e <LCD_init+0x2e>
    {
        device.displayFunction |= LCD_CHARACTER_FONT_5X10;
 604:	24 60       	ori	r18, 0x04	; 4
 606:	2c 87       	std	Y+12, r18	; 0x0c
 608:	82 cf       	rjmp	.-252    	; 0x50e <LCD_init+0x2e>

0000060a <LCD_transmitI2C>:
 60a:	fc 01       	movw	r30, r24
 60c:	23 81       	ldd	r18, Z+3	; 0x03
 60e:	62 2b       	or	r22, r18
 610:	80 81       	ld	r24, Z
 612:	0c 94 b2 00 	jmp	0x164	; 0x164 <i2c_master_send_byte>

00000616 <main>:

int main(void)
{
 616:	cf 93       	push	r28
 618:	df 93       	push	r29
 61a:	cd b7       	in	r28, 0x3d	; 61
 61c:	de b7       	in	r29, 0x3e	; 62
 61e:	67 97       	sbiw	r28, 0x17	; 23
 620:	0f b6       	in	r0, 0x3f	; 63
 622:	f8 94       	cli
 624:	de bf       	out	0x3e, r29	; 62
 626:	0f be       	out	0x3f, r0	; 63
 628:	cd bf       	out	0x3d, r28	; 61
    ioinit();
 62a:	0e 94 53 00 	call	0xa6	; 0xa6 <ioinit>
    char str[16];
    i2c_master_init(I2C_SCL_FREQUENCY_400K);
 62e:	80 e8       	ldi	r24, 0x80	; 128
 630:	9a e1       	ldi	r25, 0x1A	; 26
 632:	0e 94 ac 00 	call	0x158	; 0x158 <i2c_master_init>
    // i2c_master_send_byte(PCF8574_ADDR, 0x08);
    // _delay_ms(5000);
    // i2c_master_send_byte(PCF8574_ADDR, 0);
    LiquidCrystalDevice_t lcd;
    lcd = LCD_init(PCF8574_ADDR, 16, 2, LCD_CHARACTER_FONT_5X8);
 636:	20 e0       	ldi	r18, 0x00	; 0
 638:	42 e0       	ldi	r20, 0x02	; 2
 63a:	60 e1       	ldi	r22, 0x10	; 16
 63c:	8f e3       	ldi	r24, 0x3F	; 63
 63e:	0e 94 70 02 	call	0x4e0	; 0x4e0 <LCD_init>
 642:	29 8b       	std	Y+17, r18	; 0x11
 644:	3a 8b       	std	Y+18, r19	; 0x12
 646:	4b 8b       	std	Y+19, r20	; 0x13
 648:	5c 8b       	std	Y+20, r21	; 0x14
 64a:	6d 8b       	std	Y+21, r22	; 0x15
 64c:	7e 8b       	std	Y+22, r23	; 0x16
 64e:	8f 8b       	std	Y+23, r24	; 0x17
	#else
		//round up by default
		__ticks_dc = (uint32_t)(ceil(fabs(__tmp)));
	#endif

	__builtin_avr_delay_cycles(__ticks_dc);
 650:	2f ef       	ldi	r18, 0xFF	; 255
 652:	83 ed       	ldi	r24, 0xD3	; 211
 654:	90 e3       	ldi	r25, 0x30	; 48
 656:	21 50       	subi	r18, 0x01	; 1
 658:	80 40       	sbci	r24, 0x00	; 0
 65a:	90 40       	sbci	r25, 0x00	; 0
 65c:	e1 f7       	brne	.-8      	; 0x656 <main+0x40>
 65e:	00 c0       	rjmp	.+0      	; 0x660 <main+0x4a>
 660:	00 00       	nop
    _delay_ms(1000);
    LCD_clear(&lcd);
 662:	ce 01       	movw	r24, r28
 664:	41 96       	adiw	r24, 0x11	; 17
 666:	0e 94 96 01 	call	0x32c	; 0x32c <LCD_clear>
 66a:	2f ef       	ldi	r18, 0xFF	; 255
 66c:	89 e6       	ldi	r24, 0x69	; 105
 66e:	98 e1       	ldi	r25, 0x18	; 24
 670:	21 50       	subi	r18, 0x01	; 1
 672:	80 40       	sbci	r24, 0x00	; 0
 674:	90 40       	sbci	r25, 0x00	; 0
 676:	e1 f7       	brne	.-8      	; 0x670 <main+0x5a>
 678:	00 c0       	rjmp	.+0      	; 0x67a <main+0x64>
 67a:	00 00       	nop
    _delay_ms(500);
    LCD_set_backlight(&lcd, LCD_BACKLIGHT_OFF);
 67c:	60 e0       	ldi	r22, 0x00	; 0
 67e:	ce 01       	movw	r24, r28
 680:	41 96       	adiw	r24, 0x11	; 17
 682:	0e 94 44 01 	call	0x288	; 0x288 <LCD_set_backlight>
 686:	2f ef       	ldi	r18, 0xFF	; 255
 688:	89 e6       	ldi	r24, 0x69	; 105
 68a:	98 e1       	ldi	r25, 0x18	; 24
 68c:	21 50       	subi	r18, 0x01	; 1
 68e:	80 40       	sbci	r24, 0x00	; 0
 690:	90 40       	sbci	r25, 0x00	; 0
 692:	e1 f7       	brne	.-8      	; 0x68c <main+0x76>
 694:	00 c0       	rjmp	.+0      	; 0x696 <main+0x80>
 696:	00 00       	nop
    _delay_ms(500);
    LCD_set_backlight(&lcd, LCD_BACKLIGHT_ON);
 698:	68 e0       	ldi	r22, 0x08	; 8
 69a:	ce 01       	movw	r24, r28
 69c:	41 96       	adiw	r24, 0x11	; 17
 69e:	0e 94 44 01 	call	0x288	; 0x288 <LCD_set_backlight>
 6a2:	2f ef       	ldi	r18, 0xFF	; 255
 6a4:	89 e6       	ldi	r24, 0x69	; 105
 6a6:	98 e1       	ldi	r25, 0x18	; 24
 6a8:	21 50       	subi	r18, 0x01	; 1
 6aa:	80 40       	sbci	r24, 0x00	; 0
 6ac:	90 40       	sbci	r25, 0x00	; 0
 6ae:	e1 f7       	brne	.-8      	; 0x6a8 <main+0x92>
 6b0:	00 c0       	rjmp	.+0      	; 0x6b2 <main+0x9c>
 6b2:	00 00       	nop
    _delay_ms(500);
    LCD_set_display_state(&lcd, LCD_DISPLAY_ON);
 6b4:	64 e0       	ldi	r22, 0x04	; 4
 6b6:	ce 01       	movw	r24, r28
 6b8:	41 96       	adiw	r24, 0x11	; 17
 6ba:	0e 94 c8 01 	call	0x390	; 0x390 <LCD_set_display_state>

    LCD_return_home(&lcd);
 6be:	ce 01       	movw	r24, r28
 6c0:	41 96       	adiw	r24, 0x11	; 17
 6c2:	0e 94 bd 01 	call	0x37a	; 0x37a <LCD_return_home>
    LCD_set_cursor_state(&lcd, LCD_CURSOR_ON);
 6c6:	62 e0       	ldi	r22, 0x02	; 2
 6c8:	ce 01       	movw	r24, r28
 6ca:	41 96       	adiw	r24, 0x11	; 17
 6cc:	0e 94 dc 01 	call	0x3b8	; 0x3b8 <LCD_set_cursor_state>
    LCD_set_cursor_blink(&lcd, LCD_CURSOR_BLINK);
 6d0:	61 e0       	ldi	r22, 0x01	; 1
 6d2:	ce 01       	movw	r24, r28
 6d4:	41 96       	adiw	r24, 0x11	; 17
 6d6:	0e 94 f0 01 	call	0x3e0	; 0x3e0 <LCD_set_cursor_blink>
 6da:	2f ef       	ldi	r18, 0xFF	; 255
 6dc:	89 e6       	ldi	r24, 0x69	; 105
 6de:	98 e1       	ldi	r25, 0x18	; 24
 6e0:	21 50       	subi	r18, 0x01	; 1
 6e2:	80 40       	sbci	r24, 0x00	; 0
 6e4:	90 40       	sbci	r25, 0x00	; 0
 6e6:	e1 f7       	brne	.-8      	; 0x6e0 <main+0xca>
 6e8:	00 c0       	rjmp	.+0      	; 0x6ea <main+0xd4>
 6ea:	00 00       	nop
    _delay_ms(500);
    strncpy(str, "Hello world i2c0", 16);
 6ec:	80 e1       	ldi	r24, 0x10	; 16
 6ee:	ee e2       	ldi	r30, 0x2E	; 46
 6f0:	f1 e0       	ldi	r31, 0x01	; 1
 6f2:	de 01       	movw	r26, r28
 6f4:	11 96       	adiw	r26, 0x01	; 1
 6f6:	01 90       	ld	r0, Z+
 6f8:	0d 92       	st	X+, r0
 6fa:	8a 95       	dec	r24
 6fc:	e1 f7       	brne	.-8      	; 0x6f6 <main+0xe0>
    LCD_print(&lcd, str);
 6fe:	be 01       	movw	r22, r28
 700:	6f 5f       	subi	r22, 0xFF	; 255
 702:	7f 4f       	sbci	r23, 0xFF	; 255
 704:	ce 01       	movw	r24, r28
 706:	41 96       	adiw	r24, 0x11	; 17
 708:	0e 94 53 02 	call	0x4a6	; 0x4a6 <LCD_print>
 70c:	2f ef       	ldi	r18, 0xFF	; 255
 70e:	89 e6       	ldi	r24, 0x69	; 105
 710:	98 e1       	ldi	r25, 0x18	; 24
 712:	21 50       	subi	r18, 0x01	; 1
 714:	80 40       	sbci	r24, 0x00	; 0
 716:	90 40       	sbci	r25, 0x00	; 0
 718:	e1 f7       	brne	.-8      	; 0x712 <main+0xfc>
 71a:	00 c0       	rjmp	.+0      	; 0x71c <main+0x106>
 71c:	00 00       	nop
    _delay_ms(500);

    LCD_set_cursor(&lcd, 1, 0);
 71e:	40 e0       	ldi	r20, 0x00	; 0
 720:	61 e0       	ldi	r22, 0x01	; 1
 722:	ce 01       	movw	r24, r28
 724:	41 96       	adiw	r24, 0x11	; 17
 726:	0e 94 a1 01 	call	0x342	; 0x342 <LCD_set_cursor>
    strncpy(str, "Hello world i2c1", 16);
 72a:	80 e1       	ldi	r24, 0x10	; 16
 72c:	ef e3       	ldi	r30, 0x3F	; 63
 72e:	f1 e0       	ldi	r31, 0x01	; 1
 730:	de 01       	movw	r26, r28
 732:	11 96       	adiw	r26, 0x01	; 1
 734:	01 90       	ld	r0, Z+
 736:	0d 92       	st	X+, r0
 738:	8a 95       	dec	r24
 73a:	e1 f7       	brne	.-8      	; 0x734 <main+0x11e>
    LCD_print(&lcd, str);
 73c:	be 01       	movw	r22, r28
 73e:	6f 5f       	subi	r22, 0xFF	; 255
 740:	7f 4f       	sbci	r23, 0xFF	; 255
 742:	ce 01       	movw	r24, r28
 744:	41 96       	adiw	r24, 0x11	; 17
 746:	0e 94 53 02 	call	0x4a6	; 0x4a6 <LCD_print>
    {
        // LCD_set_backlight(&lcd, LCD_BACKLIGHT_OFF);
        // _delay_ms(500);
        // LCD_set_backlight(&lcd, LCD_BACKLIGHT_ON);
        // _delay_ms(500);
        strncpy(str, "LCD i2c0", 16);
 74a:	40 e1       	ldi	r20, 0x10	; 16
 74c:	50 e0       	ldi	r21, 0x00	; 0
 74e:	60 e5       	ldi	r22, 0x50	; 80
 750:	71 e0       	ldi	r23, 0x01	; 1
 752:	ce 01       	movw	r24, r28
 754:	01 96       	adiw	r24, 0x01	; 1
 756:	0e 94 ea 03 	call	0x7d4	; 0x7d4 <strncpy>
        LCD_print(&lcd, str);
 75a:	be 01       	movw	r22, r28
 75c:	6f 5f       	subi	r22, 0xFF	; 255
 75e:	7f 4f       	sbci	r23, 0xFF	; 255
 760:	ce 01       	movw	r24, r28
 762:	41 96       	adiw	r24, 0x11	; 17
 764:	0e 94 53 02 	call	0x4a6	; 0x4a6 <LCD_print>
 768:	2f ef       	ldi	r18, 0xFF	; 255
 76a:	83 ed       	ldi	r24, 0xD3	; 211
 76c:	90 e3       	ldi	r25, 0x30	; 48
 76e:	21 50       	subi	r18, 0x01	; 1
 770:	80 40       	sbci	r24, 0x00	; 0
 772:	90 40       	sbci	r25, 0x00	; 0
 774:	e1 f7       	brne	.-8      	; 0x76e <main+0x158>
 776:	00 c0       	rjmp	.+0      	; 0x778 <main+0x162>
 778:	00 00       	nop
        _delay_ms(1000);

        LCD_set_cursor(&lcd, 1, 0);
 77a:	40 e0       	ldi	r20, 0x00	; 0
 77c:	61 e0       	ldi	r22, 0x01	; 1
 77e:	ce 01       	movw	r24, r28
 780:	41 96       	adiw	r24, 0x11	; 17
 782:	0e 94 a1 01 	call	0x342	; 0x342 <LCD_set_cursor>
        strncpy(str, "Hello world i2c1", 16);
 786:	80 e1       	ldi	r24, 0x10	; 16
 788:	ef e3       	ldi	r30, 0x3F	; 63
 78a:	f1 e0       	ldi	r31, 0x01	; 1
 78c:	de 01       	movw	r26, r28
 78e:	11 96       	adiw	r26, 0x01	; 1
 790:	01 90       	ld	r0, Z+
 792:	0d 92       	st	X+, r0
 794:	8a 95       	dec	r24
 796:	e1 f7       	brne	.-8      	; 0x790 <main+0x17a>
        LCD_print(&lcd, str);
 798:	be 01       	movw	r22, r28
 79a:	6f 5f       	subi	r22, 0xFF	; 255
 79c:	7f 4f       	sbci	r23, 0xFF	; 255
 79e:	ce 01       	movw	r24, r28
 7a0:	41 96       	adiw	r24, 0x11	; 17
 7a2:	0e 94 53 02 	call	0x4a6	; 0x4a6 <LCD_print>
 7a6:	2f ef       	ldi	r18, 0xFF	; 255
 7a8:	83 ed       	ldi	r24, 0xD3	; 211
 7aa:	90 e3       	ldi	r25, 0x30	; 48
 7ac:	21 50       	subi	r18, 0x01	; 1
 7ae:	80 40       	sbci	r24, 0x00	; 0
 7b0:	90 40       	sbci	r25, 0x00	; 0
 7b2:	e1 f7       	brne	.-8      	; 0x7ac <main+0x196>
 7b4:	00 c0       	rjmp	.+0      	; 0x7b6 <main+0x1a0>
 7b6:	00 00       	nop
        _delay_ms(1000);
        LCD_clear(&lcd);
 7b8:	ce 01       	movw	r24, r28
 7ba:	41 96       	adiw	r24, 0x11	; 17
 7bc:	0e 94 96 01 	call	0x32c	; 0x32c <LCD_clear>
 7c0:	2f ef       	ldi	r18, 0xFF	; 255
 7c2:	83 ed       	ldi	r24, 0xD3	; 211
 7c4:	90 e3       	ldi	r25, 0x30	; 48
 7c6:	21 50       	subi	r18, 0x01	; 1
 7c8:	80 40       	sbci	r24, 0x00	; 0
 7ca:	90 40       	sbci	r25, 0x00	; 0
 7cc:	e1 f7       	brne	.-8      	; 0x7c6 <main+0x1b0>
 7ce:	00 c0       	rjmp	.+0      	; 0x7d0 <main+0x1ba>
 7d0:	00 00       	nop
 7d2:	bb cf       	rjmp	.-138    	; 0x74a <main+0x134>

000007d4 <strncpy>:
 7d4:	fb 01       	movw	r30, r22
 7d6:	dc 01       	movw	r26, r24
 7d8:	41 50       	subi	r20, 0x01	; 1
 7da:	50 40       	sbci	r21, 0x00	; 0
 7dc:	48 f0       	brcs	.+18     	; 0x7f0 <strncpy+0x1c>
 7de:	01 90       	ld	r0, Z+
 7e0:	0d 92       	st	X+, r0
 7e2:	00 20       	and	r0, r0
 7e4:	c9 f7       	brne	.-14     	; 0x7d8 <strncpy+0x4>
 7e6:	01 c0       	rjmp	.+2      	; 0x7ea <strncpy+0x16>
 7e8:	1d 92       	st	X+, r1
 7ea:	41 50       	subi	r20, 0x01	; 1
 7ec:	50 40       	sbci	r21, 0x00	; 0
 7ee:	e0 f7       	brcc	.-8      	; 0x7e8 <strncpy+0x14>
 7f0:	08 95       	ret

000007f2 <_exit>:
 7f2:	f8 94       	cli

000007f4 <__stop_program>:
 7f4:	ff cf       	rjmp	.-2      	; 0x7f4 <__stop_program>
